Archive member included because of file (symbol)

c:/software/altera/10.1/nios2eds/bin/gnu/h-i686-mingw32/bin/../lib/gcc/nios2-elf/4.1.2/../../../../nios2-elf/lib/mno-hw-mul\libc.a(lib_a-puts.o)
                              obj/hello_world.o (puts)
c:/software/altera/10.1/nios2eds/bin/gnu/h-i686-mingw32/bin/../lib/gcc/nios2-elf/4.1.2/../../../../nios2-elf/lib/mno-hw-mul\libc.a(lib_a-strlen.o)
                              c:/software/altera/10.1/nios2eds/bin/gnu/h-i686-mingw32/bin/../lib/gcc/nios2-elf/4.1.2/../../../../nios2-elf/lib/mno-hw-mul\libc.a(lib_a-puts.o) (strlen)
c:/software/altera/10.1/nios2eds/bin/gnu/h-i686-mingw32/bin/../lib/gcc/nios2-elf/4.1.2/../../../../nios2-elf/lib/mno-hw-mul\libc.a(lib_a-fvwrite.o)
                              c:/software/altera/10.1/nios2eds/bin/gnu/h-i686-mingw32/bin/../lib/gcc/nios2-elf/4.1.2/../../../../nios2-elf/lib/mno-hw-mul\libc.a(lib_a-puts.o) (__sfvwrite_r)
c:/software/altera/10.1/nios2eds/bin/gnu/h-i686-mingw32/bin/../lib/gcc/nios2-elf/4.1.2/../../../../nios2-elf/lib/mno-hw-mul\libc.a(lib_a-impure.o)
                              c:/software/altera/10.1/nios2eds/bin/gnu/h-i686-mingw32/bin/../lib/gcc/nios2-elf/4.1.2/../../../../nios2-elf/lib/mno-hw-mul\libc.a(lib_a-puts.o) (_impure_ptr)
c:/software/altera/10.1/nios2eds/bin/gnu/h-i686-mingw32/bin/../lib/gcc/nios2-elf/4.1.2/../../../../nios2-elf/lib/mno-hw-mul\libc.a(lib_a-mallocr.o)
                              c:/software/altera/10.1/nios2eds/bin/gnu/h-i686-mingw32/bin/../lib/gcc/nios2-elf/4.1.2/../../../../nios2-elf/lib/mno-hw-mul\libc.a(lib_a-fvwrite.o) (_malloc_r)
c:/software/altera/10.1/nios2eds/bin/gnu/h-i686-mingw32/bin/../lib/gcc/nios2-elf/4.1.2/../../../../nios2-elf/lib/mno-hw-mul\libc.a(lib_a-memchr.o)
                              c:/software/altera/10.1/nios2eds/bin/gnu/h-i686-mingw32/bin/../lib/gcc/nios2-elf/4.1.2/../../../../nios2-elf/lib/mno-hw-mul\libc.a(lib_a-fvwrite.o) (memchr)
c:/software/altera/10.1/nios2eds/bin/gnu/h-i686-mingw32/bin/../lib/gcc/nios2-elf/4.1.2/../../../../nios2-elf/lib/mno-hw-mul\libc.a(lib_a-memcpy.o)
                              c:/software/altera/10.1/nios2eds/bin/gnu/h-i686-mingw32/bin/../lib/gcc/nios2-elf/4.1.2/../../../../nios2-elf/lib/mno-hw-mul\libc.a(lib_a-fvwrite.o) (memcpy)
c:/software/altera/10.1/nios2eds/bin/gnu/h-i686-mingw32/bin/../lib/gcc/nios2-elf/4.1.2/../../../../nios2-elf/lib/mno-hw-mul\libc.a(lib_a-memmove.o)
                              c:/software/altera/10.1/nios2eds/bin/gnu/h-i686-mingw32/bin/../lib/gcc/nios2-elf/4.1.2/../../../../nios2-elf/lib/mno-hw-mul\libc.a(lib_a-fvwrite.o) (memmove)
c:/software/altera/10.1/nios2eds/bin/gnu/h-i686-mingw32/bin/../lib/gcc/nios2-elf/4.1.2/../../../../nios2-elf/lib/mno-hw-mul\libc.a(lib_a-reallocr.o)
                              c:/software/altera/10.1/nios2eds/bin/gnu/h-i686-mingw32/bin/../lib/gcc/nios2-elf/4.1.2/../../../../nios2-elf/lib/mno-hw-mul\libc.a(lib_a-fvwrite.o) (_realloc_r)
c:/software/altera/10.1/nios2eds/bin/gnu/h-i686-mingw32/bin/../lib/gcc/nios2-elf/4.1.2/../../../../nios2-elf/lib/mno-hw-mul\libc.a(lib_a-sbrkr.o)
                              c:/software/altera/10.1/nios2eds/bin/gnu/h-i686-mingw32/bin/../lib/gcc/nios2-elf/4.1.2/../../../../nios2-elf/lib/mno-hw-mul\libc.a(lib_a-mallocr.o) (_sbrk_r)
c:/software/altera/10.1/nios2eds/bin/gnu/h-i686-mingw32/bin/../lib/gcc/nios2-elf/4.1.2/../../../../nios2-elf/lib/mno-hw-mul\libc.a(lib_a-wsetup.o)
                              c:/software/altera/10.1/nios2eds/bin/gnu/h-i686-mingw32/bin/../lib/gcc/nios2-elf/4.1.2/../../../../nios2-elf/lib/mno-hw-mul\libc.a(lib_a-fvwrite.o) (__swsetup_r)
c:/software/altera/10.1/nios2eds/bin/gnu/h-i686-mingw32/bin/../lib/gcc/nios2-elf/4.1.2/../../../../nios2-elf/lib/mno-hw-mul\libc.a(lib_a-fflush.o)
                              c:/software/altera/10.1/nios2eds/bin/gnu/h-i686-mingw32/bin/../lib/gcc/nios2-elf/4.1.2/../../../../nios2-elf/lib/mno-hw-mul\libc.a(lib_a-fvwrite.o) (_fflush_r)
c:/software/altera/10.1/nios2eds/bin/gnu/h-i686-mingw32/bin/../lib/gcc/nios2-elf/4.1.2/../../../../nios2-elf/lib/mno-hw-mul\libc.a(lib_a-findfp.o)
                              c:/software/altera/10.1/nios2eds/bin/gnu/h-i686-mingw32/bin/../lib/gcc/nios2-elf/4.1.2/../../../../nios2-elf/lib/mno-hw-mul\libc.a(lib_a-wsetup.o) (__sinit)
c:/software/altera/10.1/nios2eds/bin/gnu/h-i686-mingw32/bin/../lib/gcc/nios2-elf/4.1.2/../../../../nios2-elf/lib/mno-hw-mul\libc.a(lib_a-freer.o)
                              c:/software/altera/10.1/nios2eds/bin/gnu/h-i686-mingw32/bin/../lib/gcc/nios2-elf/4.1.2/../../../../nios2-elf/lib/mno-hw-mul\libc.a(lib_a-fvwrite.o) (_free_r)
c:/software/altera/10.1/nios2eds/bin/gnu/h-i686-mingw32/bin/../lib/gcc/nios2-elf/4.1.2/../../../../nios2-elf/lib/mno-hw-mul\libc.a(lib_a-fwalk.o)
                              c:/software/altera/10.1/nios2eds/bin/gnu/h-i686-mingw32/bin/../lib/gcc/nios2-elf/4.1.2/../../../../nios2-elf/lib/mno-hw-mul\libc.a(lib_a-fflush.o) (_fwalk_reent)
[...]
Memory Configuration

Name             Origin             Length             Attributes
reset            0x00800000         0x00000020
sdram_0          0x00800020         0x007fffe0
*default*        0x00000000         0xffffffff

Linker script and memory map

LOAD ../hello_world_bsp/obj/HAL/src/crt0.o
LOAD obj/hello_world.o
LOAD c:/software/altera/10.1/nios2eds/bin/gnu/h-i686-mingw32/bin/../lib/gcc/nios2-elf/4.1.2/../../../../nios2-elf/lib/mno-hw-mul\libstdc++.a
LOAD c:/software/altera/10.1/nios2eds/bin/gnu/h-i686-mingw32/bin/../lib/gcc/nios2-elf/4.1.2/../../../../nios2-elf/lib/mno-hw-mul\libm.a
LOAD c:/software/altera/10.1/nios2eds/bin/gnu/h-i686-mingw32/bin/../lib/gcc/nios2-elf/4.1.2/mno-hw-mul\libgcc.a
START GROUP
LOAD c:/software/altera/10.1/nios2eds/bin/gnu/h-i686-mingw32/bin/../lib/gcc/nios2-elf/4.1.2/../../../../nios2-elf/lib/mno-hw-mul\libc.a
LOAD c:/software/altera/10.1/nios2eds/bin/gnu/h-i686-mingw32/bin/../lib/gcc/nios2-elf/4.1.2/mno-hw-mul\libgcc.a
LOAD ../hello_world_bsp\libhal_bsp.a
END GROUP
LOAD c:/software/altera/10.1/nios2eds/bin/gnu/h-i686-mingw32/bin/../lib/gcc/nios2-elf/4.1.2/mno-hw-mul\libgcc.a
                0x00800000                __alt_mem_sdram_0 = 0x800000

.entry          0x00800000       0x20
 *(.entry)
 .entry         0x00800000       0x20 ../hello_world_bsp/obj/HAL/src/crt0.o
                0x00800000                __reset

.exceptions     0x00800020      0x194
                0x00800020                PROVIDE (__ram_exceptions_start, ABSOLUTE (.))
                0x00800020                . = ALIGN (0x20)
 *(.irq)
 *(.exceptions.entry.label)
 .exceptions.entry.label
                0x00800020        0x0 ../hello_world_bsp\libhal_bsp.a(alt_irq_entry.o)
                0x00800020                alt_irq_entry
 .exceptions.entry.label
                0x00800020        0x0 ../hello_world_bsp\libhal_bsp.a(alt_exception_entry.o)
                0x00800020                alt_exception
 *(.exceptions.entry.user)
 *(.exceptions.entry)
 .exceptions.entry
                0x00800020       0x54 ../hello_world_bsp\libhal_bsp.a(alt_exception_entry.o)
 *(.exceptions.irqtest.user)
 *(.exceptions.irqtest)
 .exceptions.irqtest
                0x00800074       0x10 ../hello_world_bsp\libhal_bsp.a(alt_irq_entry.o)
 *(.exceptions.irqhandler.user)
 *(.exceptions.irqhandler)
 .exceptions.irqhandler
                0x00800084        0x4 ../hello_world_bsp\libhal_bsp.a(alt_irq_entry.o)
 *(.exceptions.irqreturn.user)
 *(.exceptions.irqreturn)
 .exceptions.irqreturn
                0x00800088        0x4 ../hello_world_bsp\libhal_bsp.a(alt_irq_entry.o)
 *(.exceptions.notirq.label)
 .exceptions.notirq.label
                0x0080008c        0x0 ../hello_world_bsp\libhal_bsp.a(alt_irq_entry.o)
 *(.exceptions.notirq.user)
 *(.exceptions.notirq)
 .exceptions.notirq
                0x0080008c        0x8 ../hello_world_bsp\libhal_bsp.a(alt_exception_entry.o)
 *(.exceptions.soft.user)
 *(.exceptions.soft)
 *(.exceptions.unknown.user)
 *(.exceptions.unknown)
 .exceptions.unknown
                0x00800094        0x4 ../hello_world_bsp\libhal_bsp.a(alt_exception_entry.o)
 *(.exceptions.exit.label)
 .exceptions.exit.label
                0x00800098        0x0 ../hello_world_bsp\libhal_bsp.a(alt_irq_entry.o)
 .exceptions.exit.label
                0x00800098        0x0 ../hello_world_bsp\libhal_bsp.a(alt_exception_entry.o)
 *(.exceptions.exit.user)
 *(.exceptions.exit)
 .exceptions.exit
                0x00800098       0x54 ../hello_world_bsp\libhal_bsp.a(alt_exception_entry.o)
 *(.exceptions)
 .exceptions    0x008000ec       0xc8 ../hello_world_bsp\libhal_bsp.a(alt_irq_handler.o)
                0x008000ec                alt_irq_handler
                0x008001b4                PROVIDE (__ram_exceptions_end, ABSOLUTE (.))
                0x00800020                PROVIDE (__flash_exceptions_start, LOADADDR (.exceptions))

.text           0x008001b4     0x6798
                0x008001b4                PROVIDE (stext, ABSOLUTE (.))
 *(.interp)
 *(.hash)
 *(.dynsym)
 *(.dynstr)
 *(.gnu.version)
 *(.gnu.version_d)
 *(.gnu.version_r)
 *(.rel.init)
 *(.rela.init)
 *(.rel.text .rel.text.* .rel.gnu.linkonce.t.*)
 *(.rela.text .rela.text.* .rela.gnu.linkonce.t.*)
 *(.rel.fini)
 *(.rela.fini)
 *(.rel.rodata .rel.rodata.* .rel.gnu.linkonce.r.*)
 *(.rela.rodata .rela.rodata.* .rela.gnu.linkonce.r.*)
 *(.rel.data .rel.data.* .rel.gnu.linkonce.d.*)
 *(.rela.data .rela.data.* .rela.gnu.linkonce.d.*)
 *(.rel.tdata .rel.tdata.* .rel.gnu.linkonce.td.*)
 *(.rela.tdata .rela.tdata.* .rela.gnu.linkonce.td.*)
 *(.rel.tbss .rel.tbss.* .rel.gnu.linkonce.tb.*)
 *(.rela.tbss .rela.tbss.* .rela.gnu.linkonce.tb.*)
 *(.rel.ctors)
 *(.rela.ctors)
 *(.rel.dtors)
 *(.rela.dtors)
 *(.rel.got)
 *(.rela.got)
 *(.rel.sdata .rel.sdata.* .rel.gnu.linkonce.s.*)
 *(.rela.sdata .rela.sdata.* .rela.gnu.linkonce.s.*)
 *(.rel.sbss .rel.sbss.* .rel.gnu.linkonce.sb.*)
 *(.rela.sbss .rela.sbss.* .rela.gnu.linkonce.sb.*)
 *(.rel.sdata2 .rel.sdata2.* .rel.gnu.linkonce.s2.*)
 *(.rela.sdata2 .rela.sdata2.* .rela.gnu.linkonce.s2.*)
 *(.rel.sbss2 .rel.sbss2.* .rel.gnu.linkonce.sb2.*)
 *(.rela.sbss2 .rela.sbss2.* .rela.gnu.linkonce.sb2.*)
 *(.rel.bss .rel.bss.* .rel.gnu.linkonce.b.*)
 *(.rela.bss .rela.bss.* .rela.gnu.linkonce.b.*)
 *(.rel.plt)
 *(.rela.plt)
 *(.rel.dyn)
 *(.init)
 *(.plt)
 *(.text .stub .text.* .gnu.linkonce.t.*)
 .text          0x008001b4       0x3c ../hello_world_bsp/obj/HAL/src/crt0.o
                0x008001b4                _start
 .text          0x008001f0       0x34 obj/hello_world.o
                0x008001f0                main
 .text          0x00800224       0xb4 c:/software/altera/10.1/nios2eds/bin/gnu/h-i686-mingw32/bin/../lib/gcc/nios2-elf/4.1.2/../../../../nios2-elf/lib/mno-hw-mul\libc.a(lib_a-puts.o)
                0x00800224                _puts_r
                0x008002c4                puts
 .text          0x008002d8       0x74 c:/software/altera/10.1/nios2eds/bin/gnu/h-i686-mingw32/bin/../lib/gcc/nios2-elf/4.1.2/../../../../nios2-elf/lib/mno-hw-mul\libc.a(lib_a-strlen.o)
                0x008002d8                strlen
 .text          0x0080034c      0x49c c:/software/altera/10.1/nios2eds/bin/gnu/h-i686-mingw32/bin/../lib/gcc/nios2-elf/4.1.2/../../../../nios2-elf/lib/mno-hw-mul\libc.a(lib_a-fvwrite.o)
                0x0080034c                __sfvwrite_r
 .text          0x008007e8        0x0 c:/software/altera/10.1/nios2eds/bin/gnu/h-i686-mingw32/bin/../lib/gcc/nios2-elf/4.1.2/../../../../nios2-elf/lib/mno-hw-mul\libc.a(lib_a-impure.o)
 .text          0x008007e8      0x740 c:/software/altera/10.1/nios2eds/bin/gnu/h-i686-mingw32/bin/../lib/gcc/nios2-elf/4.1.2/../../../../nios2-elf/lib/mno-hw-mul\libc.a(lib_a-mallocr.o)
                0x008007e8                _malloc_r
 .text          0x00800f28       0xe4 c:/software/altera/10.1/nios2eds/bin/gnu/h-i686-mingw32/bin/../lib/gcc/nios2-elf/4.1.2/../../../../nios2-elf/lib/mno-hw-mul\libc.a(lib_a-memchr.o)
                0x00800f28                memchr
 .text          0x0080100c       0xa0 c:/software/altera/10.1/nios2eds/bin/gnu/h-i686-mingw32/bin/../lib/gcc/nios2-elf/4.1.2/../../../../nios2-elf/lib/mno-hw-mul\libc.a(lib_a-memcpy.o)
                0x0080100c                memcpy
 .text          0x008010ac       0xe0 c:/software/altera/10.1/nios2eds/bin/gnu/h-i686-mingw32/bin/../lib/gcc/nios2-elf/4.1.2/../../../../nios2-elf/lib/mno-hw-mul\libc.a(lib_a-memmove.o)
                0x008010ac                memmove
 .text          0x0080118c      0x5f4 c:/software/altera/10.1/nios2eds/bin/gnu/h-i686-mingw32/bin/../lib/gcc/nios2-elf/4.1.2/../../../../nios2-elf/lib/mno-hw-mul\libc.a(lib_a-reallocr.o)
                0x0080118c                _realloc_r
 .text          0x00801780       0x70 c:/software/altera/10.1/nios2eds/bin/gnu/h-i686-mingw32/bin/../lib/gcc/nios2-elf/4.1.2/../../../../nios2-elf/lib/mno-hw-mul\libc.a(lib_a-sbrkr.o)
                0x00801780                _sbrk_r
 .text          0x008017f0      0x13c c:/software/altera/10.1/nios2eds/bin/gnu/h-i686-mingw32/bin/../lib/gcc/nios2-elf/4.1.2/../../../../nios2-elf/lib/mno-hw-mul\libc.a(lib_a-wsetup.o)
                0x008017f0                __swsetup_r
 .text          0x0080192c      0x230 c:/software/altera/10.1/nios2eds/bin/gnu/h-i686-mingw32/bin/../lib/gcc/nios2-elf/4.1.2/../../../../nios2-elf/lib/mno-hw-mul\libc.a(lib_a-fflush.o)
                0x0080192c                _fflush_r
                0x00801b28                fflush
 .text          0x00801b5c      0x2f4 c:/software/altera/10.1/nios2eds/bin/gnu/h-i686-mingw32/bin/../lib/gcc/nios2-elf/4.1.2/../../../../nios2-elf/lib/mno-hw-mul\libc.a(lib_a-findfp.o)
                0x00801bb4                __sfp_lock_acquire
                0x00801bb8                __sfp_lock_release
                0x00801bbc                __sinit_lock_acquire
                0x00801bc0                __sinit_lock_release
                0x00801bc4                __sinit
                0x00801c78                __fp_unlock_all
                0x00801c90                __fp_lock_all
                0x00801ca8                _cleanup_r
                0x00801cb4                _cleanup
                0x00801cc4                __sfmoreglue
                0x00801d60                __sfp
 .text          0x00801e50      0x440 c:/software/altera/10.1/nios2eds/bin/gnu/h-i686-mingw32/bin/../lib/gcc/nios2-elf/4.1.2/../../../../nios2-elf/lib/mno-hw-mul\libc.a(lib_a-freer.o)
                0x00801e50                _malloc_trim_r
                0x00801f7c                _free_r
 .text          0x00802290      0x180 c:/software/altera/10.1/nios2eds/bin/gnu/h-i686-mingw32/bin/../lib/gcc/nios2-elf/4.1.2/../../../../nios2-elf/lib/mno-hw-mul\libc.a(lib_a-fwalk.o)
                0x00802290                _fwalk_reent
                0x00802358                _fwalk
 .text          0x00802410        0x0 c:/software/altera/10.1/nios2eds/bin/gnu/h-i686-mingw32/bin/../lib/gcc/nios2-elf/4.1.2/../../../../nios2-elf/lib/mno-hw-mul\libc.a(lib_a-int_errno.o)
 .text          0x00802410      0x194 c:/software/altera/10.1/nios2eds/bin/gnu/h-i686-mingw32/bin/../lib/gcc/nios2-elf/4.1.2/../../../../nios2-elf/lib/mno-hw-mul\libc.a(lib_a-makebuf.o)
                0x00802410                __smakebuf_r
 .text          0x008025a4       0x98 c:/software/altera/10.1/nios2eds/bin/gnu/h-i686-mingw32/bin/../lib/gcc/nios2-elf/4.1.2/../../../../nios2-elf/lib/mno-hw-mul\libc.a(lib_a-memset.o)
                0x008025a4                memset
 .text          0x0080263c      0x14c c:/software/altera/10.1/nios2eds/bin/gnu/h-i686-mingw32/bin/../lib/gcc/nios2-elf/4.1.2/../../../../nios2-elf/lib/mno-hw-mul\libc.a(lib_a-stdio.o)
                0x0080263c                __sclose
                0x00802644                __sseek
                0x008026ac                __swrite
                0x00802728                __sread
 .text          0x00802788       0x78 c:/software/altera/10.1/nios2eds/bin/gnu/h-i686-mingw32/bin/../lib/gcc/nios2-elf/4.1.2/../../../../nios2-elf/lib/mno-hw-mul\libc.a(lib_a-writer.o)
                0x00802788                _write_r
 .text          0x00802800       0x70 c:/software/altera/10.1/nios2eds/bin/gnu/h-i686-mingw32/bin/../lib/gcc/nios2-elf/4.1.2/../../../../nios2-elf/lib/mno-hw-mul\libc.a(lib_a-closer.o)
                0x00802800                _close_r
 .text          0x00802870      0x124 c:/software/altera/10.1/nios2eds/bin/gnu/h-i686-mingw32/bin/../lib/gcc/nios2-elf/4.1.2/../../../../nios2-elf/lib/mno-hw-mul\libc.a(lib_a-fclose.o)
                0x00802870                _fclose_r
                0x00802980                fclose
 .text          0x00802994       0x74 c:/software/altera/10.1/nios2eds/bin/gnu/h-i686-mingw32/bin/../lib/gcc/nios2-elf/4.1.2/../../../../nios2-elf/lib/mno-hw-mul\libc.a(lib_a-fstatr.o)
                0x00802994                _fstat_r
 .text          0x00802a08       0x70 c:/software/altera/10.1/nios2eds/bin/gnu/h-i686-mingw32/bin/../lib/gcc/nios2-elf/4.1.2/../../../../nios2-elf/lib/mno-hw-mul\libc.a(lib_a-isattyr.o)
                0x00802a08                _isatty_r
 .text          0x00802a78       0x78 c:/software/altera/10.1/nios2eds/bin/gnu/h-i686-mingw32/bin/../lib/gcc/nios2-elf/4.1.2/../../../../nios2-elf/lib/mno-hw-mul\libc.a(lib_a-lseekr.o)
                0x00802a78                _lseek_r
 .text          0x00802af0       0x78 c:/software/altera/10.1/nios2eds/bin/gnu/h-i686-mingw32/bin/../lib/gcc/nios2-elf/4.1.2/../../../../nios2-elf/lib/mno-hw-mul\libc.a(lib_a-readr.o)
                0x00802af0                _read_r
 .text          0x00802b68       0x38 c:/software/altera/10.1/nios2eds/bin/gnu/h-i686-mingw32/bin/../lib/gcc/nios2-elf/4.1.2/mno-hw-mul\libgcc.a(lib2-mul.o)
                0x00802b68                __mulsi3
 .text          0x00802ba0      0x160 ../hello_world_bsp\libhal_bsp.a(alt_close.o)
                0x00802ba0                close
 .text          0x00802d00       0x2c ../hello_world_bsp\libhal_bsp.a(alt_dev.o)
 .text          0x00802d2c        0x0 ../hello_world_bsp\libhal_bsp.a(alt_errno.o)
 .text          0x00802d2c      0x138 ../hello_world_bsp\libhal_bsp.a(alt_fstat.o)
                0x00802d2c                fstat
 .text          0x00802e64      0x124 ../hello_world_bsp\libhal_bsp.a(alt_isatty.o)
                0x00802e64                isatty
 .text          0x00802f88       0xec ../hello_world_bsp\libhal_bsp.a(alt_load.o)
                0x00802f88                alt_load
 .text          0x00803074      0x154 ../hello_world_bsp\libhal_bsp.a(alt_lseek.o)
                0x00803074                lseek
 .text          0x008031c8       0x6c ../hello_world_bsp\libhal_bsp.a(alt_main.o)
                0x008031c8                alt_main
 .text          0x00803234       0x40 ../hello_world_bsp\libhal_bsp.a(alt_malloc_lock.o)
                0x00803234                __malloc_lock
                0x00803254                __malloc_unlock
 .text          0x00803274      0x184 ../hello_world_bsp\libhal_bsp.a(alt_read.o)
                0x00803274                read
 .text          0x008033f8       0x78 ../hello_world_bsp\libhal_bsp.a(alt_release_fd.o)
                0x008033f8                alt_release_fd
 .text          0x00803470       0xbc ../hello_world_bsp\libhal_bsp.a(alt_sbrk.o)
                0x00803470                sbrk
 .text          0x0080352c      0x184 ../hello_world_bsp\libhal_bsp.a(alt_write.o)
                0x0080352c                write
 .text          0x008036b0       0xe0 ../hello_world_bsp\libhal_bsp.a(alt_sys_init.o)
                0x008036b0                alt_irq_init
                0x008036e4                alt_sys_init
 .text          0x00803790      0x148 ../hello_world_bsp\libhal_bsp.a(altera_avalon_jtag_uart_fd.o)
                0x00803790                altera_avalon_jtag_uart_read_fd
                0x008037e8                altera_avalon_jtag_uart_write_fd
                0x00803840                altera_avalon_jtag_uart_close_fd
                0x00803888                altera_avalon_jtag_uart_ioctl_fd
 .text          0x008038d8      0x40c ../hello_world_bsp\libhal_bsp.a(altera_avalon_jtag_uart_init.o)
                0x008038d8                altera_avalon_jtag_uart_init
                0x00803c70                altera_avalon_jtag_uart_close
 .text          0x00803ce4       0xf4 ../hello_world_bsp\libhal_bsp.a(altera_avalon_jtag_uart_ioctl.o)
                0x00803ce4                altera_avalon_jtag_uart_ioctl
 .text          0x00803dd8      0x224 ../hello_world_bsp\libhal_bsp.a(altera_avalon_jtag_uart_read.o)
                0x00803dd8                altera_avalon_jtag_uart_read
 .text          0x00803ffc      0x240 ../hello_world_bsp\libhal_bsp.a(altera_avalon_jtag_uart_write.o)
                0x00803ffc                altera_avalon_jtag_uart_write
 .text          0x0080423c      0xf80 ../hello_world_bsp\libhal_bsp.a(altera_avalon_lcd_16207.o)
                0x00804a78                altera_avalon_lcd_16207_write
                0x00805080                altera_avalon_lcd_16207_init
 .text          0x008051bc       0x58 ../hello_world_bsp\libhal_bsp.a(altera_avalon_lcd_16207_fd.o)
                0x008051bc                altera_avalon_lcd_16207_write_fd
 .text          0x00805214      0x100 ../hello_world_bsp\libhal_bsp.a(altera_avalon_timer_sc.o)
                0x00805284                alt_avalon_timer_sc_init
 .text          0x00805314      0x154 ../hello_world_bsp\libhal_bsp.a(alt_alarm_start.o)
                0x00805314                alt_alarm_start
 .text          0x00805468       0x1c ../hello_world_bsp\libhal_bsp.a(alt_dcache_flush_all.o)
                0x00805468                alt_dcache_flush_all
 .text          0x00805484      0x114 ../hello_world_bsp\libhal_bsp.a(alt_dev_llist_insert.o)
                0x00805484                alt_dev_llist_insert
 .text          0x00805598       0x64 ../hello_world_bsp\libhal_bsp.a(alt_do_ctors.o)
                0x00805598                _do_ctors
 .text          0x008055fc       0x64 ../hello_world_bsp\libhal_bsp.a(alt_do_dtors.o)
                0x008055fc                _do_dtors
 .text          0x00805660       0x30 ../hello_world_bsp\libhal_bsp.a(alt_icache_flush_all.o)
                0x00805660                alt_icache_flush_all
 .text          0x00805690      0x1d4 ../hello_world_bsp\libhal_bsp.a(alt_iic.o)
                0x00805690                alt_ic_isr_register
                0x008056e0                alt_ic_irq_enable
                0x0080577c                alt_ic_irq_disable
                0x0080581c                alt_ic_irq_enabled
 .text          0x00805864       0xf8 ../hello_world_bsp\libhal_bsp.a(alt_iic_isr_register.o)
                0x00805864                alt_iic_isr_register
 .text          0x0080595c      0x150 ../hello_world_bsp\libhal_bsp.a(alt_io_redirect.o)
                0x00805a34                alt_io_redirect
 .text          0x00805aac        0x0 ../hello_world_bsp\libhal_bsp.a(alt_irq_entry.o)
 .text          0x00805aac        0x0 ../hello_world_bsp\libhal_bsp.a(alt_irq_handler.o)
 .text          0x00805aac        0x0 ../hello_world_bsp\libhal_bsp.a(alt_irq_vars.o)
 .text          0x00805aac      0x2e4 ../hello_world_bsp\libhal_bsp.a(alt_open.o)
                0x00805ba4                open
 .text          0x00805d90      0x1a4 ../hello_world_bsp\libhal_bsp.a(alt_tick.o)
                0x00805d90                alt_alarm_stop
                0x00805e28                alt_tick
 .text          0x00805f34       0x30 ../hello_world_bsp\libhal_bsp.a(alt_usleep.o)
                0x00805f34                usleep
 .text          0x00805f64       0x20 ../hello_world_bsp\libhal_bsp.a(altera_nios2_irq.o)
                0x00805f64                altera_nios2_irq_init
 .text          0x00805f84      0x15c ../hello_world_bsp\libhal_bsp.a(alt_busy_sleep.o)
                0x00805f84                alt_busy_sleep
 .text          0x008060e0        0x0 ../hello_world_bsp\libhal_bsp.a(alt_exception_entry.o)
 .text          0x008060e0       0x94 ../hello_world_bsp\libhal_bsp.a(alt_find_dev.o)
                0x008060e0                alt_find_dev
 .text          0x00806174      0x120 ../hello_world_bsp\libhal_bsp.a(alt_find_file.o)
                0x00806174                alt_find_file
 .text          0x00806294       0xd0 ../hello_world_bsp\libhal_bsp.a(alt_get_fd.o)
                0x00806294                alt_get_fd
 .text          0x00806364       0x90 ../hello_world_bsp\libhal_bsp.a(alt_icache_flush.o)
                0x00806364                alt_icache_flush
 .text          0x008063f4       0x14 c:/software/altera/10.1/nios2eds/bin/gnu/h-i686-mingw32/bin/../lib/gcc/nios2-elf/4.1.2/../../../../nios2-elf/lib/mno-hw-mul\libc.a(lib_a-atexit.o)
                0x008063f4                atexit
 .text          0x00806408        0x0 c:/software/altera/10.1/nios2eds/bin/gnu/h-i686-mingw32/bin/../lib/gcc/nios2-elf/4.1.2/../../../../nios2-elf/lib/mno-hw-mul\libc.a(lib_a-ctype_.o)
 .text          0x00806408       0x38 c:/software/altera/10.1/nios2eds/bin/gnu/h-i686-mingw32/bin/../lib/gcc/nios2-elf/4.1.2/../../../../nios2-elf/lib/mno-hw-mul\libc.a(lib_a-exit.o)
                0x00806408                exit
 .text          0x00806440       0x74 c:/software/altera/10.1/nios2eds/bin/gnu/h-i686-mingw32/bin/../lib/gcc/nios2-elf/4.1.2/../../../../nios2-elf/lib/mno-hw-mul\libc.a(lib_a-memcmp.o)
                0x00806440                memcmp
 .text          0x008064b4      0x134 c:/software/altera/10.1/nios2eds/bin/gnu/h-i686-mingw32/bin/../lib/gcc/nios2-elf/4.1.2/../../../../nios2-elf/lib/mno-hw-mul\libc.a(lib_a-__atexit.o)
                0x008064b4                __register_exitproc
 .text          0x008065e8      0x1b4 c:/software/altera/10.1/nios2eds/bin/gnu/h-i686-mingw32/bin/../lib/gcc/nios2-elf/4.1.2/../../../../nios2-elf/lib/mno-hw-mul\libc.a(lib_a-__call_atexit.o)
                0x008065ec                __call_exitprocs
 .text          0x0080679c      0x14c c:/software/altera/10.1/nios2eds/bin/gnu/h-i686-mingw32/bin/../lib/gcc/nios2-elf/4.1.2/mno-hw-mul\libgcc.a(lib2-divmod.o)
                0x00806818                __divsi3
                0x00806878                __modsi3
                0x008068d8                __udivsi3
                0x008068e0                __umodsi3
 .text          0x008068e8       0x60 ../hello_world_bsp\libhal_bsp.a(alt_exit.o)
                0x00806928                _exit
 *(.gnu.warning.*)
 *(.fini)
                0x00806948                PROVIDE (__etext, ABSOLUTE (.))
                0x00806948                PROVIDE (_etext, ABSOLUTE (.))
                0x00806948                PROVIDE (etext, ABSOLUTE (.))
 *(.eh_frame_hdr)
                0x00806948                . = ALIGN (0x4)
                0x00806948                PROVIDE (__preinit_array_start, ABSOLUTE (.))
 *(.preinit_array)
                0x00806948                PROVIDE (__preinit_array_end, ABSOLUTE (.))
                0x00806948                PROVIDE (__init_array_start, ABSOLUTE (.))
 *(.init_array)
                0x00806948                PROVIDE (__init_array_end, ABSOLUTE (.))
                0x00806948                PROVIDE (__fini_array_start, ABSOLUTE (.))
 *(.fini_array)
                0x00806948                PROVIDE (__fini_array_end, ABSOLUTE (.))
 *(.eh_frame)
 *(.gcc_except_table)
 *(.dynamic)
                0x00806948                PROVIDE (__CTOR_LIST__, ABSOLUTE (.))
 *(.ctors)
 *(SORT(.ctors.*))
 .ctors.65535   0x00806948        0x4 c:/software/altera/10.1/nios2eds/bin/gnu/h-i686-mingw32/bin/../lib/gcc/nios2-elf/4.1.2/../../../../nios2-elf/lib/mno-hw-mul\libc.a(lib_a-__call_atexit.o)
                0x0080694c                PROVIDE (__CTOR_END__, ABSOLUTE (.))
                0x0080694c                PROVIDE (__DTOR_LIST__, ABSOLUTE (.))
 *(.dtors)
 *(SORT(.dtors.*))
                0x0080694c                PROVIDE (__DTOR_END__, ABSOLUTE (.))
 *(.jcr)
                0x0080694c                . = ALIGN (0x4)

.rodata         0x0080694c      0x300
                0x0080694c                PROVIDE (__ram_rodata_start, ABSOLUTE (.))
                0x0080694c                . = ALIGN (0x4)
 *(.rodata .rodata.* .gnu.linkonce.r.*)
 .rodata        0x0080694c       0x2c obj/hello_world.o
 .rodata.str1.4
                0x00806978        0x2 c:/software/altera/10.1/nios2eds/bin/gnu/h-i686-mingw32/bin/../lib/gcc/nios2-elf/4.1.2/../../../../nios2-elf/lib/mno-hw-mul\libc.a(lib_a-puts.o)
                                  0x4 (size before relaxing)
 *fill*         0x0080697a        0x2 00
 .rodata.str1.4
                0x0080697c        0x4 c:/software/altera/10.1/nios2eds/bin/gnu/h-i686-mingw32/bin/../lib/gcc/nios2-elf/4.1.2/../../../../nios2-elf/lib/mno-hw-mul\libc.a(lib_a-impure.o)
 .rodata        0x00806980        0xc ../hello_world_bsp\libhal_bsp.a(alt_dev.o)
 .rodata        0x0080698c       0x14 ../hello_world_bsp\libhal_bsp.a(alt_main.o)
 .rodata        0x008069a0       0x28 ../hello_world_bsp\libhal_bsp.a(alt_sys_init.o)
 .rodata        0x008069c8      0x281 c:/software/altera/10.1/nios2eds/bin/gnu/h-i686-mingw32/bin/../lib/gcc/nios2-elf/4.1.2/../../../../nios2-elf/lib/mno-hw-mul\libc.a(lib_a-ctype_.o)
                0x008069c8                _ctype_
 *(.rodata1)
                0x00806c4c                . = ALIGN (0x4)
 *fill*         0x00806c49        0x3 00
                0x00806c4c                PROVIDE (__ram_rodata_end, ABSOLUTE (.))
                0x0080694c                PROVIDE (__flash_rodata_start, LOADADDR (.rodata))

.rwdata         0x00806c4c     0x1b70 load address 0x008087bc
                0x00806c4c                PROVIDE (__ram_rwdata_start, ABSOLUTE (.))
                0x00806c4c                . = ALIGN (0x4)
 *(.got.plt)
 *(.got)
 *(.data1)
 *(.data .data.* .gnu.linkonce.d.*)
 .data          0x00806c4c        0x0 ../hello_world_bsp/obj/HAL/src/crt0.o
 .data          0x00806c4c        0x0 obj/hello_world.o
 .data          0x00806c4c        0x0 c:/software/altera/10.1/nios2eds/bin/gnu/h-i686-mingw32/bin/../lib/gcc/nios2-elf/4.1.2/../../../../nios2-elf/lib/mno-hw-mul\libc.a(lib_a-puts.o)
 .data          0x00806c4c        0x0 c:/software/altera/10.1/nios2eds/bin/gnu/h-i686-mingw32/bin/../lib/gcc/nios2-elf/4.1.2/../../../../nios2-elf/lib/mno-hw-mul\libc.a(lib_a-strlen.o)
 .data          0x00806c4c        0x0 c:/software/altera/10.1/nios2eds/bin/gnu/h-i686-mingw32/bin/../lib/gcc/nios2-elf/4.1.2/../../../../nios2-elf/lib/mno-hw-mul\libc.a(lib_a-fvwrite.o)
 .data          0x00806c4c      0x400 c:/software/altera/10.1/nios2eds/bin/gnu/h-i686-mingw32/bin/../lib/gcc/nios2-elf/4.1.2/../../../../nios2-elf/lib/mno-hw-mul\libc.a(lib_a-impure.o)
 .data          0x0080704c      0x408 c:/software/altera/10.1/nios2eds/bin/gnu/h-i686-mingw32/bin/../lib/gcc/nios2-elf/4.1.2/../../../../nios2-elf/lib/mno-hw-mul\libc.a(lib_a-mallocr.o)
                0x0080704c                __malloc_av_
 .data          0x00807454        0x0 c:/software/altera/10.1/nios2eds/bin/gnu/h-i686-mingw32/bin/../lib/gcc/nios2-elf/4.1.2/../../../../nios2-elf/lib/mno-hw-mul\libc.a(lib_a-memchr.o)
 .data          0x00807454        0x0 c:/software/altera/10.1/nios2eds/bin/gnu/h-i686-mingw32/bin/../lib/gcc/nios2-elf/4.1.2/../../../../nios2-elf/lib/mno-hw-mul\libc.a(lib_a-memcpy.o)
 .data          0x00807454        0x0 c:/software/altera/10.1/nios2eds/bin/gnu/h-i686-mingw32/bin/../lib/gcc/nios2-elf/4.1.2/../../../../nios2-elf/lib/mno-hw-mul\libc.a(lib_a-memmove.o)
 .data          0x00807454        0x0 c:/software/altera/10.1/nios2eds/bin/gnu/h-i686-mingw32/bin/../lib/gcc/nios2-elf/4.1.2/../../../../nios2-elf/lib/mno-hw-mul\libc.a(lib_a-reallocr.o)
 .data          0x00807454        0x0 c:/software/altera/10.1/nios2eds/bin/gnu/h-i686-mingw32/bin/../lib/gcc/nios2-elf/4.1.2/../../../../nios2-elf/lib/mno-hw-mul\libc.a(lib_a-sbrkr.o)
 .data          0x00807454        0x0 c:/software/altera/10.1/nios2eds/bin/gnu/h-i686-mingw32/bin/../lib/gcc/nios2-elf/4.1.2/../../../../nios2-elf/lib/mno-hw-mul\libc.a(lib_a-wsetup.o)
 .data          0x00807454        0x0 c:/software/altera/10.1/nios2eds/bin/gnu/h-i686-mingw32/bin/../lib/gcc/nios2-elf/4.1.2/../../../../nios2-elf/lib/mno-hw-mul\libc.a(lib_a-fflush.o)
 .data          0x00807454        0x0 c:/software/altera/10.1/nios2eds/bin/gnu/h-i686-mingw32/bin/../lib/gcc/nios2-elf/4.1.2/../../../../nios2-elf/lib/mno-hw-mul\libc.a(lib_a-findfp.o)
 .data          0x00807454        0x0 c:/software/altera/10.1/nios2eds/bin/gnu/h-i686-mingw32/bin/../lib/gcc/nios2-elf/4.1.2/../../../../nios2-elf/lib/mno-hw-mul\libc.a(lib_a-freer.o)
 .data          0x00807454        0x0 c:/software/altera/10.1/nios2eds/bin/gnu/h-i686-mingw32/bin/../lib/gcc/nios2-elf/4.1.2/../../../../nios2-elf/lib/mno-hw-mul\libc.a(lib_a-fwalk.o)
 .data          0x00807454        0x0 c:/software/altera/10.1/nios2eds/bin/gnu/h-i686-mingw32/bin/../lib/gcc/nios2-elf/4.1.2/../../../../nios2-elf/lib/mno-hw-mul\libc.a(lib_a-int_errno.o)
 .data          0x00807454        0x0 c:/software/altera/10.1/nios2eds/bin/gnu/h-i686-mingw32/bin/../lib/gcc/nios2-elf/4.1.2/../../../../nios2-elf/lib/mno-hw-mul\libc.a(lib_a-makebuf.o)
 .data          0x00807454        0x0 c:/software/altera/10.1/nios2eds/bin/gnu/h-i686-mingw32/bin/../lib/gcc/nios2-elf/4.1.2/../../../../nios2-elf/lib/mno-hw-mul\libc.a(lib_a-memset.o)
 .data          0x00807454        0x0 c:/software/altera/10.1/nios2eds/bin/gnu/h-i686-mingw32/bin/../lib/gcc/nios2-elf/4.1.2/../../../../nios2-elf/lib/mno-hw-mul\libc.a(lib_a-stdio.o)
 .data          0x00807454        0x0 c:/software/altera/10.1/nios2eds/bin/gnu/h-i686-mingw32/bin/../lib/gcc/nios2-elf/4.1.2/../../../../nios2-elf/lib/mno-hw-mul\libc.a(lib_a-writer.o)
 .data          0x00807454        0x0 c:/software/altera/10.1/nios2eds/bin/gnu/h-i686-mingw32/bin/../lib/gcc/nios2-elf/4.1.2/../../../../nios2-elf/lib/mno-hw-mul\libc.a(lib_a-closer.o)
 .data          0x00807454        0x0 c:/software/altera/10.1/nios2eds/bin/gnu/h-i686-mingw32/bin/../lib/gcc/nios2-elf/4.1.2/../../../../nios2-elf/lib/mno-hw-mul\libc.a(lib_a-fclose.o)
 .data          0x00807454        0x0 c:/software/altera/10.1/nios2eds/bin/gnu/h-i686-mingw32/bin/../lib/gcc/nios2-elf/4.1.2/../../../../nios2-elf/lib/mno-hw-mul\libc.a(lib_a-fstatr.o)
 .data          0x00807454        0x0 c:/software/altera/10.1/nios2eds/bin/gnu/h-i686-mingw32/bin/../lib/gcc/nios2-elf/4.1.2/../../../../nios2-elf/lib/mno-hw-mul\libc.a(lib_a-isattyr.o)
 .data          0x00807454        0x0 c:/software/altera/10.1/nios2eds/bin/gnu/h-i686-mingw32/bin/../lib/gcc/nios2-elf/4.1.2/../../../../nios2-elf/lib/mno-hw-mul\libc.a(lib_a-lseekr.o)
 .data          0x00807454        0x0 c:/software/altera/10.1/nios2eds/bin/gnu/h-i686-mingw32/bin/../lib/gcc/nios2-elf/4.1.2/../../../../nios2-elf/lib/mno-hw-mul\libc.a(lib_a-readr.o)
 .data          0x00807454        0x0 c:/software/altera/10.1/nios2eds/bin/gnu/h-i686-mingw32/bin/../lib/gcc/nios2-elf/4.1.2/mno-hw-mul\libgcc.a(lib2-mul.o)
 .data          0x00807454        0x0 ../hello_world_bsp\libhal_bsp.a(alt_close.o)
 .data          0x00807454      0x1a8 ../hello_world_bsp\libhal_bsp.a(alt_dev.o)
                0x00807454                alt_dev_null
                0x0080747c                alt_fd_list
 .data          0x008075fc        0x0 ../hello_world_bsp\libhal_bsp.a(alt_errno.o)
 .data          0x008075fc        0x0 ../hello_world_bsp\libhal_bsp.a(alt_fstat.o)
 .data          0x008075fc        0x0 ../hello_world_bsp\libhal_bsp.a(alt_isatty.o)
 .data          0x008075fc        0x0 ../hello_world_bsp\libhal_bsp.a(alt_load.o)
 .data          0x008075fc        0x0 ../hello_world_bsp\libhal_bsp.a(alt_lseek.o)
 .data          0x008075fc        0x0 ../hello_world_bsp\libhal_bsp.a(alt_main.o)
 .data          0x008075fc        0x0 ../hello_world_bsp\libhal_bsp.a(alt_malloc_lock.o)
 .data          0x008075fc        0x0 ../hello_world_bsp\libhal_bsp.a(alt_read.o)
 .data          0x008075fc        0x0 ../hello_world_bsp\libhal_bsp.a(alt_release_fd.o)
 .data          0x008075fc        0x0 ../hello_world_bsp\libhal_bsp.a(alt_sbrk.o)
 .data          0x008075fc        0x0 ../hello_world_bsp\libhal_bsp.a(alt_write.o)
 .data          0x008075fc     0x1180 ../hello_world_bsp\libhal_bsp.a(alt_sys_init.o)
 .data          0x0080877c        0x0 ../hello_world_bsp\libhal_bsp.a(altera_avalon_jtag_uart_fd.o)
 .data          0x0080877c        0x0 ../hello_world_bsp\libhal_bsp.a(altera_avalon_jtag_uart_init.o)
 .data          0x0080877c        0x0 ../hello_world_bsp\libhal_bsp.a(altera_avalon_jtag_uart_ioctl.o)
 .data          0x0080877c        0x0 ../hello_world_bsp\libhal_bsp.a(altera_avalon_jtag_uart_read.o)
 .data          0x0080877c        0x0 ../hello_world_bsp\libhal_bsp.a(altera_avalon_jtag_uart_write.o)
 .data          0x0080877c        0x0 ../hello_world_bsp\libhal_bsp.a(altera_avalon_lcd_16207.o)
 .data          0x0080877c        0x0 ../hello_world_bsp\libhal_bsp.a(altera_avalon_lcd_16207_fd.o)
 .data          0x0080877c        0x0 ../hello_world_bsp\libhal_bsp.a(altera_avalon_timer_sc.o)
 .data          0x0080877c        0x0 ../hello_world_bsp\libhal_bsp.a(alt_alarm_start.o)
 .data          0x0080877c        0x0 ../hello_world_bsp\libhal_bsp.a(alt_dcache_flush_all.o)
 .data          0x0080877c        0x0 ../hello_world_bsp\libhal_bsp.a(alt_dev_llist_insert.o)
 .data          0x0080877c        0x0 ../hello_world_bsp\libhal_bsp.a(alt_do_ctors.o)
 .data          0x0080877c        0x0 ../hello_world_bsp\libhal_bsp.a(alt_do_dtors.o)
 .data          0x0080877c        0x0 ../hello_world_bsp\libhal_bsp.a(alt_icache_flush_all.o)
 .data          0x0080877c        0x0 ../hello_world_bsp\libhal_bsp.a(alt_iic.o)
 .data          0x0080877c        0x0 ../hello_world_bsp\libhal_bsp.a(alt_iic_isr_register.o)
 .data          0x0080877c        0x0 ../hello_world_bsp\libhal_bsp.a(alt_io_redirect.o)
 .data          0x0080877c        0x0 ../hello_world_bsp\libhal_bsp.a(alt_irq_entry.o)
 .data          0x0080877c        0x0 ../hello_world_bsp\libhal_bsp.a(alt_irq_handler.o)
 .data          0x0080877c        0x0 ../hello_world_bsp\libhal_bsp.a(alt_irq_vars.o)
 .data          0x0080877c        0x0 ../hello_world_bsp\libhal_bsp.a(alt_open.o)
 .data          0x0080877c        0x0 ../hello_world_bsp\libhal_bsp.a(alt_tick.o)
 .data          0x0080877c        0x0 ../hello_world_bsp\libhal_bsp.a(alt_usleep.o)
 .data          0x0080877c        0x0 ../hello_world_bsp\libhal_bsp.a(altera_nios2_irq.o)
 .data          0x0080877c        0x0 ../hello_world_bsp\libhal_bsp.a(alt_busy_sleep.o)
 .data          0x0080877c        0x0 ../hello_world_bsp\libhal_bsp.a(alt_exception_entry.o)
 .data          0x0080877c        0x0 ../hello_world_bsp\libhal_bsp.a(alt_find_dev.o)
 .data          0x0080877c        0x0 ../hello_world_bsp\libhal_bsp.a(alt_find_file.o)
 .data          0x0080877c        0x0 ../hello_world_bsp\libhal_bsp.a(alt_get_fd.o)
 .data          0x0080877c        0x0 ../hello_world_bsp\libhal_bsp.a(alt_icache_flush.o)
 .data          0x0080877c        0x0 c:/software/altera/10.1/nios2eds/bin/gnu/h-i686-mingw32/bin/../lib/gcc/nios2-elf/4.1.2/../../../../nios2-elf/lib/mno-hw-mul\libc.a(lib_a-atexit.o)
 .data          0x0080877c        0x0 c:/software/altera/10.1/nios2eds/bin/gnu/h-i686-mingw32/bin/../lib/gcc/nios2-elf/4.1.2/../../../../nios2-elf/lib/mno-hw-mul\libc.a(lib_a-ctype_.o)
 .data          0x0080877c        0x0 c:/software/altera/10.1/nios2eds/bin/gnu/h-i686-mingw32/bin/../lib/gcc/nios2-elf/4.1.2/../../../../nios2-elf/lib/mno-hw-mul\libc.a(lib_a-exit.o)
 .data          0x0080877c        0x0 c:/software/altera/10.1/nios2eds/bin/gnu/h-i686-mingw32/bin/../lib/gcc/nios2-elf/4.1.2/../../../../nios2-elf/lib/mno-hw-mul\libc.a(lib_a-memcmp.o)
 .data          0x0080877c        0x0 c:/software/altera/10.1/nios2eds/bin/gnu/h-i686-mingw32/bin/../lib/gcc/nios2-elf/4.1.2/../../../../nios2-elf/lib/mno-hw-mul\libc.a(lib_a-__atexit.o)
 .data          0x0080877c        0x0 c:/software/altera/10.1/nios2eds/bin/gnu/h-i686-mingw32/bin/../lib/gcc/nios2-elf/4.1.2/../../../../nios2-elf/lib/mno-hw-mul\libc.a(lib_a-__call_atexit.o)
 .data          0x0080877c        0x0 c:/software/altera/10.1/nios2eds/bin/gnu/h-i686-mingw32/bin/../lib/gcc/nios2-elf/4.1.2/mno-hw-mul\libgcc.a(lib2-divmod.o)
 .data          0x0080877c        0x0 ../hello_world_bsp\libhal_bsp.a(alt_exit.o)
                0x0081077c                _gp = ABSOLUTE ((. + 0x8000))
                0x0081077c                PROVIDE (gp, _gp)
 *(.sdata .sdata.* .gnu.linkonce.s.*)
 .sdata         0x0080877c        0x8 c:/software/altera/10.1/nios2eds/bin/gnu/h-i686-mingw32/bin/../lib/gcc/nios2-elf/4.1.2/../../../../nios2-elf/lib/mno-hw-mul\libc.a(lib_a-impure.o)
                0x0080877c                _impure_ptr
                0x00808780                _global_impure_ptr
 .sdata         0x00808784        0x8 c:/software/altera/10.1/nios2eds/bin/gnu/h-i686-mingw32/bin/../lib/gcc/nios2-elf/4.1.2/../../../../nios2-elf/lib/mno-hw-mul\libc.a(lib_a-mallocr.o)
                0x00808784                __malloc_trim_threshold
                0x00808788                __malloc_sbrk_base
 .sdata         0x0080878c       0x14 ../hello_world_bsp\libhal_bsp.a(alt_dev.o)
                0x0080878c                alt_fs_list
                0x00808794                alt_dev_list
                0x0080879c                alt_max_fd
 .sdata         0x008087a0        0x4 ../hello_world_bsp\libhal_bsp.a(alt_errno.o)
                0x008087a0                alt_errno
 .sdata         0x008087a4        0x4 ../hello_world_bsp\libhal_bsp.a(alt_sbrk.o)
 .sdata         0x008087a8        0x4 ../hello_world_bsp\libhal_bsp.a(altera_avalon_lcd_16207.o)
 .sdata         0x008087ac        0x4 ../hello_world_bsp\libhal_bsp.a(alt_irq_vars.o)
                0x008087ac                alt_priority_mask
 .sdata         0x008087b0        0x8 ../hello_world_bsp\libhal_bsp.a(alt_tick.o)
                0x008087b0                alt_alarm_list
 .sdata         0x008087b8        0x4 c:/software/altera/10.1/nios2eds/bin/gnu/h-i686-mingw32/bin/../lib/gcc/nios2-elf/4.1.2/../../../../nios2-elf/lib/mno-hw-mul\libc.a(lib_a-ctype_.o)
                0x008087b8                __ctype_ptr
 *(.sdata2 .sdata2.* .gnu.linkonce.s2.*)
                0x008087bc                . = ALIGN (0x4)
                0x008087bc                _edata = ABSOLUTE (.)
                0x008087bc                PROVIDE (edata, ABSOLUTE (.))
                0x008087bc                PROVIDE (__ram_rwdata_end, ABSOLUTE (.))
                0x008087bc                PROVIDE (__flash_rwdata_start, LOADADDR (.rwdata))

.bss            0x0080a32c      0x2e0
                0x0080a32c                __bss_start = ABSOLUTE (.)
                0x0080a32c                PROVIDE (__sbss_start, ABSOLUTE (.))
                0x0080a32c                PROVIDE (___sbss_start, ABSOLUTE (.))
 *(.dynsbss)
 *(.sbss .sbss.* .gnu.linkonce.sb.*)
 .sbss          0x0080a32c        0xc c:/software/altera/10.1/nios2eds/bin/gnu/h-i686-mingw32/bin/../lib/gcc/nios2-elf/4.1.2/../../../../nios2-elf/lib/mno-hw-mul\libc.a(lib_a-mallocr.o)
                0x0080a32c                __malloc_top_pad
                0x0080a330                __malloc_max_sbrked_mem
                0x0080a334                __malloc_max_total_mem
 .sbss          0x0080a338        0x4 c:/software/altera/10.1/nios2eds/bin/gnu/h-i686-mingw32/bin/../lib/gcc/nios2-elf/4.1.2/../../../../nios2-elf/lib/mno-hw-mul\libc.a(lib_a-int_errno.o)
                0x0080a338                errno
 .sbss          0x0080a33c        0xc ../hello_world_bsp\libhal_bsp.a(alt_main.o)
                0x0080a33c                alt_argc
                0x0080a340                alt_argv
                0x0080a344                alt_envp
 .sbss          0x0080a348        0x4 ../hello_world_bsp\libhal_bsp.a(alt_irq_vars.o)
                0x0080a348                alt_irq_active
 .sbss          0x0080a34c        0x8 ../hello_world_bsp\libhal_bsp.a(alt_tick.o)
                0x0080a34c                _alt_tick_rate
                0x0080a350                _alt_nticks
 *(.sbss2 .sbss2.* .gnu.linkonce.sb2.*)
 *(.scommon)
                0x0080a354                PROVIDE (__sbss_end, ABSOLUTE (.))
                0x0080a354                PROVIDE (___sbss_end, ABSOLUTE (.))
 *(.dynbss)
 *(.bss .bss.* .gnu.linkonce.b.*)
 .bss           0x0080a354        0x0 ../hello_world_bsp/obj/HAL/src/crt0.o
 .bss           0x0080a354        0x0 obj/hello_world.o
 .bss           0x0080a354        0x0 c:/software/altera/10.1/nios2eds/bin/gnu/h-i686-mingw32/bin/../lib/gcc/nios2-elf/4.1.2/../../../../nios2-elf/lib/mno-hw-mul\libc.a(lib_a-puts.o)
 .bss           0x0080a354        0x0 c:/software/altera/10.1/nios2eds/bin/gnu/h-i686-mingw32/bin/../lib/gcc/nios2-elf/4.1.2/../../../../nios2-elf/lib/mno-hw-mul\libc.a(lib_a-strlen.o)
 .bss           0x0080a354        0x0 c:/software/altera/10.1/nios2eds/bin/gnu/h-i686-mingw32/bin/../lib/gcc/nios2-elf/4.1.2/../../../../nios2-elf/lib/mno-hw-mul\libc.a(lib_a-fvwrite.o)
 .bss           0x0080a354        0x0 c:/software/altera/10.1/nios2eds/bin/gnu/h-i686-mingw32/bin/../lib/gcc/nios2-elf/4.1.2/../../../../nios2-elf/lib/mno-hw-mul\libc.a(lib_a-impure.o)
 .bss           0x0080a354       0x28 c:/software/altera/10.1/nios2eds/bin/gnu/h-i686-mingw32/bin/../lib/gcc/nios2-elf/4.1.2/../../../../nios2-elf/lib/mno-hw-mul\libc.a(lib_a-mallocr.o)
                0x0080a354                __malloc_current_mallinfo
 .bss           0x0080a37c        0x0 c:/software/altera/10.1/nios2eds/bin/gnu/h-i686-mingw32/bin/../lib/gcc/nios2-elf/4.1.2/../../../../nios2-elf/lib/mno-hw-mul\libc.a(lib_a-memchr.o)
 .bss           0x0080a37c        0x0 c:/software/altera/10.1/nios2eds/bin/gnu/h-i686-mingw32/bin/../lib/gcc/nios2-elf/4.1.2/../../../../nios2-elf/lib/mno-hw-mul\libc.a(lib_a-memcpy.o)
 .bss           0x0080a37c        0x0 c:/software/altera/10.1/nios2eds/bin/gnu/h-i686-mingw32/bin/../lib/gcc/nios2-elf/4.1.2/../../../../nios2-elf/lib/mno-hw-mul\libc.a(lib_a-memmove.o)
 .bss           0x0080a37c        0x0 c:/software/altera/10.1/nios2eds/bin/gnu/h-i686-mingw32/bin/../lib/gcc/nios2-elf/4.1.2/../../../../nios2-elf/lib/mno-hw-mul\libc.a(lib_a-reallocr.o)
 .bss           0x0080a37c        0x0 c:/software/altera/10.1/nios2eds/bin/gnu/h-i686-mingw32/bin/../lib/gcc/nios2-elf/4.1.2/../../../../nios2-elf/lib/mno-hw-mul\libc.a(lib_a-sbrkr.o)
 .bss           0x0080a37c        0x0 c:/software/altera/10.1/nios2eds/bin/gnu/h-i686-mingw32/bin/../lib/gcc/nios2-elf/4.1.2/../../../../nios2-elf/lib/mno-hw-mul\libc.a(lib_a-wsetup.o)
 .bss           0x0080a37c        0x0 c:/software/altera/10.1/nios2eds/bin/gnu/h-i686-mingw32/bin/../lib/gcc/nios2-elf/4.1.2/../../../../nios2-elf/lib/mno-hw-mul\libc.a(lib_a-fflush.o)
 .bss           0x0080a37c        0x0 c:/software/altera/10.1/nios2eds/bin/gnu/h-i686-mingw32/bin/../lib/gcc/nios2-elf/4.1.2/../../../../nios2-elf/lib/mno-hw-mul\libc.a(lib_a-findfp.o)
 .bss           0x0080a37c        0x0 c:/software/altera/10.1/nios2eds/bin/gnu/h-i686-mingw32/bin/../lib/gcc/nios2-elf/4.1.2/../../../../nios2-elf/lib/mno-hw-mul\libc.a(lib_a-freer.o)
 .bss           0x0080a37c        0x0 c:/software/altera/10.1/nios2eds/bin/gnu/h-i686-mingw32/bin/../lib/gcc/nios2-elf/4.1.2/../../../../nios2-elf/lib/mno-hw-mul\libc.a(lib_a-fwalk.o)
 .bss           0x0080a37c        0x0 c:/software/altera/10.1/nios2eds/bin/gnu/h-i686-mingw32/bin/../lib/gcc/nios2-elf/4.1.2/../../../../nios2-elf/lib/mno-hw-mul\libc.a(lib_a-int_errno.o)
 .bss           0x0080a37c        0x0 c:/software/altera/10.1/nios2eds/bin/gnu/h-i686-mingw32/bin/../lib/gcc/nios2-elf/4.1.2/../../../../nios2-elf/lib/mno-hw-mul\libc.a(lib_a-makebuf.o)
 .bss           0x0080a37c        0x0 c:/software/altera/10.1/nios2eds/bin/gnu/h-i686-mingw32/bin/../lib/gcc/nios2-elf/4.1.2/../../../../nios2-elf/lib/mno-hw-mul\libc.a(lib_a-memset.o)
 .bss           0x0080a37c        0x0 c:/software/altera/10.1/nios2eds/bin/gnu/h-i686-mingw32/bin/../lib/gcc/nios2-elf/4.1.2/../../../../nios2-elf/lib/mno-hw-mul\libc.a(lib_a-stdio.o)
 .bss           0x0080a37c        0x0 c:/software/altera/10.1/nios2eds/bin/gnu/h-i686-mingw32/bin/../lib/gcc/nios2-elf/4.1.2/../../../../nios2-elf/lib/mno-hw-mul\libc.a(lib_a-writer.o)
 .bss           0x0080a37c        0x0 c:/software/altera/10.1/nios2eds/bin/gnu/h-i686-mingw32/bin/../lib/gcc/nios2-elf/4.1.2/../../../../nios2-elf/lib/mno-hw-mul\libc.a(lib_a-closer.o)
 .bss           0x0080a37c        0x0 c:/software/altera/10.1/nios2eds/bin/gnu/h-i686-mingw32/bin/../lib/gcc/nios2-elf/4.1.2/../../../../nios2-elf/lib/mno-hw-mul\libc.a(lib_a-fclose.o)
 .bss           0x0080a37c        0x0 c:/software/altera/10.1/nios2eds/bin/gnu/h-i686-mingw32/bin/../lib/gcc/nios2-elf/4.1.2/../../../../nios2-elf/lib/mno-hw-mul\libc.a(lib_a-fstatr.o)
 .bss           0x0080a37c        0x0 c:/software/altera/10.1/nios2eds/bin/gnu/h-i686-mingw32/bin/../lib/gcc/nios2-elf/4.1.2/../../../../nios2-elf/lib/mno-hw-mul\libc.a(lib_a-isattyr.o)
 .bss           0x0080a37c        0x0 c:/software/altera/10.1/nios2eds/bin/gnu/h-i686-mingw32/bin/../lib/gcc/nios2-elf/4.1.2/../../../../nios2-elf/lib/mno-hw-mul\libc.a(lib_a-lseekr.o)
 .bss           0x0080a37c        0x0 c:/software/altera/10.1/nios2eds/bin/gnu/h-i686-mingw32/bin/../lib/gcc/nios2-elf/4.1.2/../../../../nios2-elf/lib/mno-hw-mul\libc.a(lib_a-readr.o)
 .bss           0x0080a37c        0x0 c:/software/altera/10.1/nios2eds/bin/gnu/h-i686-mingw32/bin/../lib/gcc/nios2-elf/4.1.2/mno-hw-mul\libgcc.a(lib2-mul.o)
 .bss           0x0080a37c        0x0 ../hello_world_bsp\libhal_bsp.a(alt_close.o)
 .bss           0x0080a37c        0x0 ../hello_world_bsp\libhal_bsp.a(alt_dev.o)
 .bss           0x0080a37c        0x0 ../hello_world_bsp\libhal_bsp.a(alt_errno.o)
 .bss           0x0080a37c        0x0 ../hello_world_bsp\libhal_bsp.a(alt_fstat.o)
 .bss           0x0080a37c        0x0 ../hello_world_bsp\libhal_bsp.a(alt_isatty.o)
 .bss           0x0080a37c        0x0 ../hello_world_bsp\libhal_bsp.a(alt_load.o)
 .bss           0x0080a37c        0x0 ../hello_world_bsp\libhal_bsp.a(alt_lseek.o)
 .bss           0x0080a37c        0x0 ../hello_world_bsp\libhal_bsp.a(alt_main.o)
 .bss           0x0080a37c        0x0 ../hello_world_bsp\libhal_bsp.a(alt_malloc_lock.o)
 .bss           0x0080a37c        0x0 ../hello_world_bsp\libhal_bsp.a(alt_read.o)
 .bss           0x0080a37c        0x0 ../hello_world_bsp\libhal_bsp.a(alt_release_fd.o)
 .bss           0x0080a37c        0x0 ../hello_world_bsp\libhal_bsp.a(alt_sbrk.o)
 .bss           0x0080a37c        0x0 ../hello_world_bsp\libhal_bsp.a(alt_write.o)
 .bss           0x0080a37c        0x0 ../hello_world_bsp\libhal_bsp.a(alt_sys_init.o)
 .bss           0x0080a37c        0x0 ../hello_world_bsp\libhal_bsp.a(altera_avalon_jtag_uart_fd.o)
 .bss           0x0080a37c        0x0 ../hello_world_bsp\libhal_bsp.a(altera_avalon_jtag_uart_init.o)
 .bss           0x0080a37c        0x0 ../hello_world_bsp\libhal_bsp.a(altera_avalon_jtag_uart_ioctl.o)
 .bss           0x0080a37c        0x0 ../hello_world_bsp\libhal_bsp.a(altera_avalon_jtag_uart_read.o)
 .bss           0x0080a37c        0x0 ../hello_world_bsp\libhal_bsp.a(altera_avalon_jtag_uart_write.o)
 .bss           0x0080a37c        0x0 ../hello_world_bsp\libhal_bsp.a(altera_avalon_lcd_16207.o)
 .bss           0x0080a37c        0x0 ../hello_world_bsp\libhal_bsp.a(altera_avalon_lcd_16207_fd.o)
 .bss           0x0080a37c        0x0 ../hello_world_bsp\libhal_bsp.a(altera_avalon_timer_sc.o)
 .bss           0x0080a37c        0x0 ../hello_world_bsp\libhal_bsp.a(alt_alarm_start.o)
 .bss           0x0080a37c        0x0 ../hello_world_bsp\libhal_bsp.a(alt_dcache_flush_all.o)
 .bss           0x0080a37c        0x0 ../hello_world_bsp\libhal_bsp.a(alt_dev_llist_insert.o)
 .bss           0x0080a37c        0x0 ../hello_world_bsp\libhal_bsp.a(alt_do_ctors.o)
 .bss           0x0080a37c        0x0 ../hello_world_bsp\libhal_bsp.a(alt_do_dtors.o)
 .bss           0x0080a37c        0x0 ../hello_world_bsp\libhal_bsp.a(alt_icache_flush_all.o)
 .bss           0x0080a37c        0x0 ../hello_world_bsp\libhal_bsp.a(alt_iic.o)
 .bss           0x0080a37c        0x0 ../hello_world_bsp\libhal_bsp.a(alt_iic_isr_register.o)
 .bss           0x0080a37c        0x0 ../hello_world_bsp\libhal_bsp.a(alt_io_redirect.o)
 .bss           0x0080a37c        0x0 ../hello_world_bsp\libhal_bsp.a(alt_irq_entry.o)
 .bss           0x0080a37c        0x0 ../hello_world_bsp\libhal_bsp.a(alt_irq_handler.o)
 .bss           0x0080a37c        0x0 ../hello_world_bsp\libhal_bsp.a(alt_irq_vars.o)
 .bss           0x0080a37c        0x0 ../hello_world_bsp\libhal_bsp.a(alt_open.o)
 .bss           0x0080a37c        0x0 ../hello_world_bsp\libhal_bsp.a(alt_tick.o)
 .bss           0x0080a37c        0x0 ../hello_world_bsp\libhal_bsp.a(alt_usleep.o)
 .bss           0x0080a37c        0x0 ../hello_world_bsp\libhal_bsp.a(altera_nios2_irq.o)
 .bss           0x0080a37c        0x0 ../hello_world_bsp\libhal_bsp.a(alt_busy_sleep.o)
 .bss           0x0080a37c        0x0 ../hello_world_bsp\libhal_bsp.a(alt_exception_entry.o)
 .bss           0x0080a37c        0x0 ../hello_world_bsp\libhal_bsp.a(alt_find_dev.o)
 .bss           0x0080a37c        0x0 ../hello_world_bsp\libhal_bsp.a(alt_find_file.o)
 .bss           0x0080a37c        0x0 ../hello_world_bsp\libhal_bsp.a(alt_get_fd.o)
 .bss           0x0080a37c        0x0 ../hello_world_bsp\libhal_bsp.a(alt_icache_flush.o)
 .bss           0x0080a37c        0x0 c:/software/altera/10.1/nios2eds/bin/gnu/h-i686-mingw32/bin/../lib/gcc/nios2-elf/4.1.2/../../../../nios2-elf/lib/mno-hw-mul\libc.a(lib_a-atexit.o)
 .bss           0x0080a37c        0x0 c:/software/altera/10.1/nios2eds/bin/gnu/h-i686-mingw32/bin/../lib/gcc/nios2-elf/4.1.2/../../../../nios2-elf/lib/mno-hw-mul\libc.a(lib_a-ctype_.o)
 .bss           0x0080a37c        0x0 c:/software/altera/10.1/nios2eds/bin/gnu/h-i686-mingw32/bin/../lib/gcc/nios2-elf/4.1.2/../../../../nios2-elf/lib/mno-hw-mul\libc.a(lib_a-exit.o)
 .bss           0x0080a37c        0x0 c:/software/altera/10.1/nios2eds/bin/gnu/h-i686-mingw32/bin/../lib/gcc/nios2-elf/4.1.2/../../../../nios2-elf/lib/mno-hw-mul\libc.a(lib_a-memcmp.o)
 .bss           0x0080a37c        0x0 c:/software/altera/10.1/nios2eds/bin/gnu/h-i686-mingw32/bin/../lib/gcc/nios2-elf/4.1.2/../../../../nios2-elf/lib/mno-hw-mul\libc.a(lib_a-__atexit.o)
 .bss           0x0080a37c        0x0 c:/software/altera/10.1/nios2eds/bin/gnu/h-i686-mingw32/bin/../lib/gcc/nios2-elf/4.1.2/../../../../nios2-elf/lib/mno-hw-mul\libc.a(lib_a-__call_atexit.o)
 .bss           0x0080a37c        0x0 c:/software/altera/10.1/nios2eds/bin/gnu/h-i686-mingw32/bin/../lib/gcc/nios2-elf/4.1.2/mno-hw-mul\libgcc.a(lib2-divmod.o)
 .bss           0x0080a37c        0x0 ../hello_world_bsp\libhal_bsp.a(alt_exit.o)
 *(COMMON)
 COMMON         0x0080a37c      0x100 ../hello_world_bsp\libhal_bsp.a(alt_irq_handler.o)
                0x0080a37c                alt_irq
 COMMON         0x0080a47c      0x190 c:/software/altera/10.1/nios2eds/bin/gnu/h-i686-mingw32/bin/../lib/gcc/nios2-elf/4.1.2/../../../../nios2-elf/lib/mno-hw-mul\libc.a(lib_a-atexit.o)
                0x0080a47c                _atexit0
                0x0080a60c                . = ALIGN (0x4)
                0x0080a60c                __bss_end = ABSOLUTE (.)

.sdram_0        0x0080a60c        0x0
                0x0080a60c                PROVIDE (_alt_partition_sdram_0_start, ABSOLUTE (.))
 *(.sdram_0. sdram_0.*)
                0x0080a60c                . = ALIGN (0x4)
                0x0080a60c                PROVIDE (_alt_partition_sdram_0_end, ABSOLUTE (.))
                0x0080a60c                _end = ABSOLUTE (.)
                0x0080a60c                end = ABSOLUTE (.)
                0x0080a60c                __alt_stack_base = ABSOLUTE (.)
                0x0080a60c                PROVIDE (_alt_partition_sdram_0_load_addr, LOADADDR (.sdram_0))

.stab
 *(.stab)

.stabstr
 *(.stabstr)

.stab.excl
 *(.stab.excl)

.stab.exclstr
 *(.stab.exclstr)

.stab.index
 *(.stab.index)

.stab.indexstr
 *(.stab.indexstr)

.comment        0x00000000       0x23
 *(.comment)
 .comment       0x00000000       0x23 obj/hello_world.o
                                 0x24 (size before relaxing)
 .comment       0x00000000       0x24 c:/software/altera/10.1/nios2eds/bin/gnu/h-i686-mingw32/bin/../lib/gcc/nios2-elf/4.1.2/../../../../nios2-elf/lib/mno-hw-mul\libc.a(lib_a-puts.o)
 .comment       0x00000000       0x24 c:/software/altera/10.1/nios2eds/bin/gnu/h-i686-mingw32/bin/../lib/gcc/nios2-elf/4.1.2/../../../../nios2-elf/lib/mno-hw-mul\libc.a(lib_a-strlen.o)
 .comment       0x00000000       0x24 c:/software/altera/10.1/nios2eds/bin/gnu/h-i686-mingw32/bin/../lib/gcc/nios2-elf/4.1.2/../../../../nios2-elf/lib/mno-hw-mul\libc.a(lib_a-fvwrite.o)
 .comment       0x00000000       0x24 c:/software/altera/10.1/nios2eds/bin/gnu/h-i686-mingw32/bin/../lib/gcc/nios2-elf/4.1.2/../../../../nios2-elf/lib/mno-hw-mul\libc.a(lib_a-impure.o)
 .comment       0x00000000       0x24 c:/software/altera/10.1/nios2eds/bin/gnu/h-i686-mingw32/bin/../lib/gcc/nios2-elf/4.1.2/../../../../nios2-elf/lib/mno-hw-mul\libc.a(lib_a-mallocr.o)
 .comment       0x00000000       0x24 c:/software/altera/10.1/nios2eds/bin/gnu/h-i686-mingw32/bin/../lib/gcc/nios2-elf/4.1.2/../../../../nios2-elf/lib/mno-hw-mul\libc.a(lib_a-memchr.o)
 .comment       0x00000000       0x24 c:/software/altera/10.1/nios2eds/bin/gnu/h-i686-mingw32/bin/../lib/gcc/nios2-elf/4.1.2/../../../../nios2-elf/lib/mno-hw-mul\libc.a(lib_a-memcpy.o)
 .comment       0x00000000       0x24 c:/software/altera/10.1/nios2eds/bin/gnu/h-i686-mingw32/bin/../lib/gcc/nios2-elf/4.1.2/../../../../nios2-elf/lib/mno-hw-mul\libc.a(lib_a-memmove.o)
 .comment       0x00000000       0x24 c:/software/altera/10.1/nios2eds/bin/gnu/h-i686-mingw32/bin/../lib/gcc/nios2-elf/4.1.2/../../../../nios2-elf/lib/mno-hw-mul\libc.a(lib_a-reallocr.o)
 .comment       0x00000000       0x24 c:/software/altera/10.1/nios2eds/bin/gnu/h-i686-mingw32/bin/../lib/gcc/nios2-elf/4.1.2/../../../../nios2-elf/lib/mno-hw-mul\libc.a(lib_a-sbrkr.o)
 .comment       0x00000000       0x24 c:/software/altera/10.1/nios2eds/bin/gnu/h-i686-mingw32/bin/../lib/gcc/nios2-elf/4.1.2/../../../../nios2-elf/lib/mno-hw-mul\libc.a(lib_a-wsetup.o)
 .comment       0x00000000       0x24 c:/software/altera/10.1/nios2eds/bin/gnu/h-i686-mingw32/bin/../lib/gcc/nios2-elf/4.1.2/../../../../nios2-elf/lib/mno-hw-mul\libc.a(lib_a-fflush.o)
 .comment       0x00000000       0x24 c:/software/altera/10.1/nios2eds/bin/gnu/h-i686-mingw32/bin/../lib/gcc/nios2-elf/4.1.2/../../../../nios2-elf/lib/mno-hw-mul\libc.a(lib_a-findfp.o)
 .comment       0x00000000       0x24 c:/software/altera/10.1/nios2eds/bin/gnu/h-i686-mingw32/bin/../lib/gcc/nios2-elf/4.1.2/../../../../nios2-elf/lib/mno-hw-mul\libc.a(lib_a-freer.o)
 .comment       0x00000000       0x24 c:/software/altera/10.1/nios2eds/bin/gnu/h-i686-mingw32/bin/../lib/gcc/nios2-elf/4.1.2/../../../../nios2-elf/lib/mno-hw-mul\libc.a(lib_a-fwalk.o)
 .comment       0x00000000       0x24 c:/software/altera/10.1/nios2eds/bin/gnu/h-i686-mingw32/bin/../lib/gcc/nios2-elf/4.1.2/../../../../nios2-elf/lib/mno-hw-mul\libc.a(lib_a-int_errno.o)
 .comment       0x00000000       0x24 c:/software/altera/10.1/nios2eds/bin/gnu/h-i686-mingw32/bin/../lib/gcc/nios2-elf/4.1.2/../../../../nios2-elf/lib/mno-hw-mul\libc.a(lib_a-makebuf.o)
 .comment       0x00000000       0x24 c:/software/altera/10.1/nios2eds/bin/gnu/h-i686-mingw32/bin/../lib/gcc/nios2-elf/4.1.2/../../../../nios2-elf/lib/mno-hw-mul\libc.a(lib_a-memset.o)
 .comment       0x00000000       0x24 c:/software/altera/10.1/nios2eds/bin/gnu/h-i686-mingw32/bin/../lib/gcc/nios2-elf/4.1.2/../../../../nios2-elf/lib/mno-hw-mul\libc.a(lib_a-stdio.o)
 .comment       0x00000000       0x24 c:/software/altera/10.1/nios2eds/bin/gnu/h-i686-mingw32/bin/../lib/gcc/nios2-elf/4.1.2/../../../../nios2-elf/lib/mno-hw-mul\libc.a(lib_a-writer.o)
 .comment       0x00000000       0x24 c:/software/altera/10.1/nios2eds/bin/gnu/h-i686-mingw32/bin/../lib/gcc/nios2-elf/4.1.2/../../../../nios2-elf/lib/mno-hw-mul\libc.a(lib_a-closer.o)
 .comment       0x00000000       0x24 c:/software/altera/10.1/nios2eds/bin/gnu/h-i686-mingw32/bin/../lib/gcc/nios2-elf/4.1.2/../../../../nios2-elf/lib/mno-hw-mul\libc.a(lib_a-fclose.o)
 .comment       0x00000000       0x24 c:/software/altera/10.1/nios2eds/bin/gnu/h-i686-mingw32/bin/../lib/gcc/nios2-elf/4.1.2/../../../../nios2-elf/lib/mno-hw-mul\libc.a(lib_a-fstatr.o)
 .comment       0x00000000       0x24 c:/software/altera/10.1/nios2eds/bin/gnu/h-i686-mingw32/bin/../lib/gcc/nios2-elf/4.1.2/../../../../nios2-elf/lib/mno-hw-mul\libc.a(lib_a-isattyr.o)
 .comment       0x00000000       0x24 c:/software/altera/10.1/nios2eds/bin/gnu/h-i686-mingw32/bin/../lib/gcc/nios2-elf/4.1.2/../../../../nios2-elf/lib/mno-hw-mul\libc.a(lib_a-lseekr.o)
 .comment       0x00000000       0x24 c:/software/altera/10.1/nios2eds/bin/gnu/h-i686-mingw32/bin/../lib/gcc/nios2-elf/4.1.2/../../../../nios2-elf/lib/mno-hw-mul\libc.a(lib_a-readr.o)
 .comment       0x00000000       0x24 c:/software/altera/10.1/nios2eds/bin/gnu/h-i686-mingw32/bin/../lib/gcc/nios2-elf/4.1.2/mno-hw-mul\libgcc.a(lib2-mul.o)
 .comment       0x00000000       0x24 ../hello_world_bsp\libhal_bsp.a(alt_close.o)
 .comment       0x00000000       0x24 ../hello_world_bsp\libhal_bsp.a(alt_dev.o)
 .comment       0x00000000       0x24 ../hello_world_bsp\libhal_bsp.a(alt_errno.o)
 .comment       0x00000000       0x24 ../hello_world_bsp\libhal_bsp.a(alt_fstat.o)
 .comment       0x00000000       0x24 ../hello_world_bsp\libhal_bsp.a(alt_isatty.o)
 .comment       0x00000000       0x24 ../hello_world_bsp\libhal_bsp.a(alt_load.o)
 .comment       0x00000000       0x24 ../hello_world_bsp\libhal_bsp.a(alt_lseek.o)
 .comment       0x00000000       0x24 ../hello_world_bsp\libhal_bsp.a(alt_main.o)
 .comment       0x00000000       0x24 ../hello_world_bsp\libhal_bsp.a(alt_malloc_lock.o)
 .comment       0x00000000       0x24 ../hello_world_bsp\libhal_bsp.a(alt_read.o)
 .comment       0x00000000       0x24 ../hello_world_bsp\libhal_bsp.a(alt_release_fd.o)
 .comment       0x00000000       0x24 ../hello_world_bsp\libhal_bsp.a(alt_sbrk.o)
 .comment       0x00000000       0x24 ../hello_world_bsp\libhal_bsp.a(alt_write.o)
 .comment       0x00000000       0x24 ../hello_world_bsp\libhal_bsp.a(alt_sys_init.o)
 .comment       0x00000000       0x24 ../hello_world_bsp\libhal_bsp.a(altera_avalon_jtag_uart_fd.o)
 .comment       0x00000000       0x24 ../hello_world_bsp\libhal_bsp.a(altera_avalon_jtag_uart_init.o)
 .comment       0x00000000       0x24 ../hello_world_bsp\libhal_bsp.a(altera_avalon_jtag_uart_ioctl.o)
 .comment       0x00000000       0x24 ../hello_world_bsp\libhal_bsp.a(altera_avalon_jtag_uart_read.o)
 .comment       0x00000000       0x24 ../hello_world_bsp\libhal_bsp.a(altera_avalon_jtag_uart_write.o)
 .comment       0x00000000       0x24 ../hello_world_bsp\libhal_bsp.a(altera_avalon_lcd_16207.o)
 .comment       0x00000000       0x24 ../hello_world_bsp\libhal_bsp.a(altera_avalon_lcd_16207_fd.o)
 .comment       0x00000000       0x24 ../hello_world_bsp\libhal_bsp.a(altera_avalon_timer_sc.o)
 .comment       0x00000000       0x24 ../hello_world_bsp\libhal_bsp.a(alt_alarm_start.o)
 .comment       0x00000000       0x24 ../hello_world_bsp\libhal_bsp.a(alt_dcache_flush_all.o)
 .comment       0x00000000       0x24 ../hello_world_bsp\libhal_bsp.a(alt_dev_llist_insert.o)
 .comment       0x00000000       0x24 ../hello_world_bsp\libhal_bsp.a(alt_do_ctors.o)
 .comment       0x00000000       0x24 ../hello_world_bsp\libhal_bsp.a(alt_do_dtors.o)
 .comment       0x00000000       0x24 ../hello_world_bsp\libhal_bsp.a(alt_icache_flush_all.o)
 .comment       0x00000000       0x24 ../hello_world_bsp\libhal_bsp.a(alt_iic.o)
 .comment       0x00000000       0x24 ../hello_world_bsp\libhal_bsp.a(alt_iic_isr_register.o)
 .comment       0x00000000       0x24 ../hello_world_bsp\libhal_bsp.a(alt_io_redirect.o)
 .comment       0x00000000       0x24 ../hello_world_bsp\libhal_bsp.a(alt_irq_handler.o)
 .comment       0x00000000       0x24 ../hello_world_bsp\libhal_bsp.a(alt_irq_vars.o)
 .comment       0x00000000       0x24 ../hello_world_bsp\libhal_bsp.a(alt_open.o)
 .comment       0x00000000       0x24 ../hello_world_bsp\libhal_bsp.a(alt_tick.o)
 .comment       0x00000000       0x24 ../hello_world_bsp\libhal_bsp.a(alt_usleep.o)
 .comment       0x00000000       0x24 ../hello_world_bsp\libhal_bsp.a(altera_nios2_irq.o)
 .comment       0x00000000       0x24 ../hello_world_bsp\libhal_bsp.a(alt_busy_sleep.o)
 .comment       0x00000000       0x24 ../hello_world_bsp\libhal_bsp.a(alt_find_dev.o)
 .comment       0x00000000       0x24 ../hello_world_bsp\libhal_bsp.a(alt_find_file.o)
 .comment       0x00000000       0x24 ../hello_world_bsp\libhal_bsp.a(alt_get_fd.o)
 .comment       0x00000000       0x24 ../hello_world_bsp\libhal_bsp.a(alt_icache_flush.o)
 .comment       0x00000000       0x24 c:/software/altera/10.1/nios2eds/bin/gnu/h-i686-mingw32/bin/../lib/gcc/nios2-elf/4.1.2/../../../../nios2-elf/lib/mno-hw-mul\libc.a(lib_a-atexit.o)
 .comment       0x00000000       0x24 c:/software/altera/10.1/nios2eds/bin/gnu/h-i686-mingw32/bin/../lib/gcc/nios2-elf/4.1.2/../../../../nios2-elf/lib/mno-hw-mul\libc.a(lib_a-ctype_.o)
 .comment       0x00000000       0x24 c:/software/altera/10.1/nios2eds/bin/gnu/h-i686-mingw32/bin/../lib/gcc/nios2-elf/4.1.2/../../../../nios2-elf/lib/mno-hw-mul\libc.a(lib_a-exit.o)
 .comment       0x00000000       0x24 c:/software/altera/10.1/nios2eds/bin/gnu/h-i686-mingw32/bin/../lib/gcc/nios2-elf/4.1.2/../../../../nios2-elf/lib/mno-hw-mul\libc.a(lib_a-memcmp.o)
 .comment       0x00000000       0x24 c:/software/altera/10.1/nios2eds/bin/gnu/h-i686-mingw32/bin/../lib/gcc/nios2-elf/4.1.2/../../../../nios2-elf/lib/mno-hw-mul\libc.a(lib_a-__atexit.o)
 .comment       0x00000000       0x24 c:/software/altera/10.1/nios2eds/bin/gnu/h-i686-mingw32/bin/../lib/gcc/nios2-elf/4.1.2/../../../../nios2-elf/lib/mno-hw-mul\libc.a(lib_a-__call_atexit.o)
 .comment       0x00000000       0x24 c:/software/altera/10.1/nios2eds/bin/gnu/h-i686-mingw32/bin/../lib/gcc/nios2-elf/4.1.2/mno-hw-mul\libgcc.a(lib2-divmod.o)
 .comment       0x00000000       0x24 ../hello_world_bsp\libhal_bsp.a(alt_exit.o)

.debug
 *(.debug)

.line
 *(.line)

.debug_srcinfo
 *(.debug_srcinfo)

.debug_sfnames
 *(.debug_sfnames)

.debug_aranges  0x00000000      0x9b8
 *(.debug_aranges)
 .debug_aranges
                0x00000000       0x28 ../hello_world_bsp/obj/HAL/src/crt0.o
 .debug_aranges
                0x00000028       0x20 obj/hello_world.o
 .debug_aranges
                0x00000048       0x20 c:/software/altera/10.1/nios2eds/bin/gnu/h-i686-mingw32/bin/../lib/gcc/nios2-elf/4.1.2/../../../../nios2-elf/lib/mno-hw-mul\libc.a(lib_a-puts.o)
 .debug_aranges
                0x00000068       0x20 c:/software/altera/10.1/nios2eds/bin/gnu/h-i686-mingw32/bin/../lib/gcc/nios2-elf/4.1.2/../../../../nios2-elf/lib/mno-hw-mul\libc.a(lib_a-strlen.o)
 .debug_aranges
                0x00000088       0x20 c:/software/altera/10.1/nios2eds/bin/gnu/h-i686-mingw32/bin/../lib/gcc/nios2-elf/4.1.2/../../../../nios2-elf/lib/mno-hw-mul\libc.a(lib_a-fvwrite.o)
 .debug_aranges
                0x000000a8       0x20 c:/software/altera/10.1/nios2eds/bin/gnu/h-i686-mingw32/bin/../lib/gcc/nios2-elf/4.1.2/../../../../nios2-elf/lib/mno-hw-mul\libc.a(lib_a-mallocr.o)
 .debug_aranges
                0x000000c8       0x20 c:/software/altera/10.1/nios2eds/bin/gnu/h-i686-mingw32/bin/../lib/gcc/nios2-elf/4.1.2/../../../../nios2-elf/lib/mno-hw-mul\libc.a(lib_a-memchr.o)
 .debug_aranges
                0x000000e8       0x20 c:/software/altera/10.1/nios2eds/bin/gnu/h-i686-mingw32/bin/../lib/gcc/nios2-elf/4.1.2/../../../../nios2-elf/lib/mno-hw-mul\libc.a(lib_a-memcpy.o)
 .debug_aranges
                0x00000108       0x20 c:/software/altera/10.1/nios2eds/bin/gnu/h-i686-mingw32/bin/../lib/gcc/nios2-elf/4.1.2/../../../../nios2-elf/lib/mno-hw-mul\libc.a(lib_a-memmove.o)
 .debug_aranges
                0x00000128       0x20 c:/software/altera/10.1/nios2eds/bin/gnu/h-i686-mingw32/bin/../lib/gcc/nios2-elf/4.1.2/../../../../nios2-elf/lib/mno-hw-mul\libc.a(lib_a-reallocr.o)
 .debug_aranges
                0x00000148       0x20 c:/software/altera/10.1/nios2eds/bin/gnu/h-i686-mingw32/bin/../lib/gcc/nios2-elf/4.1.2/../../../../nios2-elf/lib/mno-hw-mul\libc.a(lib_a-sbrkr.o)
 .debug_aranges
                0x00000168       0x20 c:/software/altera/10.1/nios2eds/bin/gnu/h-i686-mingw32/bin/../lib/gcc/nios2-elf/4.1.2/../../../../nios2-elf/lib/mno-hw-mul\libc.a(lib_a-wsetup.o)
 .debug_aranges
                0x00000188       0x20 c:/software/altera/10.1/nios2eds/bin/gnu/h-i686-mingw32/bin/../lib/gcc/nios2-elf/4.1.2/../../../../nios2-elf/lib/mno-hw-mul\libc.a(lib_a-fflush.o)
 .debug_aranges
                0x000001a8       0x20 c:/software/altera/10.1/nios2eds/bin/gnu/h-i686-mingw32/bin/../lib/gcc/nios2-elf/4.1.2/../../../../nios2-elf/lib/mno-hw-mul\libc.a(lib_a-findfp.o)
 .debug_aranges
                0x000001c8       0x20 c:/software/altera/10.1/nios2eds/bin/gnu/h-i686-mingw32/bin/../lib/gcc/nios2-elf/4.1.2/../../../../nios2-elf/lib/mno-hw-mul\libc.a(lib_a-freer.o)
 .debug_aranges
                0x000001e8       0x20 c:/software/altera/10.1/nios2eds/bin/gnu/h-i686-mingw32/bin/../lib/gcc/nios2-elf/4.1.2/../../../../nios2-elf/lib/mno-hw-mul\libc.a(lib_a-fwalk.o)
 .debug_aranges
                0x00000208       0x20 c:/software/altera/10.1/nios2eds/bin/gnu/h-i686-mingw32/bin/../lib/gcc/nios2-elf/4.1.2/../../../../nios2-elf/lib/mno-hw-mul\libc.a(lib_a-makebuf.o)
 .debug_aranges
                0x00000228       0x20 c:/software/altera/10.1/nios2eds/bin/gnu/h-i686-mingw32/bin/../lib/gcc/nios2-elf/4.1.2/../../../../nios2-elf/lib/mno-hw-mul\libc.a(lib_a-memset.o)
 .debug_aranges
                0x00000248       0x20 c:/software/altera/10.1/nios2eds/bin/gnu/h-i686-mingw32/bin/../lib/gcc/nios2-elf/4.1.2/../../../../nios2-elf/lib/mno-hw-mul\libc.a(lib_a-stdio.o)
 .debug_aranges
                0x00000268       0x20 c:/software/altera/10.1/nios2eds/bin/gnu/h-i686-mingw32/bin/../lib/gcc/nios2-elf/4.1.2/../../../../nios2-elf/lib/mno-hw-mul\libc.a(lib_a-writer.o)
 .debug_aranges
                0x00000288       0x20 c:/software/altera/10.1/nios2eds/bin/gnu/h-i686-mingw32/bin/../lib/gcc/nios2-elf/4.1.2/../../../../nios2-elf/lib/mno-hw-mul\libc.a(lib_a-closer.o)
 .debug_aranges
                0x000002a8       0x20 c:/software/altera/10.1/nios2eds/bin/gnu/h-i686-mingw32/bin/../lib/gcc/nios2-elf/4.1.2/../../../../nios2-elf/lib/mno-hw-mul\libc.a(lib_a-fclose.o)
 .debug_aranges
                0x000002c8       0x20 c:/software/altera/10.1/nios2eds/bin/gnu/h-i686-mingw32/bin/../lib/gcc/nios2-elf/4.1.2/../../../../nios2-elf/lib/mno-hw-mul\libc.a(lib_a-fstatr.o)
 .debug_aranges
                0x000002e8       0x20 c:/software/altera/10.1/nios2eds/bin/gnu/h-i686-mingw32/bin/../lib/gcc/nios2-elf/4.1.2/../../../../nios2-elf/lib/mno-hw-mul\libc.a(lib_a-isattyr.o)
 .debug_aranges
                0x00000308       0x20 c:/software/altera/10.1/nios2eds/bin/gnu/h-i686-mingw32/bin/../lib/gcc/nios2-elf/4.1.2/../../../../nios2-elf/lib/mno-hw-mul\libc.a(lib_a-lseekr.o)
 .debug_aranges
                0x00000328       0x20 c:/software/altera/10.1/nios2eds/bin/gnu/h-i686-mingw32/bin/../lib/gcc/nios2-elf/4.1.2/../../../../nios2-elf/lib/mno-hw-mul\libc.a(lib_a-readr.o)
 .debug_aranges
                0x00000348       0x20 c:/software/altera/10.1/nios2eds/bin/gnu/h-i686-mingw32/bin/../lib/gcc/nios2-elf/4.1.2/mno-hw-mul\libgcc.a(lib2-mul.o)
 .debug_aranges
                0x00000368       0x20 ../hello_world_bsp\libhal_bsp.a(alt_close.o)
 .debug_aranges
                0x00000388       0x20 ../hello_world_bsp\libhal_bsp.a(alt_dev.o)
 .debug_aranges
                0x000003a8       0x20 ../hello_world_bsp\libhal_bsp.a(alt_fstat.o)
 .debug_aranges
                0x000003c8       0x20 ../hello_world_bsp\libhal_bsp.a(alt_isatty.o)
 .debug_aranges
                0x000003e8       0x20 ../hello_world_bsp\libhal_bsp.a(alt_load.o)
 .debug_aranges
                0x00000408       0x20 ../hello_world_bsp\libhal_bsp.a(alt_lseek.o)
 .debug_aranges
                0x00000428       0x20 ../hello_world_bsp\libhal_bsp.a(alt_main.o)
 .debug_aranges
                0x00000448       0x20 ../hello_world_bsp\libhal_bsp.a(alt_malloc_lock.o)
 .debug_aranges
                0x00000468       0x20 ../hello_world_bsp\libhal_bsp.a(alt_read.o)
 .debug_aranges
                0x00000488       0x20 ../hello_world_bsp\libhal_bsp.a(alt_release_fd.o)
 .debug_aranges
                0x000004a8       0x20 ../hello_world_bsp\libhal_bsp.a(alt_sbrk.o)
 .debug_aranges
                0x000004c8       0x20 ../hello_world_bsp\libhal_bsp.a(alt_write.o)
 .debug_aranges
                0x000004e8       0x20 ../hello_world_bsp\libhal_bsp.a(alt_sys_init.o)
 .debug_aranges
                0x00000508       0x20 ../hello_world_bsp\libhal_bsp.a(altera_avalon_jtag_uart_fd.o)
 .debug_aranges
                0x00000528       0x20 ../hello_world_bsp\libhal_bsp.a(altera_avalon_jtag_uart_init.o)
 .debug_aranges
                0x00000548       0x20 ../hello_world_bsp\libhal_bsp.a(altera_avalon_jtag_uart_ioctl.o)
 .debug_aranges
                0x00000568       0x20 ../hello_world_bsp\libhal_bsp.a(altera_avalon_jtag_uart_read.o)
 .debug_aranges
                0x00000588       0x20 ../hello_world_bsp\libhal_bsp.a(altera_avalon_jtag_uart_write.o)
 .debug_aranges
                0x000005a8       0x20 ../hello_world_bsp\libhal_bsp.a(altera_avalon_lcd_16207.o)
 .debug_aranges
                0x000005c8       0x20 ../hello_world_bsp\libhal_bsp.a(altera_avalon_lcd_16207_fd.o)
 .debug_aranges
                0x000005e8       0x20 ../hello_world_bsp\libhal_bsp.a(altera_avalon_timer_sc.o)
 .debug_aranges
                0x00000608       0x20 ../hello_world_bsp\libhal_bsp.a(alt_alarm_start.o)
 .debug_aranges
                0x00000628       0x20 ../hello_world_bsp\libhal_bsp.a(alt_dcache_flush_all.o)
 .debug_aranges
                0x00000648       0x20 ../hello_world_bsp\libhal_bsp.a(alt_dev_llist_insert.o)
 .debug_aranges
                0x00000668       0x20 ../hello_world_bsp\libhal_bsp.a(alt_do_ctors.o)
 .debug_aranges
                0x00000688       0x20 ../hello_world_bsp\libhal_bsp.a(alt_do_dtors.o)
 .debug_aranges
                0x000006a8       0x20 ../hello_world_bsp\libhal_bsp.a(alt_icache_flush_all.o)
 .debug_aranges
                0x000006c8       0x20 ../hello_world_bsp\libhal_bsp.a(alt_iic.o)
 .debug_aranges
                0x000006e8       0x20 ../hello_world_bsp\libhal_bsp.a(alt_iic_isr_register.o)
 .debug_aranges
                0x00000708       0x20 ../hello_world_bsp\libhal_bsp.a(alt_io_redirect.o)
 .debug_aranges
                0x00000728       0x30 ../hello_world_bsp\libhal_bsp.a(alt_irq_entry.o)
 .debug_aranges
                0x00000758       0x28 ../hello_world_bsp\libhal_bsp.a(alt_irq_handler.o)
 .debug_aranges
                0x00000780       0x20 ../hello_world_bsp\libhal_bsp.a(alt_open.o)
 .debug_aranges
                0x000007a0       0x20 ../hello_world_bsp\libhal_bsp.a(alt_tick.o)
 .debug_aranges
                0x000007c0       0x20 ../hello_world_bsp\libhal_bsp.a(alt_usleep.o)
 .debug_aranges
                0x000007e0       0x20 ../hello_world_bsp\libhal_bsp.a(altera_nios2_irq.o)
 .debug_aranges
                0x00000800       0x20 ../hello_world_bsp\libhal_bsp.a(alt_busy_sleep.o)
 .debug_aranges
                0x00000820       0x38 ../hello_world_bsp\libhal_bsp.a(alt_exception_entry.o)
 .debug_aranges
                0x00000858       0x20 ../hello_world_bsp\libhal_bsp.a(alt_find_dev.o)
 .debug_aranges
                0x00000878       0x20 ../hello_world_bsp\libhal_bsp.a(alt_find_file.o)
 .debug_aranges
                0x00000898       0x20 ../hello_world_bsp\libhal_bsp.a(alt_get_fd.o)
 .debug_aranges
                0x000008b8       0x20 ../hello_world_bsp\libhal_bsp.a(alt_icache_flush.o)
 .debug_aranges
                0x000008d8       0x20 c:/software/altera/10.1/nios2eds/bin/gnu/h-i686-mingw32/bin/../lib/gcc/nios2-elf/4.1.2/../../../../nios2-elf/lib/mno-hw-mul\libc.a(lib_a-atexit.o)
 .debug_aranges
                0x000008f8       0x20 c:/software/altera/10.1/nios2eds/bin/gnu/h-i686-mingw32/bin/../lib/gcc/nios2-elf/4.1.2/../../../../nios2-elf/lib/mno-hw-mul\libc.a(lib_a-exit.o)
 .debug_aranges
                0x00000918       0x20 c:/software/altera/10.1/nios2eds/bin/gnu/h-i686-mingw32/bin/../lib/gcc/nios2-elf/4.1.2/../../../../nios2-elf/lib/mno-hw-mul\libc.a(lib_a-memcmp.o)
 .debug_aranges
                0x00000938       0x20 c:/software/altera/10.1/nios2eds/bin/gnu/h-i686-mingw32/bin/../lib/gcc/nios2-elf/4.1.2/../../../../nios2-elf/lib/mno-hw-mul\libc.a(lib_a-__atexit.o)
 .debug_aranges
                0x00000958       0x20 c:/software/altera/10.1/nios2eds/bin/gnu/h-i686-mingw32/bin/../lib/gcc/nios2-elf/4.1.2/../../../../nios2-elf/lib/mno-hw-mul\libc.a(lib_a-__call_atexit.o)
 .debug_aranges
                0x00000978       0x20 c:/software/altera/10.1/nios2eds/bin/gnu/h-i686-mingw32/bin/../lib/gcc/nios2-elf/4.1.2/mno-hw-mul\libgcc.a(lib2-divmod.o)
 .debug_aranges
                0x00000998       0x20 ../hello_world_bsp\libhal_bsp.a(alt_exit.o)

.debug_pubnames
                0x00000000      0xeaf
 *(.debug_pubnames)
 .debug_pubnames
                0x00000000       0x1b obj/hello_world.o
 .debug_pubnames
                0x0000001b       0x27 c:/software/altera/10.1/nios2eds/bin/gnu/h-i686-mingw32/bin/../lib/gcc/nios2-elf/4.1.2/../../../../nios2-elf/lib/mno-hw-mul\libc.a(lib_a-puts.o)
 .debug_pubnames
                0x00000042       0x1d c:/software/altera/10.1/nios2eds/bin/gnu/h-i686-mingw32/bin/../lib/gcc/nios2-elf/4.1.2/../../../../nios2-elf/lib/mno-hw-mul\libc.a(lib_a-strlen.o)
 .debug_pubnames
                0x0000005f       0x23 c:/software/altera/10.1/nios2eds/bin/gnu/h-i686-mingw32/bin/../lib/gcc/nios2-elf/4.1.2/../../../../nios2-elf/lib/mno-hw-mul\libc.a(lib_a-fvwrite.o)
 .debug_pubnames
                0x00000082       0x39 c:/software/altera/10.1/nios2eds/bin/gnu/h-i686-mingw32/bin/../lib/gcc/nios2-elf/4.1.2/../../../../nios2-elf/lib/mno-hw-mul\libc.a(lib_a-impure.o)
 .debug_pubnames
                0x000000bb       0xce c:/software/altera/10.1/nios2eds/bin/gnu/h-i686-mingw32/bin/../lib/gcc/nios2-elf/4.1.2/../../../../nios2-elf/lib/mno-hw-mul\libc.a(lib_a-mallocr.o)
 .debug_pubnames
                0x00000189       0x1d c:/software/altera/10.1/nios2eds/bin/gnu/h-i686-mingw32/bin/../lib/gcc/nios2-elf/4.1.2/../../../../nios2-elf/lib/mno-hw-mul\libc.a(lib_a-memchr.o)
 .debug_pubnames
                0x000001a6       0x1d c:/software/altera/10.1/nios2eds/bin/gnu/h-i686-mingw32/bin/../lib/gcc/nios2-elf/4.1.2/../../../../nios2-elf/lib/mno-hw-mul\libc.a(lib_a-memcpy.o)
 .debug_pubnames
                0x000001c3       0x1e c:/software/altera/10.1/nios2eds/bin/gnu/h-i686-mingw32/bin/../lib/gcc/nios2-elf/4.1.2/../../../../nios2-elf/lib/mno-hw-mul\libc.a(lib_a-memmove.o)
 .debug_pubnames
                0x000001e1       0x21 c:/software/altera/10.1/nios2eds/bin/gnu/h-i686-mingw32/bin/../lib/gcc/nios2-elf/4.1.2/../../../../nios2-elf/lib/mno-hw-mul\libc.a(lib_a-reallocr.o)
 .debug_pubnames
                0x00000202       0x1e c:/software/altera/10.1/nios2eds/bin/gnu/h-i686-mingw32/bin/../lib/gcc/nios2-elf/4.1.2/../../../../nios2-elf/lib/mno-hw-mul\libc.a(lib_a-sbrkr.o)
 .debug_pubnames
                0x00000220       0x22 c:/software/altera/10.1/nios2eds/bin/gnu/h-i686-mingw32/bin/../lib/gcc/nios2-elf/4.1.2/../../../../nios2-elf/lib/mno-hw-mul\libc.a(lib_a-wsetup.o)
 .debug_pubnames
                0x00000242       0x2b c:/software/altera/10.1/nios2eds/bin/gnu/h-i686-mingw32/bin/../lib/gcc/nios2-elf/4.1.2/../../../../nios2-elf/lib/mno-hw-mul\libc.a(lib_a-fflush.o)
 .debug_pubnames
                0x0000026d       0xdb c:/software/altera/10.1/nios2eds/bin/gnu/h-i686-mingw32/bin/../lib/gcc/nios2-elf/4.1.2/../../../../nios2-elf/lib/mno-hw-mul\libc.a(lib_a-findfp.o)
 .debug_pubnames
                0x00000348       0x31 c:/software/altera/10.1/nios2eds/bin/gnu/h-i686-mingw32/bin/../lib/gcc/nios2-elf/4.1.2/../../../../nios2-elf/lib/mno-hw-mul\libc.a(lib_a-freer.o)
 .debug_pubnames
                0x00000379       0x2e c:/software/altera/10.1/nios2eds/bin/gnu/h-i686-mingw32/bin/../lib/gcc/nios2-elf/4.1.2/../../../../nios2-elf/lib/mno-hw-mul\libc.a(lib_a-fwalk.o)
 .debug_pubnames
                0x000003a7       0x1c c:/software/altera/10.1/nios2eds/bin/gnu/h-i686-mingw32/bin/../lib/gcc/nios2-elf/4.1.2/../../../../nios2-elf/lib/mno-hw-mul\libc.a(lib_a-int_errno.o)
 .debug_pubnames
                0x000003c3       0x23 c:/software/altera/10.1/nios2eds/bin/gnu/h-i686-mingw32/bin/../lib/gcc/nios2-elf/4.1.2/../../../../nios2-elf/lib/mno-hw-mul\libc.a(lib_a-makebuf.o)
 .debug_pubnames
                0x000003e6       0x1d c:/software/altera/10.1/nios2eds/bin/gnu/h-i686-mingw32/bin/../lib/gcc/nios2-elf/4.1.2/../../../../nios2-elf/lib/mno-hw-mul\libc.a(lib_a-memset.o)
 .debug_pubnames
                0x00000403       0x44 c:/software/altera/10.1/nios2eds/bin/gnu/h-i686-mingw32/bin/../lib/gcc/nios2-elf/4.1.2/../../../../nios2-elf/lib/mno-hw-mul\libc.a(lib_a-stdio.o)
 .debug_pubnames
                0x00000447       0x1f c:/software/altera/10.1/nios2eds/bin/gnu/h-i686-mingw32/bin/../lib/gcc/nios2-elf/4.1.2/../../../../nios2-elf/lib/mno-hw-mul\libc.a(lib_a-writer.o)
 .debug_pubnames
                0x00000466       0x1f c:/software/altera/10.1/nios2eds/bin/gnu/h-i686-mingw32/bin/../lib/gcc/nios2-elf/4.1.2/../../../../nios2-elf/lib/mno-hw-mul\libc.a(lib_a-closer.o)
 .debug_pubnames
                0x00000485       0x2b c:/software/altera/10.1/nios2eds/bin/gnu/h-i686-mingw32/bin/../lib/gcc/nios2-elf/4.1.2/../../../../nios2-elf/lib/mno-hw-mul\libc.a(lib_a-fclose.o)
 .debug_pubnames
                0x000004b0       0x1f c:/software/altera/10.1/nios2eds/bin/gnu/h-i686-mingw32/bin/../lib/gcc/nios2-elf/4.1.2/../../../../nios2-elf/lib/mno-hw-mul\libc.a(lib_a-fstatr.o)
 .debug_pubnames
                0x000004cf       0x20 c:/software/altera/10.1/nios2eds/bin/gnu/h-i686-mingw32/bin/../lib/gcc/nios2-elf/4.1.2/../../../../nios2-elf/lib/mno-hw-mul\libc.a(lib_a-isattyr.o)
 .debug_pubnames
                0x000004ef       0x1f c:/software/altera/10.1/nios2eds/bin/gnu/h-i686-mingw32/bin/../lib/gcc/nios2-elf/4.1.2/../../../../nios2-elf/lib/mno-hw-mul\libc.a(lib_a-lseekr.o)
 .debug_pubnames
                0x0000050e       0x1e c:/software/altera/10.1/nios2eds/bin/gnu/h-i686-mingw32/bin/../lib/gcc/nios2-elf/4.1.2/../../../../nios2-elf/lib/mno-hw-mul\libc.a(lib_a-readr.o)
 .debug_pubnames
                0x0000052c       0x1f c:/software/altera/10.1/nios2eds/bin/gnu/h-i686-mingw32/bin/../lib/gcc/nios2-elf/4.1.2/mno-hw-mul\libgcc.a(lib2-mul.o)
 .debug_pubnames
                0x0000054b       0x1c ../hello_world_bsp\libhal_bsp.a(alt_close.o)
 .debug_pubnames
                0x00000567       0x63 ../hello_world_bsp\libhal_bsp.a(alt_dev.o)
 .debug_pubnames
                0x000005ca       0x20 ../hello_world_bsp\libhal_bsp.a(alt_errno.o)
 .debug_pubnames
                0x000005ea       0x1c ../hello_world_bsp\libhal_bsp.a(alt_fstat.o)
 .debug_pubnames
                0x00000606       0x1d ../hello_world_bsp\libhal_bsp.a(alt_isatty.o)
 .debug_pubnames
                0x00000623       0x1f ../hello_world_bsp\libhal_bsp.a(alt_load.o)
 .debug_pubnames
                0x00000642       0x1c ../hello_world_bsp\libhal_bsp.a(alt_lseek.o)
 .debug_pubnames
                0x0000065e       0x46 ../hello_world_bsp\libhal_bsp.a(alt_main.o)
 .debug_pubnames
                0x000006a4       0x38 ../hello_world_bsp\libhal_bsp.a(alt_malloc_lock.o)
 .debug_pubnames
                0x000006dc       0x1b ../hello_world_bsp\libhal_bsp.a(alt_read.o)
 .debug_pubnames
                0x000006f7       0x25 ../hello_world_bsp\libhal_bsp.a(alt_release_fd.o)
 .debug_pubnames
                0x0000071c       0x1b ../hello_world_bsp\libhal_bsp.a(alt_sbrk.o)
 .debug_pubnames
                0x00000737       0x1c ../hello_world_bsp\libhal_bsp.a(alt_write.o)
 .debug_pubnames
                0x00000753       0x34 ../hello_world_bsp\libhal_bsp.a(alt_sys_init.o)
 .debug_pubnames
                0x00000787       0xa5 ../hello_world_bsp\libhal_bsp.a(altera_avalon_jtag_uart_fd.o)
 .debug_pubnames
                0x0000082c       0x55 ../hello_world_bsp\libhal_bsp.a(altera_avalon_jtag_uart_init.o)
 .debug_pubnames
                0x00000881       0x34 ../hello_world_bsp\libhal_bsp.a(altera_avalon_jtag_uart_ioctl.o)
 .debug_pubnames
                0x000008b5       0x33 ../hello_world_bsp\libhal_bsp.a(altera_avalon_jtag_uart_read.o)
 .debug_pubnames
                0x000008e8       0x34 ../hello_world_bsp\libhal_bsp.a(altera_avalon_jtag_uart_write.o)
 .debug_pubnames
                0x0000091c       0x55 ../hello_world_bsp\libhal_bsp.a(altera_avalon_lcd_16207.o)
 .debug_pubnames
                0x00000971       0x37 ../hello_world_bsp\libhal_bsp.a(altera_avalon_lcd_16207_fd.o)
 .debug_pubnames
                0x000009a8       0x2f ../hello_world_bsp\libhal_bsp.a(altera_avalon_timer_sc.o)
 .debug_pubnames
                0x000009d7       0x26 ../hello_world_bsp\libhal_bsp.a(alt_alarm_start.o)
 .debug_pubnames
                0x000009fd       0x2b ../hello_world_bsp\libhal_bsp.a(alt_dcache_flush_all.o)
 .debug_pubnames
                0x00000a28       0x2b ../hello_world_bsp\libhal_bsp.a(alt_dev_llist_insert.o)
 .debug_pubnames
                0x00000a53       0x20 ../hello_world_bsp\libhal_bsp.a(alt_do_ctors.o)
 .debug_pubnames
                0x00000a73       0x20 ../hello_world_bsp\libhal_bsp.a(alt_do_dtors.o)
 .debug_pubnames
                0x00000a93       0x2b ../hello_world_bsp\libhal_bsp.a(alt_icache_flush_all.o)
 .debug_pubnames
                0x00000abe       0x6e ../hello_world_bsp\libhal_bsp.a(alt_iic.o)
 .debug_pubnames
                0x00000b2c       0x2b ../hello_world_bsp\libhal_bsp.a(alt_iic_isr_register.o)
 .debug_pubnames
                0x00000b57       0x26 ../hello_world_bsp\libhal_bsp.a(alt_io_redirect.o)
 .debug_pubnames
                0x00000b7d       0x32 ../hello_world_bsp\libhal_bsp.a(alt_irq_handler.o)
 .debug_pubnames
                0x00000baf       0x3b ../hello_world_bsp\libhal_bsp.a(alt_irq_vars.o)
 .debug_pubnames
                0x00000bea       0x1b ../hello_world_bsp\libhal_bsp.a(alt_open.o)
 .debug_pubnames
                0x00000c05       0x68 ../hello_world_bsp\libhal_bsp.a(alt_tick.o)
 .debug_pubnames
                0x00000c6d       0x1d ../hello_world_bsp\libhal_bsp.a(alt_usleep.o)
 .debug_pubnames
                0x00000c8a       0x2c ../hello_world_bsp\libhal_bsp.a(altera_nios2_irq.o)
 .debug_pubnames
                0x00000cb6       0x25 ../hello_world_bsp\libhal_bsp.a(alt_busy_sleep.o)
 .debug_pubnames
                0x00000cdb       0x23 ../hello_world_bsp\libhal_bsp.a(alt_find_dev.o)
 .debug_pubnames
                0x00000cfe       0x24 ../hello_world_bsp\libhal_bsp.a(alt_find_file.o)
 .debug_pubnames
                0x00000d22       0x21 ../hello_world_bsp\libhal_bsp.a(alt_get_fd.o)
 .debug_pubnames
                0x00000d43       0x27 ../hello_world_bsp\libhal_bsp.a(alt_icache_flush.o)
 .debug_pubnames
                0x00000d6a       0x2a c:/software/altera/10.1/nios2eds/bin/gnu/h-i686-mingw32/bin/../lib/gcc/nios2-elf/4.1.2/../../../../nios2-elf/lib/mno-hw-mul\libc.a(lib_a-atexit.o)
 .debug_pubnames
                0x00000d94       0x2e c:/software/altera/10.1/nios2eds/bin/gnu/h-i686-mingw32/bin/../lib/gcc/nios2-elf/4.1.2/../../../../nios2-elf/lib/mno-hw-mul\libc.a(lib_a-ctype_.o)
 .debug_pubnames
                0x00000dc2       0x1b c:/software/altera/10.1/nios2eds/bin/gnu/h-i686-mingw32/bin/../lib/gcc/nios2-elf/4.1.2/../../../../nios2-elf/lib/mno-hw-mul\libc.a(lib_a-exit.o)
 .debug_pubnames
                0x00000ddd       0x1d c:/software/altera/10.1/nios2eds/bin/gnu/h-i686-mingw32/bin/../lib/gcc/nios2-elf/4.1.2/../../../../nios2-elf/lib/mno-hw-mul\libc.a(lib_a-memcmp.o)
 .debug_pubnames
                0x00000dfa       0x2a c:/software/altera/10.1/nios2eds/bin/gnu/h-i686-mingw32/bin/../lib/gcc/nios2-elf/4.1.2/../../../../nios2-elf/lib/mno-hw-mul\libc.a(lib_a-__atexit.o)
 .debug_pubnames
                0x00000e24       0x27 c:/software/altera/10.1/nios2eds/bin/gnu/h-i686-mingw32/bin/../lib/gcc/nios2-elf/4.1.2/../../../../nios2-elf/lib/mno-hw-mul\libc.a(lib_a-__call_atexit.o)
 .debug_pubnames
                0x00000e4b       0x48 c:/software/altera/10.1/nios2eds/bin/gnu/h-i686-mingw32/bin/../lib/gcc/nios2-elf/4.1.2/mno-hw-mul\libgcc.a(lib2-divmod.o)
 .debug_pubnames
                0x00000e93       0x1c ../hello_world_bsp\libhal_bsp.a(alt_exit.o)

.debug_info     0x00000000    0x1b21f
 *(.debug_info .gnu.linkonce.wi.*)
 .debug_info    0x00000000       0x81 ../hello_world_bsp/obj/HAL/src/crt0.o
 .debug_info    0x00000081      0x118 obj/hello_world.o
 .debug_info    0x00000199      0xa25 c:/software/altera/10.1/nios2eds/bin/gnu/h-i686-mingw32/bin/../lib/gcc/nios2-elf/4.1.2/../../../../nios2-elf/lib/mno-hw-mul\libc.a(lib_a-puts.o)
 .debug_info    0x00000bbe       0xdb c:/software/altera/10.1/nios2eds/bin/gnu/h-i686-mingw32/bin/../lib/gcc/nios2-elf/4.1.2/../../../../nios2-elf/lib/mno-hw-mul\libc.a(lib_a-strlen.o)
 .debug_info    0x00000c99      0xa88 c:/software/altera/10.1/nios2eds/bin/gnu/h-i686-mingw32/bin/../lib/gcc/nios2-elf/4.1.2/../../../../nios2-elf/lib/mno-hw-mul\libc.a(lib_a-fvwrite.o)
 .debug_info    0x00001721      0x93d c:/software/altera/10.1/nios2eds/bin/gnu/h-i686-mingw32/bin/../lib/gcc/nios2-elf/4.1.2/../../../../nios2-elf/lib/mno-hw-mul\libc.a(lib_a-impure.o)
 .debug_info    0x0000205e      0xcd0 c:/software/altera/10.1/nios2eds/bin/gnu/h-i686-mingw32/bin/../lib/gcc/nios2-elf/4.1.2/../../../../nios2-elf/lib/mno-hw-mul\libc.a(lib_a-mallocr.o)
 .debug_info    0x00002d2e      0x138 c:/software/altera/10.1/nios2eds/bin/gnu/h-i686-mingw32/bin/../lib/gcc/nios2-elf/4.1.2/../../../../nios2-elf/lib/mno-hw-mul\libc.a(lib_a-memchr.o)
 .debug_info    0x00002e66      0x106 c:/software/altera/10.1/nios2eds/bin/gnu/h-i686-mingw32/bin/../lib/gcc/nios2-elf/4.1.2/../../../../nios2-elf/lib/mno-hw-mul\libc.a(lib_a-memcpy.o)
 .debug_info    0x00002f6c      0x13e c:/software/altera/10.1/nios2eds/bin/gnu/h-i686-mingw32/bin/../lib/gcc/nios2-elf/4.1.2/../../../../nios2-elf/lib/mno-hw-mul\libc.a(lib_a-memmove.o)
 .debug_info    0x000030aa      0xbd7 c:/software/altera/10.1/nios2eds/bin/gnu/h-i686-mingw32/bin/../lib/gcc/nios2-elf/4.1.2/../../../../nios2-elf/lib/mno-hw-mul\libc.a(lib_a-reallocr.o)
 .debug_info    0x00003c81      0x962 c:/software/altera/10.1/nios2eds/bin/gnu/h-i686-mingw32/bin/../lib/gcc/nios2-elf/4.1.2/../../../../nios2-elf/lib/mno-hw-mul\libc.a(lib_a-sbrkr.o)
 .debug_info    0x000045e3      0x95d c:/software/altera/10.1/nios2eds/bin/gnu/h-i686-mingw32/bin/../lib/gcc/nios2-elf/4.1.2/../../../../nios2-elf/lib/mno-hw-mul\libc.a(lib_a-wsetup.o)
 .debug_info    0x00004f40      0x9fe c:/software/altera/10.1/nios2eds/bin/gnu/h-i686-mingw32/bin/../lib/gcc/nios2-elf/4.1.2/../../../../nios2-elf/lib/mno-hw-mul\libc.a(lib_a-fflush.o)
 .debug_info    0x0000593e      0xb72 c:/software/altera/10.1/nios2eds/bin/gnu/h-i686-mingw32/bin/../lib/gcc/nios2-elf/4.1.2/../../../../nios2-elf/lib/mno-hw-mul\libc.a(lib_a-findfp.o)
 .debug_info    0x000064b0      0xbc9 c:/software/altera/10.1/nios2eds/bin/gnu/h-i686-mingw32/bin/../lib/gcc/nios2-elf/4.1.2/../../../../nios2-elf/lib/mno-hw-mul\libc.a(lib_a-freer.o)
 .debug_info    0x00007079      0xaed c:/software/altera/10.1/nios2eds/bin/gnu/h-i686-mingw32/bin/../lib/gcc/nios2-elf/4.1.2/../../../../nios2-elf/lib/mno-hw-mul\libc.a(lib_a-fwalk.o)
 .debug_info    0x00007b66       0x8c c:/software/altera/10.1/nios2eds/bin/gnu/h-i686-mingw32/bin/../lib/gcc/nios2-elf/4.1.2/../../../../nios2-elf/lib/mno-hw-mul\libc.a(lib_a-int_errno.o)
 .debug_info    0x00007bf2      0xb1a c:/software/altera/10.1/nios2eds/bin/gnu/h-i686-mingw32/bin/../lib/gcc/nios2-elf/4.1.2/../../../../nios2-elf/lib/mno-hw-mul\libc.a(lib_a-makebuf.o)
 .debug_info    0x0000870c      0x113 c:/software/altera/10.1/nios2eds/bin/gnu/h-i686-mingw32/bin/../lib/gcc/nios2-elf/4.1.2/../../../../nios2-elf/lib/mno-hw-mul\libc.a(lib_a-memset.o)
 .debug_info    0x0000881f      0xaac c:/software/altera/10.1/nios2eds/bin/gnu/h-i686-mingw32/bin/../lib/gcc/nios2-elf/4.1.2/../../../../nios2-elf/lib/mno-hw-mul\libc.a(lib_a-stdio.o)
 .debug_info    0x000092cb      0x993 c:/software/altera/10.1/nios2eds/bin/gnu/h-i686-mingw32/bin/../lib/gcc/nios2-elf/4.1.2/../../../../nios2-elf/lib/mno-hw-mul\libc.a(lib_a-writer.o)
 .debug_info    0x00009c5e      0x958 c:/software/altera/10.1/nios2eds/bin/gnu/h-i686-mingw32/bin/../lib/gcc/nios2-elf/4.1.2/../../../../nios2-elf/lib/mno-hw-mul\libc.a(lib_a-closer.o)
 .debug_info    0x0000a5b6      0x994 c:/software/altera/10.1/nios2eds/bin/gnu/h-i686-mingw32/bin/../lib/gcc/nios2-elf/4.1.2/../../../../nios2-elf/lib/mno-hw-mul\libc.a(lib_a-fclose.o)
 .debug_info    0x0000af4a      0xafc c:/software/altera/10.1/nios2eds/bin/gnu/h-i686-mingw32/bin/../lib/gcc/nios2-elf/4.1.2/../../../../nios2-elf/lib/mno-hw-mul\libc.a(lib_a-fstatr.o)
 .debug_info    0x0000ba46      0x958 c:/software/altera/10.1/nios2eds/bin/gnu/h-i686-mingw32/bin/../lib/gcc/nios2-elf/4.1.2/../../../../nios2-elf/lib/mno-hw-mul\libc.a(lib_a-isattyr.o)
 .debug_info    0x0000c39e      0x981 c:/software/altera/10.1/nios2eds/bin/gnu/h-i686-mingw32/bin/../lib/gcc/nios2-elf/4.1.2/../../../../nios2-elf/lib/mno-hw-mul\libc.a(lib_a-lseekr.o)
 .debug_info    0x0000cd1f      0x98c c:/software/altera/10.1/nios2eds/bin/gnu/h-i686-mingw32/bin/../lib/gcc/nios2-elf/4.1.2/../../../../nios2-elf/lib/mno-hw-mul\libc.a(lib_a-readr.o)
 .debug_info    0x0000d6ab       0xf3 c:/software/altera/10.1/nios2eds/bin/gnu/h-i686-mingw32/bin/../lib/gcc/nios2-elf/4.1.2/mno-hw-mul\libgcc.a(lib2-mul.o)
 .debug_info    0x0000d79e      0x46d ../hello_world_bsp\libhal_bsp.a(alt_close.o)
 .debug_info    0x0000dc0b      0x685 ../hello_world_bsp\libhal_bsp.a(alt_dev.o)
 .debug_info    0x0000e290      0x16a ../hello_world_bsp\libhal_bsp.a(alt_errno.o)
 .debug_info    0x0000e3fa      0x666 ../hello_world_bsp\libhal_bsp.a(alt_fstat.o)
 .debug_info    0x0000ea60      0x66c ../hello_world_bsp\libhal_bsp.a(alt_isatty.o)
 .debug_info    0x0000f0cc      0x293 ../hello_world_bsp\libhal_bsp.a(alt_load.o)
 .debug_info    0x0000f35f      0x4a0 ../hello_world_bsp\libhal_bsp.a(alt_lseek.o)
 .debug_info    0x0000f7ff      0x22b ../hello_world_bsp\libhal_bsp.a(alt_main.o)
 .debug_info    0x0000fa2a      0xbf6 ../hello_world_bsp\libhal_bsp.a(alt_malloc_lock.o)
 .debug_info    0x00010620      0x690 ../hello_world_bsp\libhal_bsp.a(alt_read.o)
 .debug_info    0x00010cb0      0x3f8 ../hello_world_bsp\libhal_bsp.a(alt_release_fd.o)
 .debug_info    0x000110a8      0x2bd ../hello_world_bsp\libhal_bsp.a(alt_sbrk.o)
 .debug_info    0x00011365      0x699 ../hello_world_bsp\libhal_bsp.a(alt_write.o)
 .debug_info    0x000119fe      0x959 ../hello_world_bsp\libhal_bsp.a(alt_sys_init.o)
 .debug_info    0x00012357      0x7df ../hello_world_bsp\libhal_bsp.a(altera_avalon_jtag_uart_fd.o)
 .debug_info    0x00012b36      0x607 ../hello_world_bsp\libhal_bsp.a(altera_avalon_jtag_uart_init.o)
 .debug_info    0x0001313d      0x449 ../hello_world_bsp\libhal_bsp.a(altera_avalon_jtag_uart_ioctl.o)
 .debug_info    0x00013586      0x54c ../hello_world_bsp\libhal_bsp.a(altera_avalon_jtag_uart_read.o)
 .debug_info    0x00013ad2      0x544 ../hello_world_bsp\libhal_bsp.a(altera_avalon_jtag_uart_write.o)
 .debug_info    0x00014016      0x8f4 ../hello_world_bsp\libhal_bsp.a(altera_avalon_lcd_16207.o)
 .debug_info    0x0001490a      0x718 ../hello_world_bsp\libhal_bsp.a(altera_avalon_lcd_16207_fd.o)
 .debug_info    0x00015022      0x391 ../hello_world_bsp\libhal_bsp.a(altera_avalon_timer_sc.o)
 .debug_info    0x000153b3      0x448 ../hello_world_bsp\libhal_bsp.a(alt_alarm_start.o)
 .debug_info    0x000157fb      0x162 ../hello_world_bsp\libhal_bsp.a(alt_dcache_flush_all.o)
 .debug_info    0x0001595d      0x2bd ../hello_world_bsp\libhal_bsp.a(alt_dev_llist_insert.o)
 .debug_info    0x00015c1a       0xed ../hello_world_bsp\libhal_bsp.a(alt_do_ctors.o)
 .debug_info    0x00015d07       0xec ../hello_world_bsp\libhal_bsp.a(alt_do_dtors.o)
 .debug_info    0x00015df3      0x162 ../hello_world_bsp\libhal_bsp.a(alt_icache_flush_all.o)
 .debug_info    0x00015f55      0x499 ../hello_world_bsp\libhal_bsp.a(alt_iic.o)
 .debug_info    0x000163ee      0x31a ../hello_world_bsp\libhal_bsp.a(alt_iic_isr_register.o)
 .debug_info    0x00016708      0x69b ../hello_world_bsp\libhal_bsp.a(alt_io_redirect.o)
 .debug_info    0x00016da3       0x8a ../hello_world_bsp\libhal_bsp.a(alt_irq_entry.o)
 .debug_info    0x00016e2d      0x27b ../hello_world_bsp\libhal_bsp.a(alt_irq_handler.o)
 .debug_info    0x000170a8      0x16d ../hello_world_bsp\libhal_bsp.a(alt_irq_vars.o)
 .debug_info    0x00017215      0x52b ../hello_world_bsp\libhal_bsp.a(alt_open.o)
 .debug_info    0x00017740      0x404 ../hello_world_bsp\libhal_bsp.a(alt_tick.o)
 .debug_info    0x00017b44      0x146 ../hello_world_bsp\libhal_bsp.a(alt_usleep.o)
 .debug_info    0x00017c8a      0x15f ../hello_world_bsp\libhal_bsp.a(altera_nios2_irq.o)
 .debug_info    0x00017de9      0x1b1 ../hello_world_bsp\libhal_bsp.a(alt_busy_sleep.o)
 .debug_info    0x00017f9a       0x90 ../hello_world_bsp\libhal_bsp.a(alt_exception_entry.o)
 .debug_info    0x0001802a      0x41e ../hello_world_bsp\libhal_bsp.a(alt_find_dev.o)
 .debug_info    0x00018448      0x425 ../hello_world_bsp\libhal_bsp.a(alt_find_file.o)
 .debug_info    0x0001886d      0x466 ../hello_world_bsp\libhal_bsp.a(alt_get_fd.o)
 .debug_info    0x00018cd3      0x1aa ../hello_world_bsp\libhal_bsp.a(alt_icache_flush.o)
 .debug_info    0x00018e7d      0x181 c:/software/altera/10.1/nios2eds/bin/gnu/h-i686-mingw32/bin/../lib/gcc/nios2-elf/4.1.2/../../../../nios2-elf/lib/mno-hw-mul\libc.a(lib_a-atexit.o)
 .debug_info    0x00018ffe       0xa0 c:/software/altera/10.1/nios2eds/bin/gnu/h-i686-mingw32/bin/../lib/gcc/nios2-elf/4.1.2/../../../../nios2-elf/lib/mno-hw-mul\libc.a(lib_a-ctype_.o)
 .debug_info    0x0001909e      0x93f c:/software/altera/10.1/nios2eds/bin/gnu/h-i686-mingw32/bin/../lib/gcc/nios2-elf/4.1.2/../../../../nios2-elf/lib/mno-hw-mul\libc.a(lib_a-exit.o)
 .debug_info    0x000199dd      0x115 c:/software/altera/10.1/nios2eds/bin/gnu/h-i686-mingw32/bin/../lib/gcc/nios2-elf/4.1.2/../../../../nios2-elf/lib/mno-hw-mul\libc.a(lib_a-memcmp.o)
 .debug_info    0x00019af2      0x99c c:/software/altera/10.1/nios2eds/bin/gnu/h-i686-mingw32/bin/../lib/gcc/nios2-elf/4.1.2/../../../../nios2-elf/lib/mno-hw-mul\libc.a(lib_a-__atexit.o)
 .debug_info    0x0001a48e      0x9e2 c:/software/altera/10.1/nios2eds/bin/gnu/h-i686-mingw32/bin/../lib/gcc/nios2-elf/4.1.2/../../../../nios2-elf/lib/mno-hw-mul\libc.a(lib_a-__call_atexit.o)
 .debug_info    0x0001ae70      0x21c c:/software/altera/10.1/nios2eds/bin/gnu/h-i686-mingw32/bin/../lib/gcc/nios2-elf/4.1.2/mno-hw-mul\libgcc.a(lib2-divmod.o)
 .debug_info    0x0001b08c      0x193 ../hello_world_bsp\libhal_bsp.a(alt_exit.o)

.debug_abbrev   0x00000000     0x545c
 *(.debug_abbrev)
 .debug_abbrev  0x00000000       0x12 ../hello_world_bsp/obj/HAL/src/crt0.o
 .debug_abbrev  0x00000012       0x3f obj/hello_world.o
 .debug_abbrev  0x00000051      0x1ac c:/software/altera/10.1/nios2eds/bin/gnu/h-i686-mingw32/bin/../lib/gcc/nios2-elf/4.1.2/../../../../nios2-elf/lib/mno-hw-mul\libc.a(lib_a-puts.o)
 .debug_abbrev  0x000001fd       0x8b c:/software/altera/10.1/nios2eds/bin/gnu/h-i686-mingw32/bin/../lib/gcc/nios2-elf/4.1.2/../../../../nios2-elf/lib/mno-hw-mul\libc.a(lib_a-strlen.o)