Archive member included because of file (symbol)

c:/software/altera/10.1/nios2eds/bin/gnu/h-i686-mingw32/bin/../lib/gcc/nios2-elf/4.1.2/../../../../nios2-elf/lib/mno-hw-mul\libc.a(lib_a-fclose.o)
                              obj/board_diag.o (fclose)
c:/software/altera/10.1/nios2eds/bin/gnu/h-i686-mingw32/bin/../lib/gcc/nios2-elf/4.1.2/../../../../nios2-elf/lib/mno-hw-mul\libc.a(lib_a-fflush.o)
                              c:/software/altera/10.1/nios2eds/bin/gnu/h-i686-mingw32/bin/../lib/gcc/nios2-elf/4.1.2/../../../../nios2-elf/lib/mno-hw-mul\libc.a(lib_a-fclose.o) (_fflush_r)
c:/software/altera/10.1/nios2eds/bin/gnu/h-i686-mingw32/bin/../lib/gcc/nios2-elf/4.1.2/../../../../nios2-elf/lib/mno-hw-mul\libc.a(lib_a-findfp.o)
                              c:/software/altera/10.1/nios2eds/bin/gnu/h-i686-mingw32/bin/../lib/gcc/nios2-elf/4.1.2/../../../../nios2-elf/lib/mno-hw-mul\libc.a(lib_a-fclose.o) (__sfp_lock_acquire)
c:/software/altera/10.1/nios2eds/bin/gnu/h-i686-mingw32/bin/../lib/gcc/nios2-elf/4.1.2/../../../../nios2-elf/lib/mno-hw-mul\libc.a(lib_a-fopen.o)
                              obj/board_diag.o (fopen)
c:/software/altera/10.1/nios2eds/bin/gnu/h-i686-mingw32/bin/../lib/gcc/nios2-elf/4.1.2/../../../../nios2-elf/lib/mno-hw-mul\libc.a(lib_a-fprintf.o)
                              obj/board_diag.o (fprintf)
c:/software/altera/10.1/nios2eds/bin/gnu/h-i686-mingw32/bin/../lib/gcc/nios2-elf/4.1.2/../../../../nios2-elf/lib/mno-hw-mul\libc.a(lib_a-freer.o)
                              c:/software/altera/10.1/nios2eds/bin/gnu/h-i686-mingw32/bin/../lib/gcc/nios2-elf/4.1.2/../../../../nios2-elf/lib/mno-hw-mul\libc.a(lib_a-fclose.o) (_free_r)
c:/software/altera/10.1/nios2eds/bin/gnu/h-i686-mingw32/bin/../lib/gcc/nios2-elf/4.1.2/../../../../nios2-elf/lib/mno-hw-mul\libc.a(lib_a-fseek.o)
                              c:/software/altera/10.1/nios2eds/bin/gnu/h-i686-mingw32/bin/../lib/gcc/nios2-elf/4.1.2/../../../../nios2-elf/lib/mno-hw-mul\libc.a(lib_a-fopen.o) (_fseek_r)
c:/software/altera/10.1/nios2eds/bin/gnu/h-i686-mingw32/bin/../lib/gcc/nios2-elf/4.1.2/../../../../nios2-elf/lib/mno-hw-mul\libc.a(lib_a-fstatr.o)
                              c:/software/altera/10.1/nios2eds/bin/gnu/h-i686-mingw32/bin/../lib/gcc/nios2-elf/4.1.2/../../../../nios2-elf/lib/mno-hw-mul\libc.a(lib_a-fseek.o) (_fstat_r)
c:/software/altera/10.1/nios2eds/bin/gnu/h-i686-mingw32/bin/../lib/gcc/nios2-elf/4.1.2/../../../../nios2-elf/lib/mno-hw-mul\libc.a(lib_a-fwalk.o)
                              c:/software/altera/10.1/nios2eds/bin/gnu/h-i686-mingw32/bin/../lib/gcc/nios2-elf/4.1.2/../../../../nios2-elf/lib/mno-hw-mul\libc.a(lib_a-fflush.o) (_fwalk_reent)
c:/software/altera/10.1/nios2eds/bin/gnu/h-i686-mingw32/bin/../lib/gcc/nios2-elf/4.1.2/../../../../nios2-elf/lib/mno-hw-mul\libc.a(lib_a-fwrite.o)
                              obj/board_diag.o (fwrite)
c:/software/altera/10.1/nios2eds/bin/gnu/h-i686-mingw32/bin/../lib/gcc/nios2-elf/4.1.2/../../../../nios2-elf/lib/mno-hw-mul\libc.a(lib_a-getc.o)
                              obj/board_diag.o (getc)
c:/software/altera/10.1/nios2eds/bin/gnu/h-i686-mingw32/bin/../lib/gcc/nios2-elf/4.1.2/../../../../nios2-elf/lib/mno-hw-mul\libc.a(lib_a-impure.o)
                              obj/board_diag.o (_impure_ptr)
c:/software/altera/10.1/nios2eds/bin/gnu/h-i686-mingw32/bin/../lib/gcc/nios2-elf/4.1.2/../../../../nios2-elf/lib/mno-hw-mul\libc.a(lib_a-int_errno.o)
                              c:/software/altera/10.1/nios2eds/bin/gnu/h-i686-mingw32/bin/../lib/gcc/nios2-elf/4.1.2/../../../../nios2-elf/lib/mno-hw-mul\libc.a(lib_a-fstatr.o) (errno)
c:/software/altera/10.1/nios2eds/bin/gnu/h-i686-mingw32/bin/../lib/gcc/nios2-elf/4.1.2/../../../../nios2-elf/lib/mno-hw-mul\libc.a(lib_a-makebuf.o)
                              c:/software/altera/10.1/nios2eds/bin/gnu/h-i686-mingw32/bin/../lib/gcc/nios2-elf/4.1.2/../../../../nios2-elf/lib/mno-hw-mul\libc.a(lib_a-fseek.o) (__smakebuf_r)
c:/software/altera/10.1/nios2eds/bin/gnu/h-i686-mingw32/bin/../lib/gcc/nios2-elf/4.1.2/../../../../nios2-elf/lib/mno-hw-mul\libc.a(lib_a-mallocr.o)
                              c:/software/altera/10.1/nios2eds/bin/gnu/h-i686-mingw32/bin/../lib/gcc/nios2-elf/4.1.2/../../../../nios2-elf/lib/mno-hw-mul\libc.a(lib_a-findfp.o) (_malloc_r)
c:/software/altera/10.1/nios2eds/bin/gnu/h-i686-mingw32/bin/../lib/gcc/nios2-elf/4.1.2/../../../../nios2-elf/lib/mno-hw-mul\libc.a(lib_a-memset.o)
                              c:/software/altera/10.1/nios2eds/bin/gnu/h-i686-mingw32/bin/../lib/gcc/nios2-elf/4.1.2/../../../../nios2-elf/lib/mno-hw-mul\libc.a(lib_a-findfp.o) (memset)
c:/software/altera/10.1/nios2eds/bin/gnu/h-i686-mingw32/bin/../lib/gcc/nios2-elf/4.1.2/../../../../nios2-elf/lib/mno-hw-mul\libc.a(lib_a-openr.o)
                              c:/software/altera/10.1/nios2eds/bin/gnu/h-i686-mingw32/bin/../lib/gcc/nios2-elf/4.1.2/../../../../nios2-elf/lib/mno-hw-mul\libc.a(lib_a-fopen.o) (_open_r)
[...]
Memory Configuration

Name             Origin             Length             Attributes
reset            0x00800000         0x00000020
sdram_0          0x00800020         0x007fffe0
*default*        0x00000000         0xffffffff

Linker script and memory map

LOAD ../Lab1_phase1_bsp/obj/HAL/src/crt0.o
LOAD obj/board_diag.o
LOAD c:/software/altera/10.1/nios2eds/bin/gnu/h-i686-mingw32/bin/../lib/gcc/nios2-elf/4.1.2/../../../../nios2-elf/lib/mno-hw-mul\libstdc++.a
LOAD c:/software/altera/10.1/nios2eds/bin/gnu/h-i686-mingw32/bin/../lib/gcc/nios2-elf/4.1.2/../../../../nios2-elf/lib/mno-hw-mul\libm.a
LOAD c:/software/altera/10.1/nios2eds/bin/gnu/h-i686-mingw32/bin/../lib/gcc/nios2-elf/4.1.2/mno-hw-mul\libgcc.a
START GROUP
LOAD c:/software/altera/10.1/nios2eds/bin/gnu/h-i686-mingw32/bin/../lib/gcc/nios2-elf/4.1.2/../../../../nios2-elf/lib/mno-hw-mul\libc.a
LOAD c:/software/altera/10.1/nios2eds/bin/gnu/h-i686-mingw32/bin/../lib/gcc/nios2-elf/4.1.2/mno-hw-mul\libgcc.a
LOAD ../Lab1_phase1_bsp\libhal_bsp.a
END GROUP
LOAD c:/software/altera/10.1/nios2eds/bin/gnu/h-i686-mingw32/bin/../lib/gcc/nios2-elf/4.1.2/mno-hw-mul\libgcc.a
                0x00800000                __alt_mem_sdram_0 = 0x800000

.entry          0x00800000       0x20
 *(.entry)
 .entry         0x00800000       0x20 ../Lab1_phase1_bsp/obj/HAL/src/crt0.o
                0x00800000                __reset

.exceptions     0x00800020      0x194
                0x00800020                PROVIDE (__ram_exceptions_start, ABSOLUTE (.))
                0x00800020                . = ALIGN (0x20)
 *(.irq)
 *(.exceptions.entry.label)
 .exceptions.entry.label
                0x00800020        0x0 ../Lab1_phase1_bsp\libhal_bsp.a(alt_irq_entry.o)
                0x00800020                alt_irq_entry
 .exceptions.entry.label
                0x00800020        0x0 ../Lab1_phase1_bsp\libhal_bsp.a(alt_exception_entry.o)
                0x00800020                alt_exception
 *(.exceptions.entry.user)
 *(.exceptions.entry)
 .exceptions.entry
                0x00800020       0x54 ../Lab1_phase1_bsp\libhal_bsp.a(alt_exception_entry.o)
 *(.exceptions.irqtest.user)
 *(.exceptions.irqtest)
 .exceptions.irqtest
                0x00800074       0x10 ../Lab1_phase1_bsp\libhal_bsp.a(alt_irq_entry.o)
 *(.exceptions.irqhandler.user)
 *(.exceptions.irqhandler)
 .exceptions.irqhandler
                0x00800084        0x4 ../Lab1_phase1_bsp\libhal_bsp.a(alt_irq_entry.o)
 *(.exceptions.irqreturn.user)
 *(.exceptions.irqreturn)
 .exceptions.irqreturn
                0x00800088        0x4 ../Lab1_phase1_bsp\libhal_bsp.a(alt_irq_entry.o)
 *(.exceptions.notirq.label)
 .exceptions.notirq.label
                0x0080008c        0x0 ../Lab1_phase1_bsp\libhal_bsp.a(alt_irq_entry.o)
 *(.exceptions.notirq.user)
 *(.exceptions.notirq)
 .exceptions.notirq
                0x0080008c        0x8 ../Lab1_phase1_bsp\libhal_bsp.a(alt_exception_entry.o)
 *(.exceptions.soft.user)
 *(.exceptions.soft)
 *(.exceptions.unknown.user)
 *(.exceptions.unknown)
 .exceptions.unknown
                0x00800094        0x4 ../Lab1_phase1_bsp\libhal_bsp.a(alt_exception_entry.o)
 *(.exceptions.exit.label)
 .exceptions.exit.label
                0x00800098        0x0 ../Lab1_phase1_bsp\libhal_bsp.a(alt_irq_entry.o)
 .exceptions.exit.label
                0x00800098        0x0 ../Lab1_phase1_bsp\libhal_bsp.a(alt_exception_entry.o)
 *(.exceptions.exit.user)
 *(.exceptions.exit)
 .exceptions.exit
                0x00800098       0x54 ../Lab1_phase1_bsp\libhal_bsp.a(alt_exception_entry.o)
 *(.exceptions)
 .exceptions    0x008000ec       0xc8 ../Lab1_phase1_bsp\libhal_bsp.a(alt_irq_handler.o)
                0x008000ec                alt_irq_handler
                0x008001b4                PROVIDE (__ram_exceptions_end, ABSOLUTE (.))
                0x00800020                PROVIDE (__flash_exceptions_start, LOADADDR (.exceptions))

.text           0x008001b4    0x14790
                0x008001b4                PROVIDE (stext, ABSOLUTE (.))
 *(.interp)
 *(.hash)
 *(.dynsym)
 *(.dynstr)
 *(.gnu.version)
 *(.gnu.version_d)
 *(.gnu.version_r)
 *(.rel.init)
 *(.rela.init)
 *(.rel.text .rel.text.* .rel.gnu.linkonce.t.*)
 *(.rela.text .rela.text.* .rela.gnu.linkonce.t.*)
 *(.rel.fini)
 *(.rela.fini)
 *(.rel.rodata .rel.rodata.* .rel.gnu.linkonce.r.*)
 *(.rela.rodata .rela.rodata.* .rela.gnu.linkonce.r.*)
 *(.rel.data .rel.data.* .rel.gnu.linkonce.d.*)
 *(.rela.data .rela.data.* .rela.gnu.linkonce.d.*)
 *(.rel.tdata .rel.tdata.* .rel.gnu.linkonce.td.*)
 *(.rela.tdata .rela.tdata.* .rela.gnu.linkonce.td.*)
 *(.rel.tbss .rel.tbss.* .rel.gnu.linkonce.tb.*)
 *(.rela.tbss .rela.tbss.* .rela.gnu.linkonce.tb.*)
 *(.rel.ctors)
 *(.rela.ctors)
 *(.rel.dtors)
 *(.rela.dtors)
 *(.rel.got)
 *(.rela.got)
 *(.rel.sdata .rel.sdata.* .rel.gnu.linkonce.s.*)
 *(.rela.sdata .rela.sdata.* .rela.gnu.linkonce.s.*)
 *(.rel.sbss .rel.sbss.* .rel.gnu.linkonce.sb.*)
 *(.rela.sbss .rela.sbss.* .rela.gnu.linkonce.sb.*)
 *(.rel.sdata2 .rel.sdata2.* .rel.gnu.linkonce.s2.*)
 *(.rela.sdata2 .rela.sdata2.* .rela.gnu.linkonce.s2.*)
 *(.rel.sbss2 .rel.sbss2.* .rel.gnu.linkonce.sb2.*)
 *(.rela.sbss2 .rela.sbss2.* .rela.gnu.linkonce.sb2.*)
 *(.rel.bss .rel.bss.* .rel.gnu.linkonce.b.*)
 *(.rela.bss .rela.bss.* .rela.gnu.linkonce.b.*)
 *(.rel.plt)
 *(.rela.plt)
 *(.rel.dyn)
 *(.init)
 *(.plt)
 *(.text .stub .text.* .gnu.linkonce.t.*)
 .text          0x008001b4       0x3c ../Lab1_phase1_bsp/obj/HAL/src/crt0.o
                0x008001b4                _start
 .text          0x008001f0      0xd3c obj/board_diag.o
                0x00800298                GetInputString
                0x00800ea8                diagnostics_main
                0x00800f04                main
 .text          0x00800f2c      0x124 c:/software/altera/10.1/nios2eds/bin/gnu/h-i686-mingw32/bin/../lib/gcc/nios2-elf/4.1.2/../../../../nios2-elf/lib/mno-hw-mul\libc.a(lib_a-fclose.o)
                0x00800f2c                _fclose_r
                0x0080103c                fclose
 .text          0x00801050      0x230 c:/software/altera/10.1/nios2eds/bin/gnu/h-i686-mingw32/bin/../lib/gcc/nios2-elf/4.1.2/../../../../nios2-elf/lib/mno-hw-mul\libc.a(lib_a-fflush.o)
                0x00801050                _fflush_r
                0x0080124c                fflush
 .text          0x00801280      0x2f4 c:/software/altera/10.1/nios2eds/bin/gnu/h-i686-mingw32/bin/../lib/gcc/nios2-elf/4.1.2/../../../../nios2-elf/lib/mno-hw-mul\libc.a(lib_a-findfp.o)
                0x008012d8                __sfp_lock_acquire
                0x008012dc                __sfp_lock_release
                0x008012e0                __sinit_lock_acquire
                0x008012e4                __sinit_lock_release
                0x008012e8                __sinit
                0x0080139c                __fp_unlock_all
                0x008013b4                __fp_lock_all
                0x008013cc                _cleanup_r
                0x008013d8                _cleanup
                0x008013e8                __sfmoreglue
                0x00801484                __sfp
 .text          0x00801574      0x110 c:/software/altera/10.1/nios2eds/bin/gnu/h-i686-mingw32/bin/../lib/gcc/nios2-elf/4.1.2/../../../../nios2-elf/lib/mno-hw-mul\libc.a(lib_a-fopen.o)
                0x00801574                _fopen_r
                0x00801668                fopen
 .text          0x00801684       0x60 c:/software/altera/10.1/nios2eds/bin/gnu/h-i686-mingw32/bin/../lib/gcc/nios2-elf/4.1.2/../../../../nios2-elf/lib/mno-hw-mul\libc.a(lib_a-fprintf.o)
                0x00801684                fprintf
                0x008016b0                _fprintf_r
 .text          0x008016e4      0x440 c:/software/altera/10.1/nios2eds/bin/gnu/h-i686-mingw32/bin/../lib/gcc/nios2-elf/4.1.2/../../../../nios2-elf/lib/mno-hw-mul\libc.a(lib_a-freer.o)
                0x008016e4                _malloc_trim_r
                0x00801810                _free_r
 .text          0x00801b24      0x460 c:/software/altera/10.1/nios2eds/bin/gnu/h-i686-mingw32/bin/../lib/gcc/nios2-elf/4.1.2/../../../../nios2-elf/lib/mno-hw-mul\libc.a(lib_a-fseek.o)
                0x00801b24                _fseek_r
                0x00801f60                fseek
 .text          0x00801f84       0x74 c:/software/altera/10.1/nios2eds/bin/gnu/h-i686-mingw32/bin/../lib/gcc/nios2-elf/4.1.2/../../../../nios2-elf/lib/mno-hw-mul\libc.a(lib_a-fstatr.o)
                0x00801f84                _fstat_r
 .text          0x00801ff8      0x180 c:/software/altera/10.1/nios2eds/bin/gnu/h-i686-mingw32/bin/../lib/gcc/nios2-elf/4.1.2/../../../../nios2-elf/lib/mno-hw-mul\libc.a(lib_a-fwalk.o)
                0x00801ff8                _fwalk_reent
                0x008020c0                _fwalk
 .text          0x00802178       0xec c:/software/altera/10.1/nios2eds/bin/gnu/h-i686-mingw32/bin/../lib/gcc/nios2-elf/4.1.2/../../../../nios2-elf/lib/mno-hw-mul\libc.a(lib_a-fwrite.o)
                0x00802178                _fwrite_r
                0x00802224                fwrite
 .text          0x00802264      0x128 c:/software/altera/10.1/nios2eds/bin/gnu/h-i686-mingw32/bin/../lib/gcc/nios2-elf/4.1.2/../../../../nios2-elf/lib/mno-hw-mul\libc.a(lib_a-getc.o)
                0x00802264                getc
                0x008022fc                _getc_r
 .text          0x0080238c        0x0 c:/software/altera/10.1/nios2eds/bin/gnu/h-i686-mingw32/bin/../lib/gcc/nios2-elf/4.1.2/../../../../nios2-elf/lib/mno-hw-mul\libc.a(lib_a-impure.o)
 .text          0x0080238c        0x0 c:/software/altera/10.1/nios2eds/bin/gnu/h-i686-mingw32/bin/../lib/gcc/nios2-elf/4.1.2/../../../../nios2-elf/lib/mno-hw-mul\libc.a(lib_a-int_errno.o)
 .text          0x0080238c      0x194 c:/software/altera/10.1/nios2eds/bin/gnu/h-i686-mingw32/bin/../lib/gcc/nios2-elf/4.1.2/../../../../nios2-elf/lib/mno-hw-mul\libc.a(lib_a-makebuf.o)
                0x0080238c                __smakebuf_r
 .text          0x00802520      0x740 c:/software/altera/10.1/nios2eds/bin/gnu/h-i686-mingw32/bin/../lib/gcc/nios2-elf/4.1.2/../../../../nios2-elf/lib/mno-hw-mul\libc.a(lib_a-mallocr.o)
                0x00802520                _malloc_r
 .text          0x00802c60       0x98 c:/software/altera/10.1/nios2eds/bin/gnu/h-i686-mingw32/bin/../lib/gcc/nios2-elf/4.1.2/../../../../nios2-elf/lib/mno-hw-mul\libc.a(lib_a-memset.o)
                0x00802c60                memset
 .text          0x00802cf8       0x78 c:/software/altera/10.1/nios2eds/bin/gnu/h-i686-mingw32/bin/../lib/gcc/nios2-elf/4.1.2/../../../../nios2-elf/lib/mno-hw-mul\libc.a(lib_a-openr.o)
                0x00802cf8                _open_r
 .text          0x00802d70       0x78 c:/software/altera/10.1/nios2eds/bin/gnu/h-i686-mingw32/bin/../lib/gcc/nios2-elf/4.1.2/../../../../nios2-elf/lib/mno-hw-mul\libc.a(lib_a-printf.o)
                0x00802d70                printf
                0x00802db4                _printf_r
 .text          0x00802de8       0x24 c:/software/altera/10.1/nios2eds/bin/gnu/h-i686-mingw32/bin/../lib/gcc/nios2-elf/4.1.2/../../../../nios2-elf/lib/mno-hw-mul\libc.a(lib_a-putchar.o)
                0x00802de8                putchar
                0x00802e04                _putchar_r
 .text          0x00802e0c       0xb4 c:/software/altera/10.1/nios2eds/bin/gnu/h-i686-mingw32/bin/../lib/gcc/nios2-elf/4.1.2/../../../../nios2-elf/lib/mno-hw-mul\libc.a(lib_a-puts.o)
                0x00802e0c                _puts_r
                0x00802eac                puts
 .text          0x00802ec0      0x1e0 c:/software/altera/10.1/nios2eds/bin/gnu/h-i686-mingw32/bin/../lib/gcc/nios2-elf/4.1.2/../../../../nios2-elf/lib/mno-hw-mul\libc.a(lib_a-refill.o)
                0x00802ec0                __srefill_r
 .text          0x008030a0       0x60 c:/software/altera/10.1/nios2eds/bin/gnu/h-i686-mingw32/bin/../lib/gcc/nios2-elf/4.1.2/../../../../nios2-elf/lib/mno-hw-mul\libc.a(lib_a-rget.o)
                0x008030a0                __srget_r
                0x008030ec                __srget
 .text          0x00803100       0x70 c:/software/altera/10.1/nios2eds/bin/gnu/h-i686-mingw32/bin/../lib/gcc/nios2-elf/4.1.2/../../../../nios2-elf/lib/mno-hw-mul\libc.a(lib_a-sbrkr.o)
                0x00803100                _sbrk_r
 .text          0x00803170      0x114 c:/software/altera/10.1/nios2eds/bin/gnu/h-i686-mingw32/bin/../lib/gcc/nios2-elf/4.1.2/../../../../nios2-elf/lib/mno-hw-mul\libc.a(lib_a-sscanf.o)
                0x00803178                _sscanf_r
                0x00803200                sscanf
 .text          0x00803284      0x14c c:/software/altera/10.1/nios2eds/bin/gnu/h-i686-mingw32/bin/../lib/gcc/nios2-elf/4.1.2/../../../../nios2-elf/lib/mno-hw-mul\libc.a(lib_a-stdio.o)
                0x00803284                __sclose
                0x0080328c                __sseek
                0x008032f4                __swrite
                0x00803370                __sread
 .text          0x008033d0       0x74 c:/software/altera/10.1/nios2eds/bin/gnu/h-i686-mingw32/bin/../lib/gcc/nios2-elf/4.1.2/../../../../nios2-elf/lib/mno-hw-mul\libc.a(lib_a-strlen.o)
                0x008033d0                strlen
 .text          0x00803444     0x1f40 c:/software/altera/10.1/nios2eds/bin/gnu/h-i686-mingw32/bin/../lib/gcc/nios2-elf/4.1.2/../../../../nios2-elf/lib/mno-hw-mul\libc.a(lib_a-vfprintf.o)
                0x0080349c                ___vfprintf_internal_r
                0x00805360                __vfprintf_internal
 .text          0x00805384     0x1788 c:/software/altera/10.1/nios2eds/bin/gnu/h-i686-mingw32/bin/../lib/gcc/nios2-elf/4.1.2/../../../../nios2-elf/lib/mno-hw-mul\libc.a(lib_a-vfscanf.o)
                0x00805384                __svfscanf_r
                0x00806a0c                __svfscanf
                0x00806a30                _vfscanf_r
                0x00806a98                vfscanf
 .text          0x00806b0c       0x78 c:/software/altera/10.1/nios2eds/bin/gnu/h-i686-mingw32/bin/../lib/gcc/nios2-elf/4.1.2/../../../../nios2-elf/lib/mno-hw-mul\libc.a(lib_a-writer.o)
                0x00806b0c                _write_r
 .text          0x00806b84      0x13c c:/software/altera/10.1/nios2eds/bin/gnu/h-i686-mingw32/bin/../lib/gcc/nios2-elf/4.1.2/../../../../nios2-elf/lib/mno-hw-mul\libc.a(lib_a-wsetup.o)
                0x00806b84                __swsetup_r
 .text          0x00806cc0       0x70 c:/software/altera/10.1/nios2eds/bin/gnu/h-i686-mingw32/bin/../lib/gcc/nios2-elf/4.1.2/../../../../nios2-elf/lib/mno-hw-mul\libc.a(lib_a-closer.o)
                0x00806cc0                _close_r
 .text          0x00806d30        0x0 c:/software/altera/10.1/nios2eds/bin/gnu/h-i686-mingw32/bin/../lib/gcc/nios2-elf/4.1.2/../../../../nios2-elf/lib/mno-hw-mul\libc.a(lib_a-ctype_.o)
 .text          0x00806d30     0x17f8 c:/software/altera/10.1/nios2eds/bin/gnu/h-i686-mingw32/bin/../lib/gcc/nios2-elf/4.1.2/../../../../nios2-elf/lib/mno-hw-mul\libc.a(lib_a-dtoa.o)
                0x00806f74                _dtoa_r
 .text          0x00808528       0xa0 c:/software/altera/10.1/nios2eds/bin/gnu/h-i686-mingw32/bin/../lib/gcc/nios2-elf/4.1.2/../../../../nios2-elf/lib/mno-hw-mul\libc.a(lib_a-flags.o)
                0x00808528                __sflags
 .text          0x008085c8      0x24c c:/software/altera/10.1/nios2eds/bin/gnu/h-i686-mingw32/bin/../lib/gcc/nios2-elf/4.1.2/../../../../nios2-elf/lib/mno-hw-mul\libc.a(lib_a-fread.o)
                0x008085c8                _fread_r
                0x008087d4                fread
 .text          0x00808814      0x49c c:/software/altera/10.1/nios2eds/bin/gnu/h-i686-mingw32/bin/../lib/gcc/nios2-elf/4.1.2/../../../../nios2-elf/lib/mno-hw-mul\libc.a(lib_a-fvwrite.o)
                0x00808814                __sfvwrite_r
 .text          0x00808cb0       0x70 c:/software/altera/10.1/nios2eds/bin/gnu/h-i686-mingw32/bin/../lib/gcc/nios2-elf/4.1.2/../../../../nios2-elf/lib/mno-hw-mul\libc.a(lib_a-isattyr.o)
                0x00808cb0                _isatty_r
 .text          0x00808d20       0x2c c:/software/altera/10.1/nios2eds/bin/gnu/h-i686-mingw32/bin/../lib/gcc/nios2-elf/4.1.2/../../../../nios2-elf/lib/mno-hw-mul\libc.a(lib_a-iswspace.o)
                0x00808d20                iswspace
 .text          0x00808d4c       0xc4 c:/software/altera/10.1/nios2eds/bin/gnu/h-i686-mingw32/bin/../lib/gcc/nios2-elf/4.1.2/../../../../nios2-elf/lib/mno-hw-mul\libc.a(lib_a-locale.o)
                0x00808d4c                __locale_charset
                0x00808d54                _localeconv_r
                0x00808d60                localeconv
                0x00808d70                _setlocale_r
                0x00808df4                setlocale
 .text          0x00808e10       0x78 c:/software/altera/10.1/nios2eds/bin/gnu/h-i686-mingw32/bin/../lib/gcc/nios2-elf/4.1.2/../../../../nios2-elf/lib/mno-hw-mul\libc.a(lib_a-lseekr.o)
                0x00808e10                _lseek_r
 .text          0x00808e88       0xc0 c:/software/altera/10.1/nios2eds/bin/gnu/h-i686-mingw32/bin/../lib/gcc/nios2-elf/4.1.2/../../../../nios2-elf/lib/mno-hw-mul\libc.a(lib_a-mbrtowc.o)
                0x00808e88                _mbrtowc_r
                0x00808f08                mbrtowc
 .text          0x00808f48       0x40 c:/software/altera/10.1/nios2eds/bin/gnu/h-i686-mingw32/bin/../lib/gcc/nios2-elf/4.1.2/../../../../nios2-elf/lib/mno-hw-mul\libc.a(lib_a-mbtowc_r.o)
                0x00808f48                _mbtowc_r
 .text          0x00808f88       0xe4 c:/software/altera/10.1/nios2eds/bin/gnu/h-i686-mingw32/bin/../lib/gcc/nios2-elf/4.1.2/../../../../nios2-elf/lib/mno-hw-mul\libc.a(lib_a-memchr.o)
                0x00808f88                memchr
 .text          0x0080906c       0xa0 c:/software/altera/10.1/nios2eds/bin/gnu/h-i686-mingw32/bin/../lib/gcc/nios2-elf/4.1.2/../../../../nios2-elf/lib/mno-hw-mul\libc.a(lib_a-memcpy.o)
                0x0080906c                memcpy
 .text          0x0080910c       0xe0 c:/software/altera/10.1/nios2eds/bin/gnu/h-i686-mingw32/bin/../lib/gcc/nios2-elf/4.1.2/../../../../nios2-elf/lib/mno-hw-mul\libc.a(lib_a-memmove.o)
                0x0080910c                memmove
 .text          0x008091ec     0x108c c:/software/altera/10.1/nios2eds/bin/gnu/h-i686-mingw32/bin/../lib/gcc/nios2-elf/4.1.2/../../../../nios2-elf/lib/mno-hw-mul\libc.a(lib_a-mprec.o)
                0x008091ec                _Bfree
                0x00809214                __hi0bits
                0x00809284                __lo0bits
                0x00809348                __mcmp
                0x008093a8                __ulp
                0x00809428                __b2d
                0x00809548                __ratio
                0x008095f8                _mprec_log10
                0x0080968c                __copybits
                0x008096e4                __any_on
                0x0080976c                _Balloc
                0x00809828                __d2b
                0x008099a4                __mdiff
                0x00809b30                __lshift
                0x00809c7c                __multiply
                0x00809ed0                __i2b
                0x00809f0c                __multadd
                0x0080a038                __pow5mult
                0x0080a158                __s2b
 .text          0x0080a278      0x1ec c:/software/altera/10.1/nios2eds/bin/gnu/h-i686-mingw32/bin/../lib/gcc/nios2-elf/4.1.2/../../../../nios2-elf/lib/mno-hw-mul\libc.a(lib_a-putc.o)
                0x0080a278                putc
                0x0080a37c                _putc_r
 .text          0x0080a464       0x78 c:/software/altera/10.1/nios2eds/bin/gnu/h-i686-mingw32/bin/../lib/gcc/nios2-elf/4.1.2/../../../../nios2-elf/lib/mno-hw-mul\libc.a(lib_a-readr.o)
                0x0080a464                _read_r
 .text          0x0080a4dc      0x5f4 c:/software/altera/10.1/nios2eds/bin/gnu/h-i686-mingw32/bin/../lib/gcc/nios2-elf/4.1.2/../../../../nios2-elf/lib/mno-hw-mul\libc.a(lib_a-reallocr.o)
                0x0080a4dc                _realloc_r
 .text          0x0080aad0       0x40 c:/software/altera/10.1/nios2eds/bin/gnu/h-i686-mingw32/bin/../lib/gcc/nios2-elf/4.1.2/../../../../nios2-elf/lib/mno-hw-mul\libc.a(lib_a-s_isinfd.o)
                0x0080aad0                __isinfd
 .text          0x0080ab10       0x30 c:/software/altera/10.1/nios2eds/bin/gnu/h-i686-mingw32/bin/../lib/gcc/nios2-elf/4.1.2/../../../../nios2-elf/lib/mno-hw-mul\libc.a(lib_a-s_isnand.o)
                0x0080ab10                __isnand
 .text          0x0080ab40       0xc0 c:/software/altera/10.1/nios2eds/bin/gnu/h-i686-mingw32/bin/../lib/gcc/nios2-elf/4.1.2/../../../../nios2-elf/lib/mno-hw-mul\libc.a(lib_a-sccl.o)
                0x0080ab40                __sccl
 .text          0x0080ac00        0x8 c:/software/altera/10.1/nios2eds/bin/gnu/h-i686-mingw32/bin/../lib/gcc/nios2-elf/4.1.2/../../../../nios2-elf/lib/mno-hw-mul\libc.a(lib_a-sf_nan.o)
                0x0080ac00                nanf
 .text          0x0080ac08       0xd4 c:/software/altera/10.1/nios2eds/bin/gnu/h-i686-mingw32/bin/../lib/gcc/nios2-elf/4.1.2/../../../../nios2-elf/lib/mno-hw-mul\libc.a(lib_a-sprintf.o)
                0x0080ac08                sprintf
                0x0080ac7c                _sprintf_r
 .text          0x0080acdc       0xbc c:/software/altera/10.1/nios2eds/bin/gnu/h-i686-mingw32/bin/../lib/gcc/nios2-elf/4.1.2/../../../../nios2-elf/lib/mno-hw-mul\libc.a(lib_a-strcmp.o)
                0x0080acdc                strcmp
 .text          0x0080ad98     0x1754 c:/software/altera/10.1/nios2eds/bin/gnu/h-i686-mingw32/bin/../lib/gcc/nios2-elf/4.1.2/../../../../nios2-elf/lib/mno-hw-mul\libc.a(lib_a-strtod.o)
                0x0080ade0                _strtod_r
                0x0080c3ac                strtof
                0x0080c4d0                strtod
 .text          0x0080c4ec      0x274 c:/software/altera/10.1/nios2eds/bin/gnu/h-i686-mingw32/bin/../lib/gcc/nios2-elf/4.1.2/../../../../nios2-elf/lib/mno-hw-mul\libc.a(lib_a-strtol.o)
                0x0080c4ec                _strtol_r
                0x0080c73c                strtol
 .text          0x0080c760      0x318 c:/software/altera/10.1/nios2eds/bin/gnu/h-i686-mingw32/bin/../lib/gcc/nios2-elf/4.1.2/../../../../nios2-elf/lib/mno-hw-mul\libc.a(lib_a-strtoll_r.o)
                0x0080c760                _strtoll_r
 .text          0x0080ca78      0x264 c:/software/altera/10.1/nios2eds/bin/gnu/h-i686-mingw32/bin/../lib/gcc/nios2-elf/4.1.2/../../../../nios2-elf/lib/mno-hw-mul\libc.a(lib_a-strtoul.o)
                0x0080ca78                _strtoul_r
                0x0080ccb8                strtoul
 .text          0x0080ccdc      0x2f0 c:/software/altera/10.1/nios2eds/bin/gnu/h-i686-mingw32/bin/../lib/gcc/nios2-elf/4.1.2/../../../../nios2-elf/lib/mno-hw-mul\libc.a(lib_a-strtoull_r.o)
                0x0080ccdc                _strtoull_r
 .text          0x0080cfcc      0x294 c:/software/altera/10.1/nios2eds/bin/gnu/h-i686-mingw32/bin/../lib/gcc/nios2-elf/4.1.2/../../../../nios2-elf/lib/mno-hw-mul\libc.a(lib_a-ungetc.o)
                0x0080cfcc                __submore
                0x0080d0a8                _ungetc_r
                0x0080d244                ungetc
 .text          0x0080d260      0x14c c:/software/altera/10.1/nios2eds/bin/gnu/h-i686-mingw32/bin/../lib/gcc/nios2-elf/4.1.2/../../../../nios2-elf/lib/mno-hw-mul\libc.a(lib_a-wbuf.o)
                0x0080d260                __swbuf_r
                0x0080d390                __swbuf
 .text          0x0080d3ac       0xc8 c:/software/altera/10.1/nios2eds/bin/gnu/h-i686-mingw32/bin/../lib/gcc/nios2-elf/4.1.2/../../../../nios2-elf/lib/mno-hw-mul\libc.a(lib_a-callocr.o)
                0x0080d3ac                _calloc_r
 .text          0x0080d474      0x938 c:/software/altera/10.1/nios2eds/bin/gnu/h-i686-mingw32/bin/../lib/gcc/nios2-elf/4.1.2/../../../../nios2-elf/lib/mno-hw-mul\libc.a(lib_a-gdtoa-gethex.o)
                0x0080d498                __hexdig_init
                0x0080d5b0                __gethex
 .text          0x0080ddac      0x294 c:/software/altera/10.1/nios2eds/bin/gnu/h-i686-mingw32/bin/../lib/gcc/nios2-elf/4.1.2/../../../../nios2-elf/lib/mno-hw-mul\libc.a(lib_a-gdtoa-hexnan.o)
                0x0080ddf8                __hexnan
 .text          0x0080e040      0x124 c:/software/altera/10.1/nios2eds/bin/gnu/h-i686-mingw32/bin/../lib/gcc/nios2-elf/4.1.2/mno-hw-mul\libgcc.a(_muldi3.o)
                0x0080e040                __muldi3
 .text          0x0080e164       0xa4 c:/software/altera/10.1/nios2eds/bin/gnu/h-i686-mingw32/bin/../lib/gcc/nios2-elf/4.1.2/mno-hw-mul\libgcc.a(_fixunsdfsi.o)
                0x0080e164                __fixunsdfsi
 .text          0x0080e208      0x66c c:/software/altera/10.1/nios2eds/bin/gnu/h-i686-mingw32/bin/../lib/gcc/nios2-elf/4.1.2/mno-hw-mul\libgcc.a(_udivdi3.o)
                0x0080e208                __udivdi3
 .text          0x0080e874      0x660 c:/software/altera/10.1/nios2eds/bin/gnu/h-i686-mingw32/bin/../lib/gcc/nios2-elf/4.1.2/mno-hw-mul\libgcc.a(_umoddi3.o)
                0x0080e874                __umoddi3
 .text          0x0080eed4       0x78 c:/software/altera/10.1/nios2eds/bin/gnu/h-i686-mingw32/bin/../lib/gcc/nios2-elf/4.1.2/mno-hw-mul\libgcc.a(_ne_sf.o)
                0x0080eed4                __nesf2
 .text          0x0080ef4c       0x78 c:/software/altera/10.1/nios2eds/bin/gnu/h-i686-mingw32/bin/../lib/gcc/nios2-elf/4.1.2/mno-hw-mul\libgcc.a(_gt_sf.o)
                0x0080ef4c                __gtsf2
 .text          0x0080efc4       0x78 c:/software/altera/10.1/nios2eds/bin/gnu/h-i686-mingw32/bin/../lib/gcc/nios2-elf/4.1.2/mno-hw-mul\libgcc.a(_lt_sf.o)
                0x0080efc4                __ltsf2
 .text          0x0080f03c      0x504 c:/software/altera/10.1/nios2eds/bin/gnu/h-i686-mingw32/bin/../lib/gcc/nios2-elf/4.1.2/mno-hw-mul\libgcc.a(_addsub_df.o)
                0x0080f44c                __subdf3
                0x0080f4cc                __adddf3
 .text          0x0080f540      0x3c4 c:/software/altera/10.1/nios2eds/bin/gnu/h-i686-mingw32/bin/../lib/gcc/nios2-elf/4.1.2/mno-hw-mul\libgcc.a(_mul_df.o)
                0x0080f540                __muldf3
 .text          0x0080f904      0x258 c:/software/altera/10.1/nios2eds/bin/gnu/h-i686-mingw32/bin/../lib/gcc/nios2-elf/4.1.2/mno-hw-mul\libgcc.a(_div_df.o)
                0x0080f904                __divdf3
 .text          0x0080fb5c       0x88 c:/software/altera/10.1/nios2eds/bin/gnu/h-i686-mingw32/bin/../lib/gcc/nios2-elf/4.1.2/mno-hw-mul\libgcc.a(_eq_df.o)
                0x0080fb5c                __eqdf2
 .text          0x0080fbe4       0x88 c:/software/altera/10.1/nios2eds/bin/gnu/h-i686-mingw32/bin/../lib/gcc/nios2-elf/4.1.2/mno-hw-mul\libgcc.a(_ne_df.o)
                0x0080fbe4                __nedf2
 .text          0x0080fc6c       0x88 c:/software/altera/10.1/nios2eds/bin/gnu/h-i686-mingw32/bin/../lib/gcc/nios2-elf/4.1.2/mno-hw-mul\libgcc.a(_gt_df.o)
                0x0080fc6c                __gtdf2
 .text          0x0080fcf4       0x88 c:/software/altera/10.1/nios2eds/bin/gnu/h-i686-mingw32/bin/../lib/gcc/nios2-elf/4.1.2/mno-hw-mul\libgcc.a(_ge_df.o)
                0x0080fcf4                __gedf2
 .text          0x0080fd7c       0x88 c:/software/altera/10.1/nios2eds/bin/gnu/h-i686-mingw32/bin/../lib/gcc/nios2-elf/4.1.2/mno-hw-mul\libgcc.a(_lt_df.o)
                0x0080fd7c                __ltdf2
 .text          0x0080fe04       0x88 c:/software/altera/10.1/nios2eds/bin/gnu/h-i686-mingw32/bin/../lib/gcc/nios2-elf/4.1.2/mno-hw-mul\libgcc.a(_le_df.o)
                0x0080fe04                __ledf2
 .text          0x0080fe8c       0xf8 c:/software/altera/10.1/nios2eds/bin/gnu/h-i686-mingw32/bin/../lib/gcc/nios2-elf/4.1.2/mno-hw-mul\libgcc.a(_si_to_df.o)
                0x0080fe8c                __floatsidf
 .text          0x0080ff84       0xd8 c:/software/altera/10.1/nios2eds/bin/gnu/h-i686-mingw32/bin/../lib/gcc/nios2-elf/4.1.2/mno-hw-mul\libgcc.a(_df_to_si.o)
                0x0080ff84                __fixdfsi
 .text          0x0081005c       0x74 c:/software/altera/10.1/nios2eds/bin/gnu/h-i686-mingw32/bin/../lib/gcc/nios2-elf/4.1.2/mno-hw-mul\libgcc.a(_df_to_sf.o)
                0x0081005c                __truncdfsf2
 .text          0x008100d0        0x0 c:/software/altera/10.1/nios2eds/bin/gnu/h-i686-mingw32/bin/../lib/gcc/nios2-elf/4.1.2/mno-hw-mul\libgcc.a(_thenan_df.o)
 .text          0x008100d0      0x194 c:/software/altera/10.1/nios2eds/bin/gnu/h-i686-mingw32/bin/../lib/gcc/nios2-elf/4.1.2/mno-hw-mul\libgcc.a(_usi_to_df.o)
                0x008100d0                __floatunsidf
 .text          0x00810264      0x14c c:/software/altera/10.1/nios2eds/bin/gnu/h-i686-mingw32/bin/../lib/gcc/nios2-elf/4.1.2/mno-hw-mul\libgcc.a(lib2-divmod.o)
                0x008102e0                __divsi3
                0x00810340                __modsi3
                0x008103a0                __udivsi3
                0x008103a8                __umodsi3
 .text          0x008103b0       0x38 c:/software/altera/10.1/nios2eds/bin/gnu/h-i686-mingw32/bin/../lib/gcc/nios2-elf/4.1.2/mno-hw-mul\libgcc.a(lib2-mul.o)
                0x008103b0                __mulsi3
 .text          0x008103e8        0x0 c:/software/altera/10.1/nios2eds/bin/gnu/h-i686-mingw32/bin/../lib/gcc/nios2-elf/4.1.2/mno-hw-mul\libgcc.a(_clz.o)
 .text          0x008103e8       0x80 c:/software/altera/10.1/nios2eds/bin/gnu/h-i686-mingw32/bin/../lib/gcc/nios2-elf/4.1.2/mno-hw-mul\libgcc.a(_clzsi2.o)
                0x008103e8                __clzsi2
 .text          0x00810468       0xc8 c:/software/altera/10.1/nios2eds/bin/gnu/h-i686-mingw32/bin/../lib/gcc/nios2-elf/4.1.2/mno-hw-mul\libgcc.a(_unpack_sf.o)
                0x00810468                __unpack_f
 .text          0x00810530       0xa8 c:/software/altera/10.1/nios2eds/bin/gnu/h-i686-mingw32/bin/../lib/gcc/nios2-elf/4.1.2/mno-hw-mul\libgcc.a(_fpcmp_parts_sf.o)
                0x00810530                __fpcmp_parts_f
 .text          0x008105d8       0x2c c:/software/altera/10.1/nios2eds/bin/gnu/h-i686-mingw32/bin/../lib/gcc/nios2-elf/4.1.2/mno-hw-mul\libgcc.a(_make_sf.o)
                0x008105d8                __make_fp
 .text          0x00810604      0x314 c:/software/altera/10.1/nios2eds/bin/gnu/h-i686-mingw32/bin/../lib/gcc/nios2-elf/4.1.2/mno-hw-mul\libgcc.a(_pack_df.o)
                0x00810604                __pack_d
 .text          0x00810918      0x138 c:/software/altera/10.1/nios2eds/bin/gnu/h-i686-mingw32/bin/../lib/gcc/nios2-elf/4.1.2/mno-hw-mul\libgcc.a(_unpack_df.o)
                0x00810918                __unpack_d
 .text          0x00810a50       0xc8 c:/software/altera/10.1/nios2eds/bin/gnu/h-i686-mingw32/bin/../lib/gcc/nios2-elf/4.1.2/mno-hw-mul\libgcc.a(_fpcmp_parts_df.o)
                0x00810a50                __fpcmp_parts_d
 .text          0x00810b18      0x160 c:/software/altera/10.1/nios2eds/bin/gnu/h-i686-mingw32/bin/../lib/gcc/nios2-elf/4.1.2/mno-hw-mul\libgcc.a(_pack_sf.o)
                0x00810b18                __pack_f
 .text          0x00810c78      0x160 ../Lab1_phase1_bsp\libhal_bsp.a(alt_close.o)
                0x00810c78                close
 .text          0x00810dd8       0x2c ../Lab1_phase1_bsp\libhal_bsp.a(alt_dev.o)
 .text          0x00810e04        0x0 ../Lab1_phase1_bsp\libhal_bsp.a(alt_errno.o)
 .text          0x00810e04      0x138 ../Lab1_phase1_bsp\libhal_bsp.a(alt_fstat.o)
                0x00810e04                fstat
 .text          0x00810f3c      0x1d4 ../Lab1_phase1_bsp\libhal_bsp.a(alt_iic.o)
                0x00810f3c                alt_ic_isr_register
                0x00810f8c                alt_ic_irq_enable
                0x00811028                alt_ic_irq_disable
                0x008110c8                alt_ic_irq_enabled
 .text          0x00811110       0xf8 ../Lab1_phase1_bsp\libhal_bsp.a(alt_iic_isr_register.o)
                0x00811110                alt_iic_isr_register
 .text          0x00811208        0x0 ../Lab1_phase1_bsp\libhal_bsp.a(alt_irq_entry.o)
 .text          0x00811208        0x0 ../Lab1_phase1_bsp\libhal_bsp.a(alt_irq_handler.o)
 .text          0x00811208        0x0 ../Lab1_phase1_bsp\libhal_bsp.a(alt_irq_vars.o)
 .text          0x00811208      0x124 ../Lab1_phase1_bsp\libhal_bsp.a(alt_isatty.o)
                0x00811208                isatty
 .text          0x0081132c       0xec ../Lab1_phase1_bsp\libhal_bsp.a(alt_load.o)
                0x0081132c                alt_load
 .text          0x00811418      0x154 ../Lab1_phase1_bsp\libhal_bsp.a(alt_lseek.o)
                0x00811418                lseek
 .text          0x0081156c       0x6c ../Lab1_phase1_bsp\libhal_bsp.a(alt_main.o)
                0x0081156c                alt_main
 .text          0x008115d8       0x40 ../Lab1_phase1_bsp\libhal_bsp.a(alt_malloc_lock.o)
                0x008115d8                __malloc_lock
                0x008115f8                __malloc_unlock
 .text          0x00811618      0x2e4 ../Lab1_phase1_bsp\libhal_bsp.a(alt_open.o)
                0x00811710                open
 .text          0x008118fc      0x184 ../Lab1_phase1_bsp\libhal_bsp.a(alt_read.o)
                0x008118fc                read
 .text          0x00811a80       0x78 ../Lab1_phase1_bsp\libhal_bsp.a(alt_release_fd.o)
                0x00811a80                alt_release_fd
 .text          0x00811af8       0xbc ../Lab1_phase1_bsp\libhal_bsp.a(alt_sbrk.o)
                0x00811af8                sbrk
 .text          0x00811bb4       0x30 ../Lab1_phase1_bsp\libhal_bsp.a(alt_usleep.o)
                0x00811bb4                usleep
 .text          0x00811be4      0x184 ../Lab1_phase1_bsp\libhal_bsp.a(alt_write.o)
                0x00811be4                write
 .text          0x00811d68       0xe0 ../Lab1_phase1_bsp\libhal_bsp.a(alt_sys_init.o)
                0x00811d68                alt_irq_init
                0x00811d9c                alt_sys_init
 .text          0x00811e48      0x148 ../Lab1_phase1_bsp\libhal_bsp.a(altera_avalon_jtag_uart_fd.o)
                0x00811e48                altera_avalon_jtag_uart_read_fd
                0x00811ea0                altera_avalon_jtag_uart_write_fd
                0x00811ef8                altera_avalon_jtag_uart_close_fd
                0x00811f40                altera_avalon_jtag_uart_ioctl_fd
 .text          0x00811f90      0x40c ../Lab1_phase1_bsp\libhal_bsp.a(altera_avalon_jtag_uart_init.o)
                0x00811f90                altera_avalon_jtag_uart_init
                0x00812328                altera_avalon_jtag_uart_close
 .text          0x0081239c       0xf4 ../Lab1_phase1_bsp\libhal_bsp.a(altera_avalon_jtag_uart_ioctl.o)
                0x0081239c                altera_avalon_jtag_uart_ioctl
 .text          0x00812490      0x224 ../Lab1_phase1_bsp\libhal_bsp.a(altera_avalon_jtag_uart_read.o)
                0x00812490                altera_avalon_jtag_uart_read
 .text          0x008126b4      0x240 ../Lab1_phase1_bsp\libhal_bsp.a(altera_avalon_jtag_uart_write.o)
                0x008126b4                altera_avalon_jtag_uart_write
 .text          0x008128f4      0xf80 ../Lab1_phase1_bsp\libhal_bsp.a(altera_avalon_lcd_16207.o)
                0x00813130                altera_avalon_lcd_16207_write
                0x00813738                altera_avalon_lcd_16207_init
 .text          0x00813874       0x58 ../Lab1_phase1_bsp\libhal_bsp.a(altera_avalon_lcd_16207_fd.o)
                0x00813874                altera_avalon_lcd_16207_write_fd
 .text          0x008138cc      0x100 ../Lab1_phase1_bsp\libhal_bsp.a(altera_avalon_timer_sc.o)
                0x0081393c                alt_avalon_timer_sc_init
 .text          0x008139cc      0x154 ../Lab1_phase1_bsp\libhal_bsp.a(alt_alarm_start.o)
                0x008139cc                alt_alarm_start
 .text          0x00813b20      0x15c ../Lab1_phase1_bsp\libhal_bsp.a(alt_busy_sleep.o)
                0x00813b20                alt_busy_sleep
 .text          0x00813c7c       0x1c ../Lab1_phase1_bsp\libhal_bsp.a(alt_dcache_flush_all.o)
                0x00813c7c                alt_dcache_flush_all
 .text          0x00813c98      0x114 ../Lab1_phase1_bsp\libhal_bsp.a(alt_dev_llist_insert.o)
                0x00813c98                alt_dev_llist_insert
 .text          0x00813dac       0x64 ../Lab1_phase1_bsp\libhal_bsp.a(alt_do_ctors.o)
                0x00813dac                _do_ctors
 .text          0x00813e10       0x64 ../Lab1_phase1_bsp\libhal_bsp.a(alt_do_dtors.o)
                0x00813e10                _do_dtors
 .text          0x00813e74        0x0 ../Lab1_phase1_bsp\libhal_bsp.a(alt_exception_entry.o)
 .text          0x00813e74       0x94 ../Lab1_phase1_bsp\libhal_bsp.a(alt_find_dev.o)
                0x00813e74                alt_find_dev
 .text          0x00813f08      0x120 ../Lab1_phase1_bsp\libhal_bsp.a(alt_find_file.o)
                0x00813f08                alt_find_file
 .text          0x00814028       0xd0 ../Lab1_phase1_bsp\libhal_bsp.a(alt_get_fd.o)
                0x00814028                alt_get_fd
 .text          0x008140f8       0x30 ../Lab1_phase1_bsp\libhal_bsp.a(alt_icache_flush_all.o)
                0x008140f8                alt_icache_flush_all
 .text          0x00814128      0x150 ../Lab1_phase1_bsp\libhal_bsp.a(alt_io_redirect.o)
                0x00814200                alt_io_redirect
 .text          0x00814278      0x1a4 ../Lab1_phase1_bsp\libhal_bsp.a(alt_tick.o)
                0x00814278                alt_alarm_stop
                0x00814310                alt_tick
 .text          0x0081441c       0x20 ../Lab1_phase1_bsp\libhal_bsp.a(altera_nios2_irq.o)
                0x0081441c                altera_nios2_irq_init
 .text          0x0081443c       0x90 ../Lab1_phase1_bsp\libhal_bsp.a(alt_icache_flush.o)
                0x0081443c                alt_icache_flush
 .text          0x008144cc       0x14 c:/software/altera/10.1/nios2eds/bin/gnu/h-i686-mingw32/bin/../lib/gcc/nios2-elf/4.1.2/../../../../nios2-elf/lib/mno-hw-mul\libc.a(lib_a-atexit.o)
                0x008144cc                atexit
 .text          0x008144e0       0x38 c:/software/altera/10.1/nios2eds/bin/gnu/h-i686-mingw32/bin/../lib/gcc/nios2-elf/4.1.2/../../../../nios2-elf/lib/mno-hw-mul\libc.a(lib_a-exit.o)
                0x008144e0                exit
 .text          0x00814518       0x74 c:/software/altera/10.1/nios2eds/bin/gnu/h-i686-mingw32/bin/../lib/gcc/nios2-elf/4.1.2/../../../../nios2-elf/lib/mno-hw-mul\libc.a(lib_a-memcmp.o)
                0x00814518                memcmp
 .text          0x0081458c      0x134 c:/software/altera/10.1/nios2eds/bin/gnu/h-i686-mingw32/bin/../lib/gcc/nios2-elf/4.1.2/../../../../nios2-elf/lib/mno-hw-mul\libc.a(lib_a-__atexit.o)
                0x0081458c                __register_exitproc
 .text          0x008146c0      0x1b4 c:/software/altera/10.1/nios2eds/bin/gnu/h-i686-mingw32/bin/../lib/gcc/nios2-elf/4.1.2/../../../../nios2-elf/lib/mno-hw-mul\libc.a(lib_a-__call_atexit.o)
                0x008146c4                __call_exitprocs
 .text          0x00814874       0x60 ../Lab1_phase1_bsp\libhal_bsp.a(alt_exit.o)
                0x008148b4                _exit
 *(.gnu.warning.*)
 *(.fini)
                0x008148d4                PROVIDE (__etext, ABSOLUTE (.))
                0x008148d4                PROVIDE (_etext, ABSOLUTE (.))
                0x008148d4                PROVIDE (etext, ABSOLUTE (.))
 *(.eh_frame_hdr)
                0x008148d4                . = ALIGN (0x4)
                0x008148d4                PROVIDE (__preinit_array_start, ABSOLUTE (.))
 *(.preinit_array)
                0x008148d4                PROVIDE (__preinit_array_end, ABSOLUTE (.))
                0x008148d4                PROVIDE (__init_array_start, ABSOLUTE (.))
 *(.init_array)
                0x008148d4                PROVIDE (__init_array_end, ABSOLUTE (.))
                0x008148d4                PROVIDE (__fini_array_start, ABSOLUTE (.))
 *(.fini_array)
                0x008148d4                PROVIDE (__fini_array_end, ABSOLUTE (.))
 *(.eh_frame)
 .eh_frame      0x008148d4       0x40 c:/software/altera/10.1/nios2eds/bin/gnu/h-i686-mingw32/bin/../lib/gcc/nios2-elf/4.1.2/mno-hw-mul\libgcc.a(_udivdi3.o)
 .eh_frame      0x00814914       0x2c c:/software/altera/10.1/nios2eds/bin/gnu/h-i686-mingw32/bin/../lib/gcc/nios2-elf/4.1.2/mno-hw-mul\libgcc.a(_umoddi3.o)
                                 0x40 (size before relaxing)
 *(.gcc_except_table)
 *(.dynamic)
                0x00814940                PROVIDE (__CTOR_LIST__, ABSOLUTE (.))
 *(.ctors)
 *(SORT(.ctors.*))
 .ctors.65535   0x00814940        0x4 c:/software/altera/10.1/nios2eds/bin/gnu/h-i686-mingw32/bin/../lib/gcc/nios2-elf/4.1.2/../../../../nios2-elf/lib/mno-hw-mul\libc.a(lib_a-__call_atexit.o)
                0x00814944                PROVIDE (__CTOR_END__, ABSOLUTE (.))
                0x00814944                PROVIDE (__DTOR_LIST__, ABSOLUTE (.))
 *(.dtors)
 *(SORT(.dtors.*))
                0x00814944                PROVIDE (__DTOR_END__, ABSOLUTE (.))
 *(.jcr)
                0x00814944                . = ALIGN (0x4)

.rodata         0x00814944      0xb60
                0x00814944                PROVIDE (__ram_rodata_start, ABSOLUTE (.))
                0x00814944                . = ALIGN (0x4)
 *(.rodata .rodata.* .gnu.linkonce.r.*)
 .rodata        0x00814944      0x508 obj/board_diag.o
 .rodata.str1.4
                0x00814e4c        0x2 c:/software/altera/10.1/nios2eds/bin/gnu/h-i686-mingw32/bin/../lib/gcc/nios2-elf/4.1.2/../../../../nios2-elf/lib/mno-hw-mul\libc.a(lib_a-impure.o)
                                  0x4 (size before relaxing)
 *fill*         0x00814e4e        0x2 00
 .rodata.str1.4
                0x00814e50        0x2 c:/software/altera/10.1/nios2eds/bin/gnu/h-i686-mingw32/bin/../lib/gcc/nios2-elf/4.1.2/../../../../nios2-elf/lib/mno-hw-mul\libc.a(lib_a-puts.o)
                                  0x4 (size before relaxing)
 *fill*         0x00814e52        0x2 00
 .rodata.str1.4
                0x00814e54       0x5e c:/software/altera/10.1/nios2eds/bin/gnu/h-i686-mingw32/bin/../lib/gcc/nios2-elf/4.1.2/../../../../nios2-elf/lib/mno-hw-mul\libc.a(lib_a-vfprintf.o)
                                 0x60 (size before relaxing)
 .rodata        0x00814eb2       0x20 c:/software/altera/10.1/nios2eds/bin/gnu/h-i686-mingw32/bin/../lib/gcc/nios2-elf/4.1.2/../../../../nios2-elf/lib/mno-hw-mul\libc.a(lib_a-vfprintf.o)
 *fill*         0x00814ed2        0x2 00
 .rodata.str1.4
                0x00814ed4        0x5 c:/software/altera/10.1/nios2eds/bin/gnu/h-i686-mingw32/bin/../lib/gcc/nios2-elf/4.1.2/../../../../nios2-elf/lib/mno-hw-mul\libc.a(lib_a-vfscanf.o)
                                  0x8 (size before relaxing)
 *fill*         0x00814ed9        0x1 00
 .rodata        0x00814eda       0x22 c:/software/altera/10.1/nios2eds/bin/gnu/h-i686-mingw32/bin/../lib/gcc/nios2-elf/4.1.2/../../../../nios2-elf/lib/mno-hw-mul\libc.a(lib_a-vfscanf.o)
 .rodata        0x00814efc      0x281 c:/software/altera/10.1/nios2eds/bin/gnu/h-i686-mingw32/bin/../lib/gcc/nios2-elf/4.1.2/../../../../nios2-elf/lib/mno-hw-mul\libc.a(lib_a-ctype_.o)
                0x00814efc                _ctype_
 *fill*         0x0081517d        0x3 00
 .rodata.str1.4
                0x00815180       0x10 c:/software/altera/10.1/nios2eds/bin/gnu/h-i686-mingw32/bin/../lib/gcc/nios2-elf/4.1.2/../../../../nios2-elf/lib/mno-hw-mul\libc.a(lib_a-dtoa.o)
                                 0x14 (size before relaxing)
 .rodata.str1.4
                0x00815190        0xf c:/software/altera/10.1/nios2eds/bin/gnu/h-i686-mingw32/bin/../lib/gcc/nios2-elf/4.1.2/../../../../nios2-elf/lib/mno-hw-mul\libc.a(lib_a-locale.o)
                                 0x18 (size before relaxing)
 *fill*         0x0081519f        0x1 00
 .rodata        0x008151a0       0x30 c:/software/altera/10.1/nios2eds/bin/gnu/h-i686-mingw32/bin/../lib/gcc/nios2-elf/4.1.2/../../../../nios2-elf/lib/mno-hw-mul\libc.a(lib_a-locale.o)
 .rodata.str1.4
                0x00000000        0x4 c:/software/altera/10.1/nios2eds/bin/gnu/h-i686-mingw32/bin/../lib/gcc/nios2-elf/4.1.2/../../../../nios2-elf/lib/mno-hw-mul\libc.a(lib_a-mbrtowc.o)
 .rodata        0x008151d0      0x124 c:/software/altera/10.1/nios2eds/bin/gnu/h-i686-mingw32/bin/../lib/gcc/nios2-elf/4.1.2/../../../../nios2-elf/lib/mno-hw-mul\libc.a(lib_a-mprec.o)
                0x008151d0                __mprec_tens
                0x00815298                __mprec_bigtens
                0x008152c0                __mprec_tinytens
 .rodata.str1.4
                0x008152f4        0xf c:/software/altera/10.1/nios2eds/bin/gnu/h-i686-mingw32/bin/../lib/gcc/nios2-elf/4.1.2/../../../../nios2-elf/lib/mno-hw-mul\libc.a(lib_a-strtod.o)
                                 0x10 (size before relaxing)
 *fill*         0x00815303        0x1 00
 .rodata        0x00815304       0x28 c:/software/altera/10.1/nios2eds/bin/gnu/h-i686-mingw32/bin/../lib/gcc/nios2-elf/4.1.2/../../../../nios2-elf/lib/mno-hw-mul\libc.a(lib_a-strtod.o)
 .rodata.str1.4
                0x0081532c       0x1c c:/software/altera/10.1/nios2eds/bin/gnu/h-i686-mingw32/bin/../lib/gcc/nios2-elf/4.1.2/../../../../nios2-elf/lib/mno-hw-mul\libc.a(lib_a-gdtoa-gethex.o)
 .rodata        0x00815348       0x14 c:/software/altera/10.1/nios2eds/bin/gnu/h-i686-mingw32/bin/../lib/gcc/nios2-elf/4.1.2/mno-hw-mul\libgcc.a(_thenan_df.o)
                0x00815348                __thenan_df
 .rodata        0x0081535c      0x100 c:/software/altera/10.1/nios2eds/bin/gnu/h-i686-mingw32/bin/../lib/gcc/nios2-elf/4.1.2/mno-hw-mul\libgcc.a(_clz.o)
                0x0081535c                __clz_tab
 .rodata        0x0081545c        0xc ../Lab1_phase1_bsp\libhal_bsp.a(alt_dev.o)
 .rodata        0x00815468       0x14 ../Lab1_phase1_bsp\libhal_bsp.a(alt_main.o)
 .rodata        0x0081547c       0x28 ../Lab1_phase1_bsp\libhal_bsp.a(alt_sys_init.o)
 *(.rodata1)
                0x008154a4                . = ALIGN (0x4)
                0x008154a4                PROVIDE (__ram_rodata_end, ABSOLUTE (.))
                0x00814944                PROVIDE (__flash_rodata_start, LOADADDR (.rodata))

.rwdata         0x008154a4     0x1bbc load address 0x00817060
                0x008154a4                PROVIDE (__ram_rwdata_start, ABSOLUTE (.))
                0x008154a4                . = ALIGN (0x4)
 *(.got.plt)
 *(.got)
 *(.data1)
 *(.data .data.* .gnu.linkonce.d.*)
 .data          0x008154a4        0x0 ../Lab1_phase1_bsp/obj/HAL/src/crt0.o
 .data          0x008154a4       0x10 obj/board_diag.o
 .data          0x008154b4        0x0 c:/software/altera/10.1/nios2eds/bin/gnu/h-i686-mingw32/bin/../lib/gcc/nios2-elf/4.1.2/../../../../nios2-elf/lib/mno-hw-mul\libc.a(lib_a-fclose.o)
 .data          0x008154b4        0x0 c:/software/altera/10.1/nios2eds/bin/gnu/h-i686-mingw32/bin/../lib/gcc/nios2-elf/4.1.2/../../../../nios2-elf/lib/mno-hw-mul\libc.a(lib_a-fflush.o)
 .data          0x008154b4        0x0 c:/software/altera/10.1/nios2eds/bin/gnu/h-i686-mingw32/bin/../lib/gcc/nios2-elf/4.1.2/../../../../nios2-elf/lib/mno-hw-mul\libc.a(lib_a-findfp.o)
 .data          0x008154b4        0x0 c:/software/altera/10.1/nios2eds/bin/gnu/h-i686-mingw32/bin/../lib/gcc/nios2-elf/4.1.2/../../../../nios2-elf/lib/mno-hw-mul\libc.a(lib_a-fopen.o)
 .data          0x008154b4        0x0 c:/software/altera/10.1/nios2eds/bin/gnu/h-i686-mingw32/bin/../lib/gcc/nios2-elf/4.1.2/../../../../nios2-elf/lib/mno-hw-mul\libc.a(lib_a-fprintf.o)
 .data          0x008154b4        0x0 c:/software/altera/10.1/nios2eds/bin/gnu/h-i686-mingw32/bin/../lib/gcc/nios2-elf/4.1.2/../../../../nios2-elf/lib/mno-hw-mul\libc.a(lib_a-freer.o)
 .data          0x008154b4        0x0 c:/software/altera/10.1/nios2eds/bin/gnu/h-i686-mingw32/bin/../lib/gcc/nios2-elf/4.1.2/../../../../nios2-elf/lib/mno-hw-mul\libc.a(lib_a-fseek.o)
 .data          0x008154b4        0x0 c:/software/altera/10.1/nios2eds/bin/gnu/h-i686-mingw32/bin/../lib/gcc/nios2-elf/4.1.2/../../../../nios2-elf/lib/mno-hw-mul\libc.a(lib_a-fstatr.o)
 .data          0x008154b4        0x0 c:/software/altera/10.1/nios2eds/bin/gnu/h-i686-mingw32/bin/../lib/gcc/nios2-elf/4.1.2/../../../../nios2-elf/lib/mno-hw-mul\libc.a(lib_a-fwalk.o)
 .data          0x008154b4        0x0 c:/software/altera/10.1/nios2eds/bin/gnu/h-i686-mingw32/bin/../lib/gcc/nios2-elf/4.1.2/../../../../nios2-elf/lib/mno-hw-mul\libc.a(lib_a-fwrite.o)
 .data          0x008154b4        0x0 c:/software/altera/10.1/nios2eds/bin/gnu/h-i686-mingw32/bin/../lib/gcc/nios2-elf/4.1.2/../../../../nios2-elf/lib/mno-hw-mul\libc.a(lib_a-getc.o)
 .data          0x008154b4      0x400 c:/software/altera/10.1/nios2eds/bin/gnu/h-i686-mingw32/bin/../lib/gcc/nios2-elf/4.1.2/../../../../nios2-elf/lib/mno-hw-mul\libc.a(lib_a-impure.o)
 .data          0x008158b4        0x0 c:/software/altera/10.1/nios2eds/bin/gnu/h-i686-mingw32/bin/../lib/gcc/nios2-elf/4.1.2/../../../../nios2-elf/lib/mno-hw-mul\libc.a(lib_a-int_errno.o)
 .data          0x008158b4        0x0 c:/software/altera/10.1/nios2eds/bin/gnu/h-i686-mingw32/bin/../lib/gcc/nios2-elf/4.1.2/../../../../nios2-elf/lib/mno-hw-mul\libc.a(lib_a-makebuf.o)
 .data          0x008158b4      0x408 c:/software/altera/10.1/nios2eds/bin/gnu/h-i686-mingw32/bin/../lib/gcc/nios2-elf/4.1.2/../../../../nios2-elf/lib/mno-hw-mul\libc.a(lib_a-mallocr.o)
                0x008158b4                __malloc_av_
 .data          0x00815cbc        0x0 c:/software/altera/10.1/nios2eds/bin/gnu/h-i686-mingw32/bin/../lib/gcc/nios2-elf/4.1.2/../../../../nios2-elf/lib/mno-hw-mul\libc.a(lib_a-memset.o)
 .data          0x00815cbc        0x0 c:/software/altera/10.1/nios2eds/bin/gnu/h-i686-mingw32/bin/../lib/gcc/nios2-elf/4.1.2/../../../../nios2-elf/lib/mno-hw-mul\libc.a(lib_a-openr.o)
 .data          0x00815cbc        0x0 c:/software/altera/10.1/nios2eds/bin/gnu/h-i686-mingw32/bin/../lib/gcc/nios2-elf/4.1.2/../../../../nios2-elf/lib/mno-hw-mul\libc.a(lib_a-printf.o)
 .data          0x00815cbc        0x0 c:/software/altera/10.1/nios2eds/bin/gnu/h-i686-mingw32/bin/../lib/gcc/nios2-elf/4.1.2/../../../../nios2-elf/lib/mno-hw-mul\libc.a(lib_a-putchar.o)
 .data          0x00815cbc        0x0 c:/software/altera/10.1/nios2eds/bin/gnu/h-i686-mingw32/bin/../lib/gcc/nios2-elf/4.1.2/../../../../nios2-elf/lib/mno-hw-mul\libc.a(lib_a-puts.o)
 .data          0x00815cbc        0x0 c:/software/altera/10.1/nios2eds/bin/gnu/h-i686-mingw32/bin/../lib/gcc/nios2-elf/4.1.2/../../../../nios2-elf/lib/mno-hw-mul\libc.a(lib_a-refill.o)
 .data          0x00815cbc        0x0 c:/software/altera/10.1/nios2eds/bin/gnu/h-i686-mingw32/bin/../lib/gcc/nios2-elf/4.1.2/../../../../nios2-elf/lib/mno-hw-mul\libc.a(lib_a-rget.o)
 .data          0x00815cbc        0x0 c:/software/altera/10.1/nios2eds/bin/gnu/h-i686-mingw32/bin/../lib/gcc/nios2-elf/4.1.2/../../../../nios2-elf/lib/mno-hw-mul\libc.a(lib_a-sbrkr.o)
 .data          0x00815cbc        0x0 c:/software/altera/10.1/nios2eds/bin/gnu/h-i686-mingw32/bin/../lib/gcc/nios2-elf/4.1.2/../../../../nios2-elf/lib/mno-hw-mul\libc.a(lib_a-sscanf.o)
 .data          0x00815cbc        0x0 c:/software/altera/10.1/nios2eds/bin/gnu/h-i686-mingw32/bin/../lib/gcc/nios2-elf/4.1.2/../../../../nios2-elf/lib/mno-hw-mul\libc.a(lib_a-stdio.o)
 .data          0x00815cbc        0x0 c:/software/altera/10.1/nios2eds/bin/gnu/h-i686-mingw32/bin/../lib/gcc/nios2-elf/4.1.2/../../../../nios2-elf/lib/mno-hw-mul\libc.a(lib_a-strlen.o)
 .data          0x00815cbc        0x0 c:/software/altera/10.1/nios2eds/bin/gnu/h-i686-mingw32/bin/../lib/gcc/nios2-elf/4.1.2/../../../../nios2-elf/lib/mno-hw-mul\libc.a(lib_a-vfprintf.o)
 .data          0x00815cbc        0x0 c:/software/altera/10.1/nios2eds/bin/gnu/h-i686-mingw32/bin/../lib/gcc/nios2-elf/4.1.2/../../../../nios2-elf/lib/mno-hw-mul\libc.a(lib_a-vfscanf.o)
 .data          0x00815cbc        0x0 c:/software/altera/10.1/nios2eds/bin/gnu/h-i686-mingw32/bin/../lib/gcc/nios2-elf/4.1.2/../../../../nios2-elf/lib/mno-hw-mul\libc.a(lib_a-writer.o)
 .data          0x00815cbc        0x0 c:/software/altera/10.1/nios2eds/bin/gnu/h-i686-mingw32/bin/../lib/gcc/nios2-elf/4.1.2/../../../../nios2-elf/lib/mno-hw-mul\libc.a(lib_a-wsetup.o)
 .data          0x00815cbc        0x0 c:/software/altera/10.1/nios2eds/bin/gnu/h-i686-mingw32/bin/../lib/gcc/nios2-elf/4.1.2/../../../../nios2-elf/lib/mno-hw-mul\libc.a(lib_a-closer.o)
 .data          0x00815cbc        0x0 c:/software/altera/10.1/nios2eds/bin/gnu/h-i686-mingw32/bin/../lib/gcc/nios2-elf/4.1.2/../../../../nios2-elf/lib/mno-hw-mul\libc.a(lib_a-ctype_.o)
 .data          0x00815cbc        0x0 c:/software/altera/10.1/nios2eds/bin/gnu/h-i686-mingw32/bin/../lib/gcc/nios2-elf/4.1.2/../../../../nios2-elf/lib/mno-hw-mul\libc.a(lib_a-dtoa.o)
 .data          0x00815cbc        0x0 c:/software/altera/10.1/nios2eds/bin/gnu/h-i686-mingw32/bin/../lib/gcc/nios2-elf/4.1.2/../../../../nios2-elf/lib/mno-hw-mul\libc.a(lib_a-flags.o)
 .data          0x00815cbc        0x0 c:/software/altera/10.1/nios2eds/bin/gnu/h-i686-mingw32/bin/../lib/gcc/nios2-elf/4.1.2/../../../../nios2-elf/lib/mno-hw-mul\libc.a(lib_a-fread.o)
 .data          0x00815cbc        0x0 c:/software/altera/10.1/nios2eds/bin/gnu/h-i686-mingw32/bin/../lib/gcc/nios2-elf/4.1.2/../../../../nios2-elf/lib/mno-hw-mul\libc.a(lib_a-fvwrite.o)
 .data          0x00815cbc        0x0 c:/software/altera/10.1/nios2eds/bin/gnu/h-i686-mingw32/bin/../lib/gcc/nios2-elf/4.1.2/../../../../nios2-elf/lib/mno-hw-mul\libc.a(lib_a-isattyr.o)
 .data          0x00815cbc        0x0 c:/software/altera/10.1/nios2eds/bin/gnu/h-i686-mingw32/bin/../lib/gcc/nios2-elf/4.1.2/../../../../nios2-elf/lib/mno-hw-mul\libc.a(lib_a-iswspace.o)
 .data          0x00815cbc        0xc c:/software/altera/10.1/nios2eds/bin/gnu/h-i686-mingw32/bin/../lib/gcc/nios2-elf/4.1.2/../../../../nios2-elf/lib/mno-hw-mul\libc.a(lib_a-locale.o)
                0x00815cbc                __lc_ctype
 .data          0x00815cc8        0x0 c:/software/altera/10.1/nios2eds/bin/gnu/h-i686-mingw32/bin/../lib/gcc/nios2-elf/4.1.2/../../../../nios2-elf/lib/mno-hw-mul\libc.a(lib_a-lseekr.o)
 .data          0x00815cc8        0x0 c:/software/altera/10.1/nios2eds/bin/gnu/h-i686-mingw32/bin/../lib/gcc/nios2-elf/4.1.2/../../../../nios2-elf/lib/mno-hw-mul\libc.a(lib_a-mbrtowc.o)
 .data          0x00815cc8        0x0 c:/software/altera/10.1/nios2eds/bin/gnu/h-i686-mingw32/bin/../lib/gcc/nios2-elf/4.1.2/../../../../nios2-elf/lib/mno-hw-mul\libc.a(lib_a-mbtowc_r.o)
 .data          0x00815cc8        0x0 c:/software/altera/10.1/nios2eds/bin/gnu/h-i686-mingw32/bin/../lib/gcc/nios2-elf/4.1.2/../../../../nios2-elf/lib/mno-hw-mul\libc.a(lib_a-memchr.o)
 .data          0x00815cc8        0x0 c:/software/altera/10.1/nios2eds/bin/gnu/h-i686-mingw32/bin/../lib/gcc/nios2-elf/4.1.2/../../../../nios2-elf/lib/mno-hw-mul\libc.a(lib_a-memcpy.o)
 .data          0x00815cc8        0x0 c:/software/altera/10.1/nios2eds/bin/gnu/h-i686-mingw32/bin/../lib/gcc/nios2-elf/4.1.2/../../../../nios2-elf/lib/mno-hw-mul\libc.a(lib_a-memmove.o)
 .data          0x00815cc8        0x0 c:/software/altera/10.1/nios2eds/bin/gnu/h-i686-mingw32/bin/../lib/gcc/nios2-elf/4.1.2/../../../../nios2-elf/lib/mno-hw-mul\libc.a(lib_a-mprec.o)
 .data          0x00815cc8        0x0 c:/software/altera/10.1/nios2eds/bin/gnu/h-i686-mingw32/bin/../lib/gcc/nios2-elf/4.1.2/../../../../nios2-elf/lib/mno-hw-mul\libc.a(lib_a-putc.o)
 .data          0x00815cc8        0x0 c:/software/altera/10.1/nios2eds/bin/gnu/h-i686-mingw32/bin/../lib/gcc/nios2-elf/4.1.2/../../../../nios2-elf/lib/mno-hw-mul\libc.a(lib_a-readr.o)
 .data          0x00815cc8        0x0 c:/software/altera/10.1/nios2eds/bin/gnu/h-i686-mingw32/bin/../lib/gcc/nios2-elf/4.1.2/../../../../nios2-elf/lib/mno-hw-mul\libc.a(lib_a-reallocr.o)
 .data          0x00815cc8        0x0 c:/software/altera/10.1/nios2eds/bin/gnu/h-i686-mingw32/bin/../lib/gcc/nios2-elf/4.1.2/../../../../nios2-elf/lib/mno-hw-mul\libc.a(lib_a-s_isinfd.o)
 .data          0x00815cc8        0x0 c:/software/altera/10.1/nios2eds/bin/gnu/h-i686-mingw32/bin/../lib/gcc/nios2-elf/4.1.2/../../../../nios2-elf/lib/mno-hw-mul\libc.a(lib_a-s_isnand.o)
 .data          0x00815cc8        0x0 c:/software/altera/10.1/nios2eds/bin/gnu/h-i686-mingw32/bin/../lib/gcc/nios2-elf/4.1.2/../../../../nios2-elf/lib/mno-hw-mul\libc.a(lib_a-sccl.o)
 .data          0x00815cc8        0x0 c:/software/altera/10.1/nios2eds/bin/gnu/h-i686-mingw32/bin/../lib/gcc/nios2-elf/4.1.2/../../../../nios2-elf/lib/mno-hw-mul\libc.a(lib_a-sf_nan.o)
 .data          0x00815cc8        0x0 c:/software/altera/10.1/nios2eds/bin/gnu/h-i686-mingw32/bin/../lib/gcc/nios2-elf/4.1.2/../../../../nios2-elf/lib/mno-hw-mul\libc.a(lib_a-sprintf.o)
 .data          0x00815cc8        0x0 c:/software/altera/10.1/nios2eds/bin/gnu/h-i686-mingw32/bin/../lib/gcc/nios2-elf/4.1.2/../../../../nios2-elf/lib/mno-hw-mul\libc.a(lib_a-strcmp.o)
 .data          0x00815cc8       0x28 c:/software/altera/10.1/nios2eds/bin/gnu/h-i686-mingw32/bin/../lib/gcc/nios2-elf/4.1.2/../../../../nios2-elf/lib/mno-hw-mul\libc.a(lib_a-strtod.o)
 .data          0x00815cf0        0x0 c:/software/altera/10.1/nios2eds/bin/gnu/h-i686-mingw32/bin/../lib/gcc/nios2-elf/4.1.2/../../../../nios2-elf/lib/mno-hw-mul\libc.a(lib_a-strtol.o)
 .data          0x00815cf0        0x0 c:/software/altera/10.1/nios2eds/bin/gnu/h-i686-mingw32/bin/../lib/gcc/nios2-elf/4.1.2/../../../../nios2-elf/lib/mno-hw-mul\libc.a(lib_a-strtoll_r.o)
 .data          0x00815cf0        0x0 c:/software/altera/10.1/nios2eds/bin/gnu/h-i686-mingw32/bin/../lib/gcc/nios2-elf/4.1.2/../../../../nios2-elf/lib/mno-hw-mul\libc.a(lib_a-strtoul.o)
 .data          0x00815cf0        0x0 c:/software/altera/10.1/nios2eds/bin/gnu/h-i686-mingw32/bin/../lib/gcc/nios2-elf/4.1.2/../../../../nios2-elf/lib/mno-hw-mul\libc.a(lib_a-strtoull_r.o)
 .data          0x00815cf0        0x0 c:/software/altera/10.1/nios2eds/bin/gnu/h-i686-mingw32/bin/../lib/gcc/nios2-elf/4.1.2/../../../../nios2-elf/lib/mno-hw-mul\libc.a(lib_a-ungetc.o)
 .data          0x00815cf0        0x0 c:/software/altera/10.1/nios2eds/bin/gnu/h-i686-mingw32/bin/../lib/gcc/nios2-elf/4.1.2/../../../../nios2-elf/lib/mno-hw-mul\libc.a(lib_a-wbuf.o)
 .data          0x00815cf0        0x0 c:/software/altera/10.1/nios2eds/bin/gnu/h-i686-mingw32/bin/../lib/gcc/nios2-elf/4.1.2/../../../../nios2-elf/lib/mno-hw-mul\libc.a(lib_a-callocr.o)
 .data          0x00815cf0        0x0 c:/software/altera/10.1/nios2eds/bin/gnu/h-i686-mingw32/bin/../lib/gcc/nios2-elf/4.1.2/../../../../nios2-elf/lib/mno-hw-mul\libc.a(lib_a-gdtoa-gethex.o)
 .data          0x00815cf0        0x0 c:/software/altera/10.1/nios2eds/bin/gnu/h-i686-mingw32/bin/../lib/gcc/nios2-elf/4.1.2/../../../../nios2-elf/lib/mno-hw-mul\libc.a(lib_a-gdtoa-hexnan.o)
 .data          0x00815cf0        0x0 c:/software/altera/10.1/nios2eds/bin/gnu/h-i686-mingw32/bin/../lib/gcc/nios2-elf/4.1.2/mno-hw-mul\libgcc.a(_muldi3.o)
 .data          0x00815cf0        0x0 c:/software/altera/10.1/nios2eds/bin/gnu/h-i686-mingw32/bin/../lib/gcc/nios2-elf/4.1.2/mno-hw-mul\libgcc.a(_fixunsdfsi.o)
 .data          0x00815cf0        0x0 c:/software/altera/10.1/nios2eds/bin/gnu/h-i686-mingw32/bin/../lib/gcc/nios2-elf/4.1.2/mno-hw-mul\libgcc.a(_udivdi3.o)
 .data          0x00815cf0        0x0 c:/software/altera/10.1/nios2eds/bin/gnu/h-i686-mingw32/bin/../lib/gcc/nios2-elf/4.1.2/mno-hw-mul\libgcc.a(_umoddi3.o)
 .data          0x00815cf0        0x0 c:/software/altera/10.1/nios2eds/bin/gnu/h-i686-mingw32/bin/../lib/gcc/nios2-elf/4.1.2/mno-hw-mul\libgcc.a(_ne_sf.o)
 .data          0x00815cf0        0x0 c:/software/altera/10.1/nios2eds/bin/gnu/h-i686-mingw32/bin/../lib/gcc/nios2-elf/4.1.2/mno-hw-mul\libgcc.a(_gt_sf.o)
 .data          0x00815cf0        0x0 c:/software/altera/10.1/nios2eds/bin/gnu/h-i686-mingw32/bin/../lib/gcc/nios2-elf/4.1.2/mno-hw-mul\libgcc.a(_lt_sf.o)
 .data          0x00815cf0        0x0 c:/software/altera/10.1/nios2eds/bin/gnu/h-i686-mingw32/bin/../lib/gcc/nios2-elf/4.1.2/mno-hw-mul\libgcc.a(_addsub_df.o)
 .data          0x00815cf0        0x0 c:/software/altera/10.1/nios2eds/bin/gnu/h-i686-mingw32/bin/../lib/gcc/nios2-elf/4.1.2/mno-hw-mul\libgcc.a(_mul_df.o)
 .data          0x00815cf0        0x0 c:/software/altera/10.1/nios2eds/bin/gnu/h-i686-mingw32/bin/../lib/gcc/nios2-elf/4.1.2/mno-hw-mul\libgcc.a(_div_df.o)
 .data          0x00815cf0        0x0 c:/software/altera/10.1/nios2eds/bin/gnu/h-i686-mingw32/bin/../lib/gcc/nios2-elf/4.1.2/mno-hw-mul\libgcc.a(_eq_df.o)
 .data          0x00815cf0        0x0 c:/software/altera/10.1/nios2eds/bin/gnu/h-i686-mingw32/bin/../lib/gcc/nios2-elf/4.1.2/mno-hw-mul\libgcc.a(_ne_df.o)
 .data          0x00815cf0        0x0 c:/software/altera/10.1/nios2eds/bin/gnu/h-i686-mingw32/bin/../lib/gcc/nios2-elf/4.1.2/mno-hw-mul\libgcc.a(_gt_df.o)
 .data          0x00815cf0        0x0 c:/software/altera/10.1/nios2eds/bin/gnu/h-i686-mingw32/bin/../lib/gcc/nios2-elf/4.1.2/mno-hw-mul\libgcc.a(_ge_df.o)
 .data          0x00815cf0        0x0 c:/software/altera/10.1/nios2eds/bin/gnu/h-i686-mingw32/bin/../lib/gcc/nios2-elf/4.1.2/mno-hw-mul\libgcc.a(_lt_df.o)
 .data          0x00815cf0        0x0 c:/software/altera/10.1/nios2eds/bin/gnu/h-i686-mingw32/bin/../lib/gcc/nios2-elf/4.1.2/mno-hw-mul\libgcc.a(_le_df.o)
 .data          0x00815cf0        0x0 c:/software/altera/10.1/nios2eds/bin/gnu/h-i686-mingw32/bin/../lib/gcc/nios2-elf/4.1.2/mno-hw-mul\libgcc.a(_si_to_df.o)
 .data          0x00815cf0        0x0 c:/software/altera/10.1/nios2eds/bin/gnu/h-i686-mingw32/bin/../lib/gcc/nios2-elf/4.1.2/mno-hw-mul\libgcc.a(_df_to_si.o)
 .data          0x00815cf0        0x0 c:/software/altera/10.1/nios2eds/bin/gnu/h-i686-mingw32/bin/../lib/gcc/nios2-elf/4.1.2/mno-hw-mul\libgcc.a(_df_to_sf.o)
 .data          0x00815cf0        0x0 c:/software/altera/10.1/nios2eds/bin/gnu/h-i686-mingw32/bin/../lib/gcc/nios2-elf/4.1.2/mno-hw-mul\libgcc.a(_thenan_df.o)
 .data          0x00815cf0        0x0 c:/software/altera/10.1/nios2eds/bin/gnu/h-i686-mingw32/bin/../lib/gcc/nios2-elf/4.1.2/mno-hw-mul\libgcc.a(_usi_to_df.o)
 .data          0x00815cf0        0x0 c:/software/altera/10.1/nios2eds/bin/gnu/h-i686-mingw32/bin/../lib/gcc/nios2-elf/4.1.2/mno-hw-mul\libgcc.a(lib2-divmod.o)
 .data          0x00815cf0        0x0 c:/software/altera/10.1/nios2eds/bin/gnu/h-i686-mingw32/bin/../lib/gcc/nios2-elf/4.1.2/mno-hw-mul\libgcc.a(lib2-mul.o)
 .data          0x00815cf0        0x0 c:/software/altera/10.1/nios2eds/bin/gnu/h-i686-mingw32/bin/../lib/gcc/nios2-elf/4.1.2/mno-hw-mul\libgcc.a(_clz.o)
 .data          0x00815cf0        0x0 c:/software/altera/10.1/nios2eds/bin/gnu/h-i686-mingw32/bin/../lib/gcc/nios2-elf/4.1.2/mno-hw-mul\libgcc.a(_clzsi2.o)
 .data          0x00815cf0        0x0 c:/software/altera/10.1/nios2eds/bin/gnu/h-i686-mingw32/bin/../lib/gcc/nios2-elf/4.1.2/mno-hw-mul\libgcc.a(_unpack_sf.o)
 .data          0x00815cf0        0x0 c:/software/altera/10.1/nios2eds/bin/gnu/h-i686-mingw32/bin/../lib/gcc/nios2-elf/4.1.2/mno-hw-mul\libgcc.a(_fpcmp_parts_sf.o)
 .data          0x00815cf0        0x0 c:/software/altera/10.1/nios2eds/bin/gnu/h-i686-mingw32/bin/../lib/gcc/nios2-elf/4.1.2/mno-hw-mul\libgcc.a(_make_sf.o)
 .data          0x00815cf0        0x0 c:/software/altera/10.1/nios2eds/bin/gnu/h-i686-mingw32/bin/../lib/gcc/nios2-elf/4.1.2/mno-hw-mul\libgcc.a(_pack_df.o)
 .data          0x00815cf0        0x0 c:/software/altera/10.1/nios2eds/bin/gnu/h-i686-mingw32/bin/../lib/gcc/nios2-elf/4.1.2/mno-hw-mul\libgcc.a(_unpack_df.o)
 .data          0x00815cf0        0x0 c:/software/altera/10.1/nios2eds/bin/gnu/h-i686-mingw32/bin/../lib/gcc/nios2-elf/4.1.2/mno-hw-mul\libgcc.a(_fpcmp_parts_df.o)
 .data          0x00815cf0        0x0 c:/software/altera/10.1/nios2eds/bin/gnu/h-i686-mingw32/bin/../lib/gcc/nios2-elf/4.1.2/mno-hw-mul\libgcc.a(_pack_sf.o)
 .data          0x00815cf0        0x0 ../Lab1_phase1_bsp\libhal_bsp.a(alt_close.o)
 .data          0x00815cf0      0x1a8 ../Lab1_phase1_bsp\libhal_bsp.a(alt_dev.o)
                0x00815cf0                alt_dev_null
                0x00815d18                alt_fd_list
 .data          0x00815e98        0x0 ../Lab1_phase1_bsp\libhal_bsp.a(alt_errno.o)
 .data          0x00815e98        0x0 ../Lab1_phase1_bsp\libhal_bsp.a(alt_fstat.o)
 .data          0x00815e98        0x0 ../Lab1_phase1_bsp\libhal_bsp.a(alt_iic.o)
 .data          0x00815e98        0x0 ../Lab1_phase1_bsp\libhal_bsp.a(alt_iic_isr_register.o)
 .data          0x00815e98        0x0 ../Lab1_phase1_bsp\libhal_bsp.a(alt_irq_entry.o)
 .data          0x00815e98        0x0 ../Lab1_phase1_bsp\libhal_bsp.a(alt_irq_handler.o)
 .data          0x00815e98        0x0 ../Lab1_phase1_bsp\libhal_bsp.a(alt_irq_vars.o)
 .data          0x00815e98        0x0 ../Lab1_phase1_bsp\libhal_bsp.a(alt_isatty.o)
 .data          0x00815e98        0x0 ../Lab1_phase1_bsp\libhal_bsp.a(alt_load.o)
 .data          0x00815e98        0x0 ../Lab1_phase1_bsp\libhal_bsp.a(alt_lseek.o)
 .data          0x00815e98        0x0 ../Lab1_phase1_bsp\libhal_bsp.a(alt_main.o)
 .data          0x00815e98        0x0 ../Lab1_phase1_bsp\libhal_bsp.a(alt_malloc_lock.o)
 .data          0x00815e98        0x0 ../Lab1_phase1_bsp\libhal_bsp.a(alt_open.o)
 .data          0x00815e98        0x0 ../Lab1_phase1_bsp\libhal_bsp.a(alt_read.o)
 .data          0x00815e98        0x0 ../Lab1_phase1_bsp\libhal_bsp.a(alt_release_fd.o)
 .data          0x00815e98        0x0 ../Lab1_phase1_bsp\libhal_bsp.a(alt_sbrk.o)
 .data          0x00815e98        0x0 ../Lab1_phase1_bsp\libhal_bsp.a(alt_usleep.o)
 .data          0x00815e98        0x0 ../Lab1_phase1_bsp\libhal_bsp.a(alt_write.o)
 .data          0x00815e98     0x1180 ../Lab1_phase1_bsp\libhal_bsp.a(alt_sys_init.o)
 .data          0x00817018        0x0 ../Lab1_phase1_bsp\libhal_bsp.a(altera_avalon_jtag_uart_fd.o)
 .data          0x00817018        0x0 ../Lab1_phase1_bsp\libhal_bsp.a(altera_avalon_jtag_uart_init.o)
 .data          0x00817018        0x0 ../Lab1_phase1_bsp\libhal_bsp.a(altera_avalon_jtag_uart_ioctl.o)
 .data          0x00817018        0x0 ../Lab1_phase1_bsp\libhal_bsp.a(altera_avalon_jtag_uart_read.o)
 .data          0x00817018        0x0 ../Lab1_phase1_bsp\libhal_bsp.a(altera_avalon_jtag_uart_write.o)
 .data          0x00817018        0x0 ../Lab1_phase1_bsp\libhal_bsp.a(altera_avalon_lcd_16207.o)
 .data          0x00817018        0x0 ../Lab1_phase1_bsp\libhal_bsp.a(altera_avalon_lcd_16207_fd.o)
 .data          0x00817018        0x0 ../Lab1_phase1_bsp\libhal_bsp.a(altera_avalon_timer_sc.o)
 .data          0x00817018        0x0 ../Lab1_phase1_bsp\libhal_bsp.a(alt_alarm_start.o)
 .data          0x00817018        0x0 ../Lab1_phase1_bsp\libhal_bsp.a(alt_busy_sleep.o)
 .data          0x00817018        0x0 ../Lab1_phase1_bsp\libhal_bsp.a(alt_dcache_flush_all.o)
 .data          0x00817018        0x0 ../Lab1_phase1_bsp\libhal_bsp.a(alt_dev_llist_insert.o)
 .data          0x00817018        0x0 ../Lab1_phase1_bsp\libhal_bsp.a(alt_do_ctors.o)
 .data          0x00817018        0x0 ../Lab1_phase1_bsp\libhal_bsp.a(alt_do_dtors.o)
 .data          0x00817018        0x0 ../Lab1_phase1_bsp\libhal_bsp.a(alt_exception_entry.o)
 .data          0x00817018        0x0 ../Lab1_phase1_bsp\libhal_bsp.a(alt_find_dev.o)
 .data          0x00817018        0x0 ../Lab1_phase1_bsp\libhal_bsp.a(alt_find_file.o)
 .data          0x00817018        0x0 ../Lab1_phase1_bsp\libhal_bsp.a(alt_get_fd.o)
 .data          0x00817018        0x0 ../Lab1_phase1_bsp\libhal_bsp.a(alt_icache_flush_all.o)
 .data          0x00817018        0x0 ../Lab1_phase1_bsp\libhal_bsp.a(alt_io_redirect.o)
 .data          0x00817018        0x0 ../Lab1_phase1_bsp\libhal_bsp.a(alt_tick.o)
 .data          0x00817018        0x0 ../Lab1_phase1_bsp\libhal_bsp.a(altera_nios2_irq.o)
 .data          0x00817018        0x0 ../Lab1_phase1_bsp\libhal_bsp.a(alt_icache_flush.o)
 .data          0x00817018        0x0 c:/software/altera/10.1/nios2eds/bin/gnu/h-i686-mingw32/bin/../lib/gcc/nios2-elf/4.1.2/../../../../nios2-elf/lib/mno-hw-mul\libc.a(lib_a-atexit.o)
 .data          0x00817018        0x0 c:/software/altera/10.1/nios2eds/bin/gnu/h-i686-mingw32/bin/../lib/gcc/nios2-elf/4.1.2/../../../../nios2-elf/lib/mno-hw-mul\libc.a(lib_a-exit.o)
 .data          0x00817018        0x0 c:/software/altera/10.1/nios2eds/bin/gnu/h-i686-mingw32/bin/../lib/gcc/nios2-elf/4.1.2/../../../../nios2-elf/lib/mno-hw-mul\libc.a(lib_a-memcmp.o)
 .data          0x00817018        0x0 c:/software/altera/10.1/nios2eds/bin/gnu/h-i686-mingw32/bin/../lib/gcc/nios2-elf/4.1.2/../../../../nios2-elf/lib/mno-hw-mul\libc.a(lib_a-__atexit.o)
 .data          0x00817018        0x0 c:/software/altera/10.1/nios2eds/bin/gnu/h-i686-mingw32/bin/../lib/gcc/nios2-elf/4.1.2/../../../../nios2-elf/lib/mno-hw-mul\libc.a(lib_a-__call_atexit.o)
 .data          0x00817018        0x0 ../Lab1_phase1_bsp\libhal_bsp.a(alt_exit.o)
                0x0081f018                _gp = ABSOLUTE ((. + 0x8000))
                0x0081f018                PROVIDE (gp, _gp)
 *(.sdata .sdata.* .gnu.linkonce.s.*)
 .sdata         0x00817018        0x8 c:/software/altera/10.1/nios2eds/bin/gnu/h-i686-mingw32/bin/../lib/gcc/nios2-elf/4.1.2/../../../../nios2-elf/lib/mno-hw-mul\libc.a(lib_a-impure.o)
                0x00817018                _impure_ptr
                0x0081701c                _global_impure_ptr
 .sdata         0x00817020        0x8 c:/software/altera/10.1/nios2eds/bin/gnu/h-i686-mingw32/bin/../lib/gcc/nios2-elf/4.1.2/../../../../nios2-elf/lib/mno-hw-mul\libc.a(lib_a-mallocr.o)
                0x00817020                __malloc_trim_threshold
                0x00817024                __malloc_sbrk_base
 .sdata         0x00817028        0x4 c:/software/altera/10.1/nios2eds/bin/gnu/h-i686-mingw32/bin/../lib/gcc/nios2-elf/4.1.2/../../../../nios2-elf/lib/mno-hw-mul\libc.a(lib_a-ctype_.o)
                0x00817028                __ctype_ptr
 .sdata         0x0081702c        0x8 c:/software/altera/10.1/nios2eds/bin/gnu/h-i686-mingw32/bin/../lib/gcc/nios2-elf/4.1.2/../../../../nios2-elf/lib/mno-hw-mul\libc.a(lib_a-locale.o)
                0x0081702c                __mb_cur_max
 .sdata         0x00817034       0x14 ../Lab1_phase1_bsp\libhal_bsp.a(alt_dev.o)
                0x00817034                alt_fs_list
                0x0081703c                alt_dev_list
                0x00817044                alt_max_fd
 .sdata         0x00817048        0x4 ../Lab1_phase1_bsp\libhal_bsp.a(alt_errno.o)
                0x00817048                alt_errno
 .sdata         0x0081704c        0x4 ../Lab1_phase1_bsp\libhal_bsp.a(alt_irq_vars.o)
                0x0081704c                alt_priority_mask
 .sdata         0x00817050        0x4 ../Lab1_phase1_bsp\libhal_bsp.a(alt_sbrk.o)
 .sdata         0x00817054        0x4 ../Lab1_phase1_bsp\libhal_bsp.a(altera_avalon_lcd_16207.o)
 .sdata         0x00817058        0x8 ../Lab1_phase1_bsp\libhal_bsp.a(alt_tick.o)
                0x00817058                alt_alarm_list
 *(.sdata2 .sdata2.* .gnu.linkonce.s2.*)
                0x00817060                . = ALIGN (0x4)
                0x00817060                _edata = ABSOLUTE (.)
                0x00817060                PROVIDE (edata, ABSOLUTE (.))
                0x00817060                PROVIDE (__ram_rwdata_end, ABSOLUTE (.))
                0x00817060                PROVIDE (__flash_rwdata_start, LOADADDR (.rwdata))

.bss            0x00818c1c      0x40c
                0x00818c1c                __bss_start = ABSOLUTE (.)
                0x00818c1c                PROVIDE (__sbss_start, ABSOLUTE (.))
                0x00818c1c                PROVIDE (___sbss_start, ABSOLUTE (.))
 *(.dynsbss)
 *(.sbss .sbss.* .gnu.linkonce.sb.*)
 .sbss          0x00818c1c       0x1a obj/board_diag.o
 *fill*         0x00818c36        0x2 00
 .sbss          0x00818c38        0x4 obj/board_diag.o
                0x00818c38                edge_capture
 .sbss          0x00818c3c        0x4 c:/software/altera/10.1/nios2eds/bin/gnu/h-i686-mingw32/bin/../lib/gcc/nios2-elf/4.1.2/../../../../nios2-elf/lib/mno-hw-mul\libc.a(lib_a-int_errno.o)
                0x00818c3c                errno
 .sbss          0x00818c40        0xc c:/software/altera/10.1/nios2eds/bin/gnu/h-i686-mingw32/bin/../lib/gcc/nios2-elf/4.1.2/../../../../nios2-elf/lib/mno-hw-mul\libc.a(lib_a-mallocr.o)
                0x00818c40                __malloc_top_pad
                0x00818c44                __malloc_max_sbrked_mem
                0x00818c48                __malloc_max_total_mem
 .sbss          0x00818c4c        0xc c:/software/altera/10.1/nios2eds/bin/gnu/h-i686-mingw32/bin/../lib/gcc/nios2-elf/4.1.2/../../../../nios2-elf/lib/mno-hw-mul\libc.a(lib_a-locale.o)
                0x00818c4c                __nlocale_changed
                0x00818c50                __mlocale_changed
                0x00818c54                _PathLocale
 .sbss          0x00818c58        0x4 ../Lab1_phase1_bsp\libhal_bsp.a(alt_irq_vars.o)
                0x00818c58                alt_irq_active
 .sbss          0x00818c5c        0xc ../Lab1_phase1_bsp\libhal_bsp.a(alt_main.o)
                0x00818c5c                alt_argc
                0x00818c60                alt_argv
                0x00818c64                alt_envp
 .sbss          0x00818c68        0x8 ../Lab1_phase1_bsp\libhal_bsp.a(alt_tick.o)
                0x00818c68                _alt_tick_rate
                0x00818c6c                _alt_nticks
 *(.sbss2 .sbss2.* .gnu.linkonce.sb2.*)
 *(.scommon)
                0x00818c70                PROVIDE (__sbss_end, ABSOLUTE (.))
                0x00818c70                PROVIDE (___sbss_end, ABSOLUTE (.))
 *(.dynbss)
 *(.bss .bss.* .gnu.linkonce.b.*)
 .bss           0x00818c70        0x0 ../Lab1_phase1_bsp/obj/HAL/src/crt0.o
 .bss           0x00818c70        0x0 obj/board_diag.o
 .bss           0x00818c70        0x0 c:/software/altera/10.1/nios2eds/bin/gnu/h-i686-mingw32/bin/../lib/gcc/nios2-elf/4.1.2/../../../../nios2-elf/lib/mno-hw-mul\libc.a(lib_a-fclose.o)
 .bss           0x00818c70        0x0 c:/software/altera/10.1/nios2eds/bin/gnu/h-i686-mingw32/bin/../lib/gcc/nios2-elf/4.1.2/../../../../nios2-elf/lib/mno-hw-mul\libc.a(lib_a-fflush.o)
 .bss           0x00818c70        0x0 c:/software/altera/10.1/nios2eds/bin/gnu/h-i686-mingw32/bin/../lib/gcc/nios2-elf/4.1.2/../../../../nios2-elf/lib/mno-hw-mul\libc.a(lib_a-findfp.o)
 .bss           0x00818c70        0x0 c:/software/altera/10.1/nios2eds/bin/gnu/h-i686-mingw32/bin/../lib/gcc/nios2-elf/4.1.2/../../../../nios2-elf/lib/mno-hw-mul\libc.a(lib_a-fopen.o)
 .bss           0x00818c70        0x0 c:/software/altera/10.1/nios2eds/bin/gnu/h-i686-mingw32/bin/../lib/gcc/nios2-elf/4.1.2/../../../../nios2-elf/lib/mno-hw-mul\libc.a(lib_a-fprintf.o)
 .bss           0x00818c70        0x0 c:/software/altera/10.1/nios2eds/bin/gnu/h-i686-mingw32/bin/../lib/gcc/nios2-elf/4.1.2/../../../../nios2-elf/lib/mno-hw-mul\libc.a(lib_a-freer.o)
 .bss           0x00818c70        0x0 c:/software/altera/10.1/nios2eds/bin/gnu/h-i686-mingw32/bin/../lib/gcc/nios2-elf/4.1.2/../../../../nios2-elf/lib/mno-hw-mul\libc.a(lib_a-fseek.o)
 .bss           0x00818c70        0x0 c:/software/altera/10.1/nios2eds/bin/gnu/h-i686-mingw32/bin/../lib/gcc/nios2-elf/4.1.2/../../../../nios2-elf/lib/mno-hw-mul\libc.a(lib_a-fstatr.o)
 .bss           0x00818c70        0x0 c:/software/altera/10.1/nios2eds/bin/gnu/h-i686-mingw32/bin/../lib/gcc/nios2-elf/4.1.2/../../../../nios2-elf/lib/mno-hw-mul\libc.a(lib_a-fwalk.o)
 .bss           0x00818c70        0x0 c:/software/altera/10.1/nios2eds/bin/gnu/h-i686-mingw32/bin/../lib/gcc/nios2-elf/4.1.2/../../../../nios2-elf/lib/mno-hw-mul\libc.a(lib_a-fwrite.o)
 .bss           0x00818c70        0x0 c:/software/altera/10.1/nios2eds/bin/gnu/h-i686-mingw32/bin/../lib/gcc/nios2-elf/4.1.2/../../../../nios2-elf/lib/mno-hw-mul\libc.a(lib_a-getc.o)
 .bss           0x00818c70        0x0 c:/software/altera/10.1/nios2eds/bin/gnu/h-i686-mingw32/bin/../lib/gcc/nios2-elf/4.1.2/../../../../nios2-elf/lib/mno-hw-mul\libc.a(lib_a-impure.o)
 .bss           0x00818c70        0x0 c:/software/altera/10.1/nios2eds/bin/gnu/h-i686-mingw32/bin/../lib/gcc/nios2-elf/4.1.2/../../../../nios2-elf/lib/mno-hw-mul\libc.a(lib_a-int_errno.o)
 .bss           0x00818c70        0x0 c:/software/altera/10.1/nios2eds/bin/gnu/h-i686-mingw32/bin/../lib/gcc/nios2-elf/4.1.2/../../../../nios2-elf/lib/mno-hw-mul\libc.a(lib_a-makebuf.o)
 .bss           0x00818c70       0x28 c:/software/altera/10.1/nios2eds/bin/gnu/h-i686-mingw32/bin/../lib/gcc/nios2-elf/4.1.2/../../../../nios2-elf/lib/mno-hw-mul\libc.a(lib_a-mallocr.o)
                0x00818c70                __malloc_current_mallinfo
 .bss           0x00818c98        0x0 c:/software/altera/10.1/nios2eds/bin/gnu/h-i686-mingw32/bin/../lib/gcc/nios2-elf/4.1.2/../../../../nios2-elf/lib/mno-hw-mul\libc.a(lib_a-memset.o)
 .bss           0x00818c98        0x0 c:/software/altera/10.1/nios2eds/bin/gnu/h-i686-mingw32/bin/../lib/gcc/nios2-elf/4.1.2/../../../../nios2-elf/lib/mno-hw-mul\libc.a(lib_a-openr.o)
 .bss           0x00818c98        0x0 c:/software/altera/10.1/nios2eds/bin/gnu/h-i686-mingw32/bin/../lib/gcc/nios2-elf/4.1.2/../../../../nios2-elf/lib/mno-hw-mul\libc.a(lib_a-printf.o)
 .bss           0x00818c98        0x0 c:/software/altera/10.1/nios2eds/bin/gnu/h-i686-mingw32/bin/../lib/gcc/nios2-elf/4.1.2/../../../../nios2-elf/lib/mno-hw-mul\libc.a(lib_a-putchar.o)
 .bss           0x00818c98        0x0 c:/software/altera/10.1/nios2eds/bin/gnu/h-i686-mingw32/bin/../lib/gcc/nios2-elf/4.1.2/../../../../nios2-elf/lib/mno-hw-mul\libc.a(lib_a-puts.o)
 .bss           0x00818c98        0x0 c:/software/altera/10.1/nios2eds/bin/gnu/h-i686-mingw32/bin/../lib/gcc/nios2-elf/4.1.2/../../../../nios2-elf/lib/mno-hw-mul\libc.a(lib_a-refill.o)
 .bss           0x00818c98        0x0 c:/software/altera/10.1/nios2eds/bin/gnu/h-i686-mingw32/bin/../lib/gcc/nios2-elf/4.1.2/../../../../nios2-elf/lib/mno-hw-mul\libc.a(lib_a-rget.o)
 .bss           0x00818c98        0x0 c:/software/altera/10.1/nios2eds/bin/gnu/h-i686-mingw32/bin/../lib/gcc/nios2-elf/4.1.2/../../../../nios2-elf/lib/mno-hw-mul\libc.a(lib_a-sbrkr.o)
 .bss           0x00818c98        0x0 c:/software/altera/10.1/nios2eds/bin/gnu/h-i686-mingw32/bin/../lib/gcc/nios2-elf/4.1.2/../../../../nios2-elf/lib/mno-hw-mul\libc.a(lib_a-sscanf.o)
 .bss           0x00818c98        0x0 c:/software/altera/10.1/nios2eds/bin/gnu/h-i686-mingw32/bin/../lib/gcc/nios2-elf/4.1.2/../../../../nios2-elf/lib/mno-hw-mul\libc.a(lib_a-stdio.o)
 .bss           0x00818c98        0x0 c:/software/altera/10.1/nios2eds/bin/gnu/h-i686-mingw32/bin/../lib/gcc/nios2-elf/4.1.2/../../../../nios2-elf/lib/mno-hw-mul\libc.a(lib_a-strlen.o)
 .bss           0x00818c98        0x0 c:/software/altera/10.1/nios2eds/bin/gnu/h-i686-mingw32/bin/../lib/gcc/nios2-elf/4.1.2/../../../../nios2-elf/lib/mno-hw-mul\libc.a(lib_a-vfprintf.o)
 .bss           0x00818c98        0x0 c:/software/altera/10.1/nios2eds/bin/gnu/h-i686-mingw32/bin/../lib/gcc/nios2-elf/4.1.2/../../../../nios2-elf/lib/mno-hw-mul\libc.a(lib_a-vfscanf.o)
 .bss           0x00818c98        0x0 c:/software/altera/10.1/nios2eds/bin/gnu/h-i686-mingw32/bin/../lib/gcc/nios2-elf/4.1.2/../../../../nios2-elf/lib/mno-hw-mul\libc.a(lib_a-writer.o)
 .bss           0x00818c98        0x0 c:/software/altera/10.1/nios2eds/bin/gnu/h-i686-mingw32/bin/../lib/gcc/nios2-elf/4.1.2/../../../../nios2-elf/lib/mno-hw-mul\libc.a(lib_a-wsetup.o)
 .bss           0x00818c98        0x0 c:/software/altera/10.1/nios2eds/bin/gnu/h-i686-mingw32/bin/../lib/gcc/nios2-elf/4.1.2/../../../../nios2-elf/lib/mno-hw-mul\libc.a(lib_a-closer.o)
 .bss           0x00818c98        0x0 c:/software/altera/10.1/nios2eds/bin/gnu/h-i686-mingw32/bin/../lib/gcc/nios2-elf/4.1.2/../../../../nios2-elf/lib/mno-hw-mul\libc.a(lib_a-ctype_.o)
 .bss           0x00818c98        0x0 c:/software/altera/10.1/nios2eds/bin/gnu/h-i686-mingw32/bin/../lib/gcc/nios2-elf/4.1.2/../../../../nios2-elf/lib/mno-hw-mul\libc.a(lib_a-dtoa.o)
 .bss           0x00818c98        0x0 c:/software/altera/10.1/nios2eds/bin/gnu/h-i686-mingw32/bin/../lib/gcc/nios2-elf/4.1.2/../../../../nios2-elf/lib/mno-hw-mul\libc.a(lib_a-flags.o)
 .bss           0x00818c98        0x0 c:/software/altera/10.1/nios2eds/bin/gnu/h-i686-mingw32/bin/../lib/gcc/nios2-elf/4.1.2/../../../../nios2-elf/lib/mno-hw-mul\libc.a(lib_a-fread.o)
 .bss           0x00818c98        0x0 c:/software/altera/10.1/nios2eds/bin/gnu/h-i686-mingw32/bin/../lib/gcc/nios2-elf/4.1.2/../../../../nios2-elf/lib/mno-hw-mul\libc.a(lib_a-fvwrite.o)
 .bss           0x00818c98        0x0 c:/software/altera/10.1/nios2eds/bin/gnu/h-i686-mingw32/bin/../lib/gcc/nios2-elf/4.1.2/../../../../nios2-elf/lib/mno-hw-mul\libc.a(lib_a-isattyr.o)
 .bss           0x00818c98        0x0 c:/software/altera/10.1/nios2eds/bin/gnu/h-i686-mingw32/bin/../lib/gcc/nios2-elf/4.1.2/../../../../nios2-elf/lib/mno-hw-mul\libc.a(lib_a-iswspace.o)
 .bss           0x00818c98        0x0 c:/software/altera/10.1/nios2eds/bin/gnu/h-i686-mingw32/bin/../lib/gcc/nios2-elf/4.1.2/../../../../nios2-elf/lib/mno-hw-mul\libc.a(lib_a-locale.o)
 .bss           0x00818c98        0x0 c:/software/altera/10.1/nios2eds/bin/gnu/h-i686-mingw32/bin/../lib/gcc/nios2-elf/4.1.2/../../../../nios2-elf/lib/mno-hw-mul\libc.a(lib_a-lseekr.o)
 .bss           0x00818c98        0x0 c:/software/altera/10.1/nios2eds/bin/gnu/h-i686-mingw32/bin/../lib/gcc/nios2-elf/4.1.2/../../../../nios2-elf/lib/mno-hw-mul\libc.a(lib_a-mbrtowc.o)
 .bss           0x00818c98        0x0 c:/software/altera/10.1/nios2eds/bin/gnu/h-i686-mingw32/bin/../lib/gcc/nios2-elf/4.1.2/../../../../nios2-elf/lib/mno-hw-mul\libc.a(lib_a-mbtowc_r.o)
 .bss           0x00818c98        0x0 c:/software/altera/10.1/nios2eds/bin/gnu/h-i686-mingw32/bin/../lib/gcc/nios2-elf/4.1.2/../../../../nios2-elf/lib/mno-hw-mul\libc.a(lib_a-memchr.o)
 .bss           0x00818c98        0x0 c:/software/altera/10.1/nios2eds/bin/gnu/h-i686-mingw32/bin/../lib/gcc/nios2-elf/4.1.2/../../../../nios2-elf/lib/mno-hw-mul\libc.a(lib_a-memcpy.o)
 .bss           0x00818c98        0x0 c:/software/altera/10.1/nios2eds/bin/gnu/h-i686-mingw32/bin/../lib/gcc/nios2-elf/4.1.2/../../../../nios2-elf/lib/mno-hw-mul\libc.a(lib_a-memmove.o)
 .bss           0x00818c98        0x0 c:/software/altera/10.1/nios2eds/bin/gnu/h-i686-mingw32/bin/../lib/gcc/nios2-elf/4.1.2/../../../../nios2-elf/lib/mno-hw-mul\libc.a(lib_a-mprec.o)
 .bss           0x00818c98        0x0 c:/software/altera/10.1/nios2eds/bin/gnu/h-i686-mingw32/bin/../lib/gcc/nios2-elf/4.1.2/../../../../nios2-elf/lib/mno-hw-mul\libc.a(lib_a-putc.o)
 .bss           0x00818c98        0x0 c:/software/altera/10.1/nios2eds/bin/gnu/h-i686-mingw32/bin/../lib/gcc/nios2-elf/4.1.2/../../../../nios2-elf/lib/mno-hw-mul\libc.a(lib_a-readr.o)
 .bss           0x00818c98        0x0 c:/software/altera/10.1/nios2eds/bin/gnu/h-i686-mingw32/bin/../lib/gcc/nios2-elf/4.1.2/../../../../nios2-elf/lib/mno-hw-mul\libc.a(lib_a-reallocr.o)
 .bss           0x00818c98        0x0 c:/software/altera/10.1/nios2eds/bin/gnu/h-i686-mingw32/bin/../lib/gcc/nios2-elf/4.1.2/../../../../nios2-elf/lib/mno-hw-mul\libc.a(lib_a-s_isinfd.o)
 .bss           0x00818c98        0x0 c:/software/altera/10.1/nios2eds/bin/gnu/h-i686-mingw32/bin/../lib/gcc/nios2-elf/4.1.2/../../../../nios2-elf/lib/mno-hw-mul\libc.a(lib_a-s_isnand.o)
 .bss           0x00818c98        0x0 c:/software/altera/10.1/nios2eds/bin/gnu/h-i686-mingw32/bin/../lib/gcc/nios2-elf/4.1.2/../../../../nios2-elf/lib/mno-hw-mul\libc.a(lib_a-sccl.o)
 .bss           0x00818c98        0x0 c:/software/altera/10.1/nios2eds/bin/gnu/h-i686-mingw32/bin/../lib/gcc/nios2-elf/4.1.2/../../../../nios2-elf/lib/mno-hw-mul\libc.a(lib_a-sf_nan.o)
 .bss           0x00818c98        0x0 c:/software/altera/10.1/nios2eds/bin/gnu/h-i686-mingw32/bin/../lib/gcc/nios2-elf/4.1.2/../../../../nios2-elf/lib/mno-hw-mul\libc.a(lib_a-sprintf.o)
 .bss           0x00818c98        0x0 c:/software/altera/10.1/nios2eds/bin/gnu/h-i686-mingw32/bin/../lib/gcc/nios2-elf/4.1.2/../../../../nios2-elf/lib/mno-hw-mul\libc.a(lib_a-strcmp.o)
 .bss           0x00818c98        0x0 c:/software/altera/10.1/nios2eds/bin/gnu/h-i686-mingw32/bin/../lib/gcc/nios2-elf/4.1.2/../../../../nios2-elf/lib/mno-hw-mul\libc.a(lib_a-strtod.o)
 .bss           0x00818c98        0x0 c:/software/altera/10.1/nios2eds/bin/gnu/h-i686-mingw32/bin/../lib/gcc/nios2-elf/4.1.2/../../../../nios2-elf/lib/mno-hw-mul\libc.a(lib_a-strtol.o)
 .bss           0x00818c98        0x0 c:/software/altera/10.1/nios2eds/bin/gnu/h-i686-mingw32/bin/../lib/gcc/nios2-elf/4.1.2/../../../../nios2-elf/lib/mno-hw-mul\libc.a(lib_a-strtoll_r.o)
 .bss           0x00818c98        0x0 c:/software/altera/10.1/nios2eds/bin/gnu/h-i686-mingw32/bin/../lib/gcc/nios2-elf/4.1.2/../../../../nios2-elf/lib/mno-hw-mul\libc.a(lib_a-strtoul.o)
 .bss           0x00818c98        0x0 c:/software/altera/10.1/nios2eds/bin/gnu/h-i686-mingw32/bin/../lib/gcc/nios2-elf/4.1.2/../../../../nios2-elf/lib/mno-hw-mul\libc.a(lib_a-strtoull_r.o)
 .bss           0x00818c98        0x0 c:/software/altera/10.1/nios2eds/bin/gnu/h-i686-mingw32/bin/../lib/gcc/nios2-elf/4.1.2/../../../../nios2-elf/lib/mno-hw-mul\libc.a(lib_a-ungetc.o)
 .bss           0x00818c98        0x0 c:/software/altera/10.1/nios2eds/bin/gnu/h-i686-mingw32/bin/../lib/gcc/nios2-elf/4.1.2/../../../../nios2-elf/lib/mno-hw-mul\libc.a(lib_a-wbuf.o)
 .bss           0x00818c98        0x0 c:/software/altera/10.1/nios2eds/bin/gnu/h-i686-mingw32/bin/../lib/gcc/nios2-elf/4.1.2/../../../../nios2-elf/lib/mno-hw-mul\libc.a(lib_a-callocr.o)
 .bss           0x00818c98        0x0 c:/software/altera/10.1/nios2eds/bin/gnu/h-i686-mingw32/bin/../lib/gcc/nios2-elf/4.1.2/../../../../nios2-elf/lib/mno-hw-mul\libc.a(lib_a-gdtoa-gethex.o)
 .bss           0x00818c98        0x0 c:/software/altera/10.1/nios2eds/bin/gnu/h-i686-mingw32/bin/../lib/gcc/nios2-elf/4.1.2/../../../../nios2-elf/lib/mno-hw-mul\libc.a(lib_a-gdtoa-hexnan.o)
 .bss           0x00818c98        0x0 c:/software/altera/10.1/nios2eds/bin/gnu/h-i686-mingw32/bin/../lib/gcc/nios2-elf/4.1.2/mno-hw-mul\libgcc.a(_muldi3.o)
 .bss           0x00818c98        0x0 c:/software/altera/10.1/nios2eds/bin/gnu/h-i686-mingw32/bin/../lib/gcc/nios2-elf/4.1.2/mno-hw-mul\libgcc.a(_fixunsdfsi.o)
 .bss           0x00818c98        0x0 c:/software/altera/10.1/nios2eds/bin/gnu/h-i686-mingw32/bin/../lib/gcc/nios2-elf/4.1.2/mno-hw-mul\libgcc.a(_udivdi3.o)
 .bss           0x00818c98        0x0 c:/software/altera/10.1/nios2eds/bin/gnu/h-i686-mingw32/bin/../lib/gcc/nios2-elf/4.1.2/mno-hw-mul\libgcc.a(_umoddi3.o)
 .bss           0x00818c98        0x0 c:/software/altera/10.1/nios2eds/bin/gnu/h-i686-mingw32/bin/../lib/gcc/nios2-elf/4.1.2/mno-hw-mul\libgcc.a(_ne_sf.o)
 .bss           0x00818c98        0x0 c:/software/altera/10.1/nios2eds/bin/gnu/h-i686-mingw32/bin/../lib/gcc/nios2-elf/4.1.2/mno-hw-mul\libgcc.a(_gt_sf.o)
 .bss           0x00818c98        0x0 c:/software/altera/10.1/nios2eds/bin/gnu/h-i686-mingw32/bin/../lib/gcc/nios2-elf/4.1.2/mno-hw-mul\libgcc.a(_lt_sf.o)
 .bss           0x00818c98        0x0 c:/software/altera/10.1/nios2eds/bin/gnu/h-i686-mingw32/bin/../lib/gcc/nios2-elf/4.1.2/mno-hw-mul\libgcc.a(_addsub_df.o)
 .bss           0x00818c98        0x0 c:/software/altera/10.1/nios2eds/bin/gnu/h-i686-mingw32/bin/../lib/gcc/nios2-elf/4.1.2/mno-hw-mul\libgcc.a(_mul_df.o)
 .bss           0x00818c98        0x0 c:/software/altera/10.1/nios2eds/bin/gnu/h-i686-mingw32/bin/../lib/gcc/nios2-elf/4.1.2/mno-hw-mul\libgcc.a(_div_df.o)
 .bss           0x00818c98        0x0 c:/software/altera/10.1/nios2eds/bin/gnu/h-i686-mingw32/bin/../lib/gcc/nios2-elf/4.1.2/mno-hw-mul\libgcc.a(_eq_df.o)
 .bss           0x00818c98        0x0 c:/software/altera/10.1/nios2eds/bin/gnu/h-i686-mingw32/bin/../lib/gcc/nios2-elf/4.1.2/mno-hw-mul\libgcc.a(_ne_df.o)
 .bss           0x00818c98        0x0 c:/software/altera/10.1/nios2eds/bin/gnu/h-i686-mingw32/bin/../lib/gcc/nios2-elf/4.1.2/mno-hw-mul\libgcc.a(_gt_df.o)
 .bss           0x00818c98        0x0 c:/software/altera/10.1/nios2eds/bin/gnu/h-i686-mingw32/bin/../lib/gcc/nios2-elf/4.1.2/mno-hw-mul\libgcc.a(_ge_df.o)
 .bss           0x00818c98        0x0 c:/software/altera/10.1/nios2eds/bin/gnu/h-i686-mingw32/bin/../lib/gcc/nios2-elf/4.1.2/mno-hw-mul\libgcc.a(_lt_df.o)
 .bss           0x00818c98        0x0 c:/software/altera/10.1/nios2eds/bin/gnu/h-i686-mingw32/bin/../lib/gcc/nios2-elf/4.1.2/mno-hw-mul\libgcc.a(_le_df.o)
 .bss           0x00818c98        0x0 c:/software/altera/10.1/nios2eds/bin/gnu/h-i686-mingw32/bin/../lib/gcc/nios2-elf/4.1.2/mno-hw-mul\libgcc.a(_si_to_df.o)
 .bss           0x00818c98        0x0 c:/software/altera/10.1/nios2eds/bin/gnu/h-i686-mingw32/bin/../lib/gcc/nios2-elf/4.1.2/mno-hw-mul\libgcc.a(_df_to_si.o)
 .bss           0x00818c98        0x0 c:/software/altera/10.1/nios2eds/bin/gnu/h-i686-mingw32/bin/../lib/gcc/nios2-elf/4.1.2/mno-hw-mul\libgcc.a(_df_to_sf.o)
 .bss           0x00818c98        0x0 c:/software/altera/10.1/nios2eds/bin/gnu/h-i686-mingw32/bin/../lib/gcc/nios2-elf/4.1.2/mno-hw-mul\libgcc.a(_thenan_df.o)
 .bss           0x00818c98        0x0 c:/software/altera/10.1/nios2eds/bin/gnu/h-i686-mingw32/bin/../lib/gcc/nios2-elf/4.1.2/mno-hw-mul\libgcc.a(_usi_to_df.o)
 .bss           0x00818c98        0x0 c:/software/altera/10.1/nios2eds/bin/gnu/h-i686-mingw32/bin/../lib/gcc/nios2-elf/4.1.2/mno-hw-mul\libgcc.a(lib2-divmod.o)
 .bss           0x00818c98        0x0 c:/software/altera/10.1/nios2eds/bin/gnu/h-i686-mingw32/bin/../lib/gcc/nios2-elf/4.1.2/mno-hw-mul\libgcc.a(lib2-mul.o)
 .bss           0x00818c98        0x0 c:/software/altera/10.1/nios2eds/bin/gnu/h-i686-mingw32/bin/../lib/gcc/nios2-elf/4.1.2/mno-hw-mul\libgcc.a(_clz.o)
 .bss           0x00818c98        0x0 c:/software/altera/10.1/nios2eds/bin/gnu/h-i686-mingw32/bin/../lib/gcc/nios2-elf/4.1.2/mno-hw-mul\libgcc.a(_clzsi2.o)
 .bss           0x00818c98        0x0 c:/software/altera/10.1/nios2eds/bin/gnu/h-i686-mingw32/bin/../lib/gcc/nios2-elf/4.1.2/mno-hw-mul\libgcc.a(_unpack_sf.o)
 .bss           0x00818c98        0x0 c:/software/altera/10.1/nios2eds/bin/gnu/h-i686-mingw32/bin/../lib/gcc/nios2-elf/4.1.2/mno-hw-mul\libgcc.a(_fpcmp_parts_sf.o)
 .bss           0x00818c98        0x0 c:/software/altera/10.1/nios2eds/bin/gnu/h-i686-mingw32/bin/../lib/gcc/nios2-elf/4.1.2/mno-hw-mul\libgcc.a(_make_sf.o)
 .bss           0x00818c98        0x0 c:/software/altera/10.1/nios2eds/bin/gnu/h-i686-mingw32/bin/../lib/gcc/nios2-elf/4.1.2/mno-hw-mul\libgcc.a(_pack_df.o)
 .bss           0x00818c98        0x0 c:/software/altera/10.1/nios2eds/bin/gnu/h-i686-mingw32/bin/../lib/gcc/nios2-elf/4.1.2/mno-hw-mul\libgcc.a(_unpack_df.o)
 .bss           0x00818c98        0x0 c:/software/altera/10.1/nios2eds/bin/gnu/h-i686-mingw32/bin/../lib/gcc/nios2-elf/4.1.2/mno-hw-mul\libgcc.a(_fpcmp_parts_df.o)
 .bss           0x00818c98        0x0 c:/software/altera/10.1/nios2eds/bin/gnu/h-i686-mingw32/bin/../lib/gcc/nios2-elf/4.1.2/mno-hw-mul\libgcc.a(_pack_sf.o)
 .bss           0x00818c98        0x0 ../Lab1_phase1_bsp\libhal_bsp.a(alt_close.o)
 .bss           0x00818c98        0x0 ../Lab1_phase1_bsp\libhal_bsp.a(alt_dev.o)
 .bss           0x00818c98        0x0 ../Lab1_phase1_bsp\libhal_bsp.a(alt_errno.o)
 .bss           0x00818c98        0x0 ../Lab1_phase1_bsp\libhal_bsp.a(alt_fstat.o)
 .bss           0x00818c98        0x0 ../Lab1_phase1_bsp\libhal_bsp.a(alt_iic.o)
 .bss           0x00818c98        0x0 ../Lab1_phase1_bsp\libhal_bsp.a(alt_iic_isr_register.o)
 .bss           0x00818c98        0x0 ../Lab1_phase1_bsp\libhal_bsp.a(alt_irq_entry.o)
 .bss           0x00818c98        0x0 ../Lab1_phase1_bsp\libhal_bsp.a(alt_irq_handler.o)
 .bss           0x00818c98        0x0 ../Lab1_phase1_bsp\libhal_bsp.a(alt_irq_vars.o)
 .bss           0x00818c98        0x0 ../Lab1_phase1_bsp\libhal_bsp.a(alt_isatty.o)
 .bss           0x00818c98        0x0 ../Lab1_phase1_bsp\libhal_bsp.a(alt_load.o)
 .bss           0x00818c98        0x0 ../Lab1_phase1_bsp\libhal_bsp.a(alt_lseek.o)
 .bss           0x00818c98        0x0 ../Lab1_phase1_bsp\libhal_bsp.a(alt_main.o)
 .bss           0x00818c98        0x0 ../Lab1_phase1_bsp\libhal_bsp.a(alt_malloc_lock.o)
 .bss           0x00818c98        0x0 ../Lab1_phase1_bsp\libhal_bsp.a(alt_open.o)
 .bss           0x00818c98        0x0 ../Lab1_phase1_bsp\libhal_bsp.a(alt_read.o)
 .bss           0x00818c98        0x0 ../Lab1_phase1_bsp\libhal_bsp.a(alt_release_fd.o)
 .bss           0x00818c98        0x0 ../Lab1_phase1_bsp\libhal_bsp.a(alt_sbrk.o)
 .bss           0x00818c98        0x0 ../Lab1_phase1_bsp\libhal_bsp.a(alt_usleep.o)
 .bss           0x00818c98        0x0 ../Lab1_phase1_bsp\libhal_bsp.a(alt_write.o)
 .bss           0x00818c98        0x0 ../Lab1_phase1_bsp\libhal_bsp.a(alt_sys_init.o)
 .bss           0x00818c98        0x0 ../Lab1_phase1_bsp\libhal_bsp.a(altera_avalon_jtag_uart_fd.o)
 .bss           0x00818c98        0x0 ../Lab1_phase1_bsp\libhal_bsp.a(altera_avalon_jtag_uart_init.o)
 .bss           0x00818c98        0x0 ../Lab1_phase1_bsp\libhal_bsp.a(altera_avalon_jtag_uart_ioctl.o)
 .bss           0x00818c98        0x0 ../Lab1_phase1_bsp\libhal_bsp.a(altera_avalon_jtag_uart_read.o)
 .bss           0x00818c98        0x0 ../Lab1_phase1_bsp\libhal_bsp.a(altera_avalon_jtag_uart_write.o)
 .bss           0x00818c98        0x0 ../Lab1_phase1_bsp\libhal_bsp.a(altera_avalon_lcd_16207.o)
 .bss           0x00818c98        0x0 ../Lab1_phase1_bsp\libhal_bsp.a(altera_avalon_lcd_16207_fd.o)
 .bss           0x00818c98        0x0 ../Lab1_phase1_bsp\libhal_bsp.a(altera_avalon_timer_sc.o)
 .bss           0x00818c98        0x0 ../Lab1_phase1_bsp\libhal_bsp.a(alt_alarm_start.o)
 .bss           0x00818c98        0x0 ../Lab1_phase1_bsp\libhal_bsp.a(alt_busy_sleep.o)
 .bss           0x00818c98        0x0 ../Lab1_phase1_bsp\libhal_bsp.a(alt_dcache_flush_all.o)
 .bss           0x00818c98        0x0 ../Lab1_phase1_bsp\libhal_bsp.a(alt_dev_llist_insert.o)
 .bss           0x00818c98        0x0 ../Lab1_phase1_bsp\libhal_bsp.a(alt_do_ctors.o)
 .bss           0x00818c98        0x0 ../Lab1_phase1_bsp\libhal_bsp.a(alt_do_dtors.o)
 .bss           0x00818c98        0x0 ../Lab1_phase1_bsp\libhal_bsp.a(alt_exception_entry.o)
 .bss           0x00818c98        0x0 ../Lab1_phase1_bsp\libhal_bsp.a(alt_find_dev.o)
 .bss           0x00818c98        0x0 ../Lab1_phase1_bsp\libhal_bsp.a(alt_find_file.o)
 .bss           0x00818c98        0x0 ../Lab1_phase1_bsp\libhal_bsp.a(alt_get_fd.o)
 .bss           0x00818c98        0x0 ../Lab1_phase1_bsp\libhal_bsp.a(alt_icache_flush_all.o)
 .bss           0x00818c98        0x0 ../Lab1_phase1_bsp\libhal_bsp.a(alt_io_redirect.o)
 .bss           0x00818c98        0x0 ../Lab1_phase1_bsp\libhal_bsp.a(alt_tick.o)
 .bss           0x00818c98        0x0 ../Lab1_phase1_bsp\libhal_bsp.a(altera_nios2_irq.o)
 .bss           0x00818c98        0x0 ../Lab1_phase1_bsp\libhal_bsp.a(alt_icache_flush.o)